Archive member included to satisfy reference by file (symbol)

D:/RA/toolchains/gcc_arm/13.2.rel1/bin/../lib/gcc/arm-none-eabi/13.2.1/thumb/v8-m.main+fp/hard\libgcc.a(_arm_muldf3.o)
                              ./src/devices/ADXL345/dev_adxl345.o (__aeabi_dmul)
D:/RA/toolchains/gcc_arm/13.2.rel1/bin/../lib/gcc/arm-none-eabi/13.2.1/thumb/v8-m.main+fp/hard\libgcc.a(_arm_addsubdf3.o)
                              ./src/devices/ADXL345/dev_adxl345.o (__aeabi_i2d)
D:/RA/toolchains/gcc_arm/13.2.rel1/bin/../lib/gcc/arm-none-eabi/13.2.1/thumb/v8-m.main+fp/hard\libgcc.a(_arm_truncdfsf2.o)
                              ./src/devices/ADXL345/dev_adxl345.o (__aeabi_d2f)
D:/RA/toolchains/gcc_arm/13.2.rel1/bin/../lib/gcc/arm-none-eabi/13.2.1/thumb/v8-m.main+fp/hard\libgcc.a(_aeabi_ldivmod.o)
                              ./ra/fsp/src/r_sci_uart/r_sci_uart.o (__aeabi_ldivmod)
D:/RA/toolchains/gcc_arm/13.2.rel1/bin/../lib/gcc/arm-none-eabi/13.2.1/thumb/v8-m.main+fp/hard\libgcc.a(_udivmoddi4.o)
                              D:/RA/toolchains/gcc_arm/13.2.rel1/bin/../lib/gcc/arm-none-eabi/13.2.1/thumb/v8-m.main+fp/hard\libgcc.a(_aeabi_ldivmod.o) (__udivmoddi4)
D:/RA/toolchains/gcc_arm/13.2.rel1/bin/../lib/gcc/arm-none-eabi/13.2.1/thumb/v8-m.main+fp/hard\libgcc.a(_dvmd_tls.o)
                              D:/RA/toolchains/gcc_arm/13.2.rel1/bin/../lib/gcc/arm-none-eabi/13.2.1/thumb/v8-m.main+fp/hard\libgcc.a(_aeabi_ldivmod.o) (__aeabi_ldiv0)
D:/RA/toolchains/gcc_arm/13.2.rel1/bin/../lib/gcc/arm-none-eabi/13.2.1/thumb/v8-m.main+fp/hard\libg_nano.a(libc_a-exit.o)
                              D:/RA/toolchains/gcc_arm/13.2.rel1/bin/../lib/gcc/arm-none-eabi/13.2.1/thumb/v8-m.main+fp/hard/crt0.o (exit)
D:/RA/toolchains/gcc_arm/13.2.rel1/bin/../lib/gcc/arm-none-eabi/13.2.1/thumb/v8-m.main+fp/hard\libg_nano.a(libc_a-malloc.o)
                              ./src/libs/ring_buffer/ring_buffer.o (malloc)
D:/RA/toolchains/gcc_arm/13.2.rel1/bin/../lib/gcc/arm-none-eabi/13.2.1/thumb/v8-m.main+fp/hard\libg_nano.a(libc_a-mallocr.o)
                              D:/RA/toolchains/gcc_arm/13.2.rel1/bin/../lib/gcc/arm-none-eabi/13.2.1/thumb/v8-m.main+fp/hard\libg_nano.a(libc_a-malloc.o) (_malloc_r)
D:/RA/toolchains/gcc_arm/13.2.rel1/bin/../lib/gcc/arm-none-eabi/13.2.1/thumb/v8-m.main+fp/hard\libg_nano.a(libc_a-mlock.o)
                              D:/RA/toolchains/gcc_arm/13.2.rel1/bin/../lib/gcc/arm-none-eabi/13.2.1/thumb/v8-m.main+fp/hard\libg_nano.a(libc_a-mallocr.o) (__malloc_lock)
D:/RA/toolchains/gcc_arm/13.2.rel1/bin/../lib/gcc/arm-none-eabi/13.2.1/thumb/v8-m.main+fp/hard\libg_nano.a(libc_a-rand.o)
                              ./src/rai/example.o (rand)
D:/RA/toolchains/gcc_arm/13.2.rel1/bin/../lib/gcc/arm-none-eabi/13.2.1/thumb/v8-m.main+fp/hard\libg_nano.a(libc_a-findfp.o)
                              D:/RA/toolchains/gcc_arm/13.2.rel1/bin/../lib/gcc/arm-none-eabi/13.2.1/thumb/v8-m.main+fp/hard\libg_nano.a(libc_a-exit.o) (__stdio_exit_handler)
D:/RA/toolchains/gcc_arm/13.2.rel1/bin/../lib/gcc/arm-none-eabi/13.2.1/thumb/v8-m.main+fp/hard\libg_nano.a(libc_a-fwalk.o)
                              D:/RA/toolchains/gcc_arm/13.2.rel1/bin/../lib/gcc/arm-none-eabi/13.2.1/thumb/v8-m.main+fp/hard\libg_nano.a(libc_a-findfp.o) (_fwalk_sglue)
D:/RA/toolchains/gcc_arm/13.2.rel1/bin/../lib/gcc/arm-none-eabi/13.2.1/thumb/v8-m.main+fp/hard\libg_nano.a(libc_a-printf.o)
                              ./src/rai/example.o (printf)
D:/RA/toolchains/gcc_arm/13.2.rel1/bin/../lib/gcc/arm-none-eabi/13.2.1/thumb/v8-m.main+fp/hard\libg_nano.a(libc_a-puts.o)
                              ./src/rai/example.o (puts)
D:/RA/toolchains/gcc_arm/13.2.rel1/bin/../lib/gcc/arm-none-eabi/13.2.1/thumb/v8-m.main+fp/hard\libg_nano.a(libc_a-stdio.o)
                              D:/RA/toolchains/gcc_arm/13.2.rel1/bin/../lib/gcc/arm-none-eabi/13.2.1/thumb/v8-m.main+fp/hard\libg_nano.a(libc_a-findfp.o) (__sread)
D:/RA/toolchains/gcc_arm/13.2.rel1/bin/../lib/gcc/arm-none-eabi/13.2.1/thumb/v8-m.main+fp/hard\libg_nano.a(libc_a-vsprintf.o)
                              ./src/debug_uart/debug_uart.o (vsprintf)
D:/RA/toolchains/gcc_arm/13.2.rel1/bin/../lib/gcc/arm-none-eabi/13.2.1/thumb/v8-m.main+fp/hard\libg_nano.a(libc_a-wbuf.o)
                              D:/RA/toolchains/gcc_arm/13.2.rel1/bin/../lib/gcc/arm-none-eabi/13.2.1/thumb/v8-m.main+fp/hard\libg_nano.a(libc_a-puts.o) (__swbuf_r)
D:/RA/toolchains/gcc_arm/13.2.rel1/bin/../lib/gcc/arm-none-eabi/13.2.1/thumb/v8-m.main+fp/hard\libg_nano.a(libc_a-wsetup.o)
                              D:/RA/toolchains/gcc_arm/13.2.rel1/bin/../lib/gcc/arm-none-eabi/13.2.1/thumb/v8-m.main+fp/hard\libg_nano.a(libc_a-puts.o) (__swsetup_r)
D:/RA/toolchains/gcc_arm/13.2.rel1/bin/../lib/gcc/arm-none-eabi/13.2.1/thumb/v8-m.main+fp/hard\libg_nano.a(libc_a-memset.o)
                              D:/RA/toolchains/gcc_arm/13.2.rel1/bin/../lib/gcc/arm-none-eabi/13.2.1/thumb/v8-m.main+fp/hard/crt0.o (memset)
[...]
Memory Configuration

Name             Origin             Length             Attributes
RAM              0x20000000         0x00080000         xrw
FLASH            0x00000000         0x00200000         xr
DATA_FLASH       0x08000000         0x00002000         xr
QSPI_FLASH       0x60000000         0x04000000         xr
OSPI0_CS0        0x68000000         0x08000000         xrw
OSPI0_CS1        0x70000000         0x10000000         xr
OPTION_SETTING_OFS0 0x0100a100         0x00000004         r
OPTION_SETTING_DUALSEL 0x0100a110         0x00000004         r
OPTION_SETTING_OFS1 0x0100a180         0x00000004         r
OPTION_SETTING_BANKSEL 0x0100a190         0x00000004         r
OPTION_SETTING_BPS 0x0100a1c0         0x00000010         r
OPTION_SETTING_PBPS 0x0100a1e0         0x00000010         r
OPTION_SETTING_OFS1_SEC 0x0100a200         0x00000004         r
OPTION_SETTING_BANKSEL_SEC 0x0100a210         0x00000004         r
OPTION_SETTING_BPS_SEC 0x0100a240         0x00000010         r
OPTION_SETTING_PBPS_SEC 0x0100a260         0x00000010         r
OPTION_SETTING_OFS1_SEL 0x0100a280         0x00000004         r
OPTION_SETTING_BANKSEL_SEL 0x0100a290         0x00000004         r
OPTION_SETTING_BPS_SEL 0x0100a2c0         0x00000010         r
*default*        0x00000000         0xffffffff

Linker script and memory map

LOAD D:/RA/toolchains/gcc_arm/13.2.rel1/bin/../lib/gcc/arm-none-eabi/13.2.1/thumb/v8-m.main+fp/hard/crti.o
LOAD D:/RA/toolchains/gcc_arm/13.2.rel1/bin/../lib/gcc/arm-none-eabi/13.2.1/thumb/v8-m.main+fp/hard/crtbegin.o
LOAD D:/RA/toolchains/gcc_arm/13.2.rel1/bin/../lib/gcc/arm-none-eabi/13.2.1/thumb/v8-m.main+fp/hard/crt0.o
START GROUP
LOAD ./src/rai/Motor_monitor_1_model.o
LOAD ./src/rai/example.o
LOAD ./src/libs/ring_buffer/ring_buffer.o
LOAD ./src/libs/delay/delay.o
LOAD ./src/led/app_led.o
LOAD ./src/key/app_key.o
LOAD ./src/drivers/drv_gpio.o
LOAD ./src/drivers/drv_spi.o
LOAD ./src/drivers/drv_systick.o
LOAD ./src/devices/ADXL345/dev_adxl345.o
LOAD ./src/devices/dev_gpio.o
LOAD ./src/devices/dev_spi.o
LOAD ./src/devices/dev_timer.o
LOAD ./src/debug_uart/debug_uart.o
LOAD ./src/applications/app_adxl345.o
LOAD ./src/SEGGER_RTT/SEGGER_RTT.o
LOAD ./src/SEGGER_RTT/SEGGER_RTT_printf.o
LOAD ./src/buding.o
LOAD ./src/hal_entry.o
LOAD ./src/hal_warmstart.o
LOAD ./ra_gen/common_data.o
LOAD ./ra_gen/hal_data.o
LOAD ./ra_gen/main.o
LOAD ./ra_gen/pin_data.o
LOAD ./ra_gen/vector_data.o
LOAD ./ra/fsp/src/rm_rai_data_shipper/rm_rai_data_shipper.o
LOAD ./ra/fsp/src/rm_rai_data_collector/rm_rai_data_collector.o
LOAD ./ra/fsp/src/rm_comms_uart/rm_comms_uart.o
LOAD ./ra/fsp/src/rm_comms_lock/rm_comms_lock.o
LOAD ./ra/fsp/src/r_spi/r_spi.o
LOAD ./ra/fsp/src/r_sci_uart/r_sci_uart.o
LOAD ./ra/fsp/src/r_ioport/r_ioport.o
LOAD ./ra/fsp/src/bsp/mcu/ra6m5/bsp_linker.o
LOAD ./ra/fsp/src/bsp/mcu/all/bsp_clocks.o
LOAD ./ra/fsp/src/bsp/mcu/all/bsp_common.o
LOAD ./ra/fsp/src/bsp/mcu/all/bsp_delay.o
LOAD ./ra/fsp/src/bsp/mcu/all/bsp_group_irq.o
LOAD ./ra/fsp/src/bsp/mcu/all/bsp_guard.o
LOAD ./ra/fsp/src/bsp/mcu/all/bsp_io.o
LOAD ./ra/fsp/src/bsp/mcu/all/bsp_ipc.o
LOAD ./ra/fsp/src/bsp/mcu/all/bsp_irq.o
LOAD ./ra/fsp/src/bsp/mcu/all/bsp_macl.o
LOAD ./ra/fsp/src/bsp/mcu/all/bsp_ospi_b.o
LOAD ./ra/fsp/src/bsp/mcu/all/bsp_register_protection.o
LOAD ./ra/fsp/src/bsp/mcu/all/bsp_sbrk.o
LOAD ./ra/fsp/src/bsp/mcu/all/bsp_sdram.o
LOAD ./ra/fsp/src/bsp/mcu/all/bsp_security.o
LOAD ./ra/fsp/src/bsp/cmsis/Device/RENESAS/Source/startup.o
LOAD ./ra/fsp/src/bsp/cmsis/Device/RENESAS/Source/system.o
END GROUP
START GROUP
LOAD D:/RA/toolchains/gcc_arm/13.2.rel1/bin/../lib/gcc/arm-none-eabi/13.2.1/thumb/v8-m.main+fp/hard\libgcc.a
LOAD D:/RA/toolchains/gcc_arm/13.2.rel1/bin/../lib/gcc/arm-none-eabi/13.2.1/thumb/v8-m.main+fp/hard\libg_nano.a
LOAD D:/RA/toolchains/gcc_arm/13.2.rel1/bin/../lib/gcc/arm-none-eabi/13.2.1/thumb/v8-m.main+fp/hard\libc_nano.a
END GROUP
START GROUP
LOAD D:/RA/toolchains/gcc_arm/13.2.rel1/bin/../lib/gcc/arm-none-eabi/13.2.1/thumb/v8-m.main+fp/hard\libgcc.a
LOAD D:/RA/toolchains/gcc_arm/13.2.rel1/bin/../lib/gcc/arm-none-eabi/13.2.1/thumb/v8-m.main+fp/hard\libc_nano.a
END GROUP
LOAD D:/RA/toolchains/gcc_arm/13.2.rel1/bin/../lib/gcc/arm-none-eabi/13.2.1/thumb/v8-m.main+fp/hard/crtend.o
LOAD D:/RA/toolchains/gcc_arm/13.2.rel1/bin/../lib/gcc/arm-none-eabi/13.2.1/thumb/v8-m.main+fp/hard/crtn.o
                0x20000000                        RAM_START = 0x20000000
                0x00080000                        RAM_LENGTH = 0x80000
                0x00000000                        FLASH_START = 0x0
                0x00200000                        FLASH_LENGTH = 0x200000
                0x08000000                        DATA_FLASH_START = 0x8000000
                0x00002000                        DATA_FLASH_LENGTH = 0x2000
                0x60000000                        QSPI_FLASH_START = 0x60000000
                0x04000000                        QSPI_FLASH_LENGTH = 0x4000000
                0x68000000                        OSPI0_CS0_START = 0x68000000
                0x08000000                        OSPI0_CS0_LENGTH = 0x8000000
                0x70000000                        OSPI0_CS1_START = 0x70000000
                0x10000000                        OSPI0_CS1_LENGTH = 0x10000000
                0x0100a100                        OPTION_SETTING_OFS0_START = 0x100a100
                0x00000004                        OPTION_SETTING_OFS0_LENGTH = 0x4
                0x0100a110                        OPTION_SETTING_DUALSEL_START = 0x100a110
                0x00000004                        OPTION_SETTING_DUALSEL_LENGTH = 0x4
                0x0100a180                        OPTION_SETTING_OFS1_START = 0x100a180
                0x00000004                        OPTION_SETTING_OFS1_LENGTH = 0x4
                0x0100a190                        OPTION_SETTING_BANKSEL_START = 0x100a190
                0x00000004                        OPTION_SETTING_BANKSEL_LENGTH = 0x4
                0x0100a1c0                        OPTION_SETTING_BPS_START = 0x100a1c0
                0x00000010                        OPTION_SETTING_BPS_LENGTH = 0x10
                0x0100a1e0                        OPTION_SETTING_PBPS_START = 0x100a1e0
                0x00000010                        OPTION_SETTING_PBPS_LENGTH = 0x10
                0x0100a200                        OPTION_SETTING_OFS1_SEC_START = 0x100a200
                0x00000004                        OPTION_SETTING_OFS1_SEC_LENGTH = 0x4
                0x0100a210                        OPTION_SETTING_BANKSEL_SEC_START = 0x100a210
                0x00000004                        OPTION_SETTING_BANKSEL_SEC_LENGTH = 0x4
                0x0100a240                        OPTION_SETTING_BPS_SEC_START = 0x100a240
                0x00000010                        OPTION_SETTING_BPS_SEC_LENGTH = 0x10
                0x0100a260                        OPTION_SETTING_PBPS_SEC_START = 0x100a260
                0x00000010                        OPTION_SETTING_PBPS_SEC_LENGTH = 0x10
                0x0100a280                        OPTION_SETTING_OFS1_SEL_START = 0x100a280
                0x00000004                        OPTION_SETTING_OFS1_SEL_LENGTH = 0x4
                0x0100a290                        OPTION_SETTING_BANKSEL_SEL_START = 0x100a290
                0x00000004                        OPTION_SETTING_BANKSEL_SEL_LENGTH = 0x4
                0x0100a2c0                        OPTION_SETTING_BPS_SEL_START = 0x100a2c0
                0x00000010                        OPTION_SETTING_BPS_SEL_LENGTH = 0x10
START GROUP
LOAD D:/RA/toolchains/gcc_arm/13.2.rel1/bin/../lib/gcc/arm-none-eabi/13.2.1/thumb/v8-m.main+fp/hard\libgcc.a
LOAD D:/RA/toolchains/gcc_arm/13.2.rel1/bin/../lib/gcc/arm-none-eabi/13.2.1/thumb/v8-m.main+fp/hard\libc.a
LOAD D:/RA/toolchains/gcc_arm/13.2.rel1/bin/../lib/gcc/arm-none-eabi/13.2.1/thumb/v8-m.main+fp/hard\libm.a
END GROUP

.qspi_flash.startof
                0x60000000        0x0
                0x60000000                        __ddsc_QSPI_FLASH_START = .

.ospi0_cs0.startof
                0x68000000        0x0
                0x68000000                        __ddsc_OSPI0_CS0_START = .

__ospi0_cs0_from_qspi_flash$$
                0x68000000        0x0 load address 0x60000000
                0x68000000                        __ospi0_cs0_from_qspi_flash$$Base = .
                0x60000000                        __ospi0_cs0_from_qspi_flash$$Load = LOADADDR (__ospi0_cs0_from_qspi_flash$$)
 *(.ospi0_cs0_from_qspi_flash)
 *(.ospi0_cs0_code_from_qspi_flash)
                0x68000000                        __ospi0_cs0_from_qspi_flash$$Limit = .

.ram.startof    0x20000000        0x0
                0x20000000                        __ddsc_RAM_START = .

__ram_dtc_vector$$
                0x20000000        0x0
                0x20000000                        __ram_dtc_vector$$Base = .
 *(.fsp_dtc_vector_table)
                0x20000000                        __ram_dtc_vector$$Limit = .

__ram_from_qspi_flash$$
                0x20000000        0x0 load address 0x60000000
                0x20000000                        __ram_from_qspi_flash$$Base = .
                0x60000000                        __ram_from_qspi_flash$$Load = LOADADDR (__ram_from_qspi_flash$$)
 *(.ram_from_qspi_flash)
 *(.ram_code_from_qspi_flash)
                0x20000000                        __ram_from_qspi_flash$$Limit = .

__qspi_flash_readonly$$
                0x60000000        0x0
                0x60000000                        __qspi_flash_readonly$$Base = .
 *(.qspi_flash)
 *(.qspi_flash_code)
                0x60000000                        __qspi_flash_readonly$$Limit = .

__qspi_flash_noinit$$
                0x60000000        0x0
                0x60000000                        __qspi_flash_noinit$$Base = .
 *(.qspi_flash_noinit)
                0x60000000                        __qspi_flash_noinit$$Limit = .

.qspi_flash.endof
                0x60000000        0x0
                0x60000000                        __ddsc_QSPI_FLASH_END = .

.ospi0_cs1.startof
                0x70000000        0x0
                0x70000000                        __ddsc_OSPI0_CS1_START = .

__ospi0_cs0_from_ospi0_cs1$$
                0x68000000        0x0 load address 0x70000000
                0x68000000                        __ospi0_cs0_from_ospi0_cs1$$Base = .
                0x70000000                        __ospi0_cs0_from_ospi0_cs1$$Load = LOADADDR (__ospi0_cs0_from_ospi0_cs1$$)
 *(.ospi0_cs0_from_ospi0_cs1)
 *(.ospi0_cs0_code_from_ospi0_cs1)
                0x68000000                        __ospi0_cs0_from_ospi0_cs1$$Limit = .

__ram_from_ospi0_cs1$$
                0x20000000        0x0 load address 0x70000000
                0x20000000                        __ram_from_ospi0_cs1$$Base = .
                0x70000000                        __ram_from_ospi0_cs1$$Load = LOADADDR (__ram_from_ospi0_cs1$$)
 *(.ram_from_ospi0_cs1)
 *(.ram_code_from_ospi0_cs1)
                0x20000000                        __ram_from_ospi0_cs1$$Limit = .

__ospi0_cs1_readonly$$
                0x70000000        0x0
                0x70000000                        __ospi0_cs1_readonly$$Base = .
 *(.ospi0_cs1)
 *(.ospi0_cs1_code)
                0x70000000                        __ospi0_cs1_readonly$$Limit = .

__ospi0_cs1_noinit$$
                0x70000000        0x0
                0x70000000                        __ospi0_cs1_noinit$$Base = .
 *(.ospi0_cs1_noinit)
                0x70000000                        __ospi0_cs1_noinit$$Limit = .

.ospi0_cs1.endof
                0x70000000        0x0
                0x70000000                        __ddsc_OSPI0_CS1_END = .

.data_flash.startof
                0x08000000        0x0
                0x08000000                        __ddsc_DATA_FLASH_START = .

__ospi0_cs0_from_data_flash$$
                0x68000000        0x0 load address 0x08000000
                0x68000000                        __ospi0_cs0_from_data_flash$$Base = .
                0x08000000                        __ospi0_cs0_from_data_flash$$Load = LOADADDR (__ospi0_cs0_from_data_flash$$)
 *(.ospi0_cs0_from_data_flash)
 *(.ospi0_cs0_code_from_data_flash)
                0x68000000                        __ospi0_cs0_from_data_flash$$Limit = .

__ram_from_data_flash$$
                0x20000000        0x0 load address 0x08000000
                0x20000000                        __ram_from_data_flash$$Base = .
                0x08000000                        __ram_from_data_flash$$Load = LOADADDR (__ram_from_data_flash$$)
 *(.ram_from_data_flash)
 *(.ram_code_from_data_flash)
                0x20000000                        __ram_from_data_flash$$Limit = .

__data_flash_readonly$$
                0x08000000        0x0
                0x08000000                        __data_flash_readonly$$Base = .
 *(.data_flash)
 *(.data_flash_code)
                0x08000000                        __data_flash_readonly$$Limit = .

__data_flash_noinit$$
                0x08000000        0x0
                0x08000000                        __data_flash_noinit$$Base = .
 *(.data_flash_noinit)
                0x08000000                        __data_flash_noinit$$Limit = .

.data_flash.endof
                0x08000000        0x0
                0x08000000                        __ddsc_DATA_FLASH_END = .

.flash.startof  0x00000000        0x0
                0x00000000                        __ddsc_FLASH_START = .

__flash_vectors$$
                0x00000000       0x80
                0x00000000                        __flash_vectors$$Base = .
                0x00000000                        _VECTORS = .
 *(.fixed_vectors)
 .fixed_vectors
                0x00000000       0x40 ./ra/fsp/src/bsp/cmsis/Device/RENESAS/Source/startup.o
                0x00000000                __Vectors
 *(.application_vectors)
 .application_vectors
                0x00000040       0x40 ./ra_gen/vector_data.o
                0x00000040                g_vector_table
                0x00000080                        __flash_vectors$$Limit = .

__flash_noinit$$
                0x00000080        0x0
                0x00000080                        __flash_noinit$$Base = .
 *(.flash_noinit)
                0x00000080                        __flash_noinit$$Limit = .

__ospi0_cs0_from_flash$$
                0x68000000        0x0 load address 0x00000080
                0x68000000                        __ospi0_cs0_from_flash$$Base = .
                0x00000080                        __ospi0_cs0_from_flash$$Load = LOADADDR (__ospi0_cs0_from_flash$$)
 *(.ospi0_cs0_from_flash)
 *(.ospi0_cs0_code_from_flash)
                0x68000000                        __ospi0_cs0_from_flash$$Limit = .

__ospi0_cs0_noinit_nocache$$
                0x68000000        0x0 load address 0x00000080
                0x68000000                        __ospi0_cs0_noinit_nocache$$Base = .
 *(.ospi0_cs0_noinit_nocache)
                0x68000000                        __ospi0_cs0_noinit_nocache$$Limit = .

__ospi0_cs0_zero_nocache$$
                0x68000000        0x0 load address 0x00000080
                0x68000000                        __ospi0_cs0_zero_nocache$$Base = .
 *(.ospi0_cs0_nocache)
                0x68000000                        . = ALIGN (0x20)
                0x68000000                        __ospi0_cs0_zero_nocache$$Limit = .

__ospi0_cs0_noinit$$
                0x68000000        0x0 load address 0x00000080
                0x68000000                        __ospi0_cs0_noinit$$Base = .
 *(.ospi0_cs0_noinit)
                0x68000000                        __ospi0_cs0_noinit$$Limit = .

__ospi0_cs0_zero$$
                0x68000000        0x0 load address 0x00000080
                0x68000000                        __ospi0_cs0_zero$$Base = .
 *(.ospi0_cs0)
                0x68000000                        __ospi0_cs0_zero$$Limit = .

.ospi0_cs0.endof
                0x68000000        0x0
                0x68000000                        __ddsc_OSPI0_CS0_END = .

__ram_from_flash$$
                0x20000000      0x118 load address 0x00000080
                0x20000000                        __ram_from_flash$$Base = .
                0x00000080                        __ram_from_flash$$Load = LOADADDR (__ram_from_flash$$)
 *(.ram_from_flash)
 *(.ram_code_from_flash)
 *(.data*)
 .data.gADXINT1Dev
                0x20000000       0x1c ./src/drivers/drv_gpio.o
 .data.gADXLCSDev
                0x2000001c       0x1c ./src/drivers/drv_gpio.o
 .data.gSPIDevice
                0x20000038       0x1c ./src/drivers/drv_spi.o
 .data.gSystickDevice
                0x20000054       0x20 ./src/drivers/drv_systick.o
 .data.gADXL345
                0x20000074       0x24 ./src/devices/ADXL345/dev_adxl345.o
 .data.g_comms_uart7_extended_cfg
                0x20000098        0x4 ./ra_gen/common_data.o
                0x20000098                g_comms_uart7_extended_cfg
 .data.g_uart7_baud_setting
                0x2000009c        0x4 ./ra_gen/common_data.o
                0x2000009c                g_uart7_baud_setting
 .data.g_rai_data_collector0_extended_cfg
                0x200000a0        0xc ./ra_gen/common_data.o
                0x200000a0                g_rai_data_collector0_extended_cfg
 .data.g_rai_data_collector0_frame_buf
                0x200000ac       0x18 ./ra_gen/common_data.o
                0x200000ac                g_rai_data_collector0_frame_buf
 .data.g_uart9_baud_setting
                0x200000c4        0x4 ./ra_gen/hal_data.o
                0x200000c4                g_uart9_baud_setting
 .data._impure_ptr
                0x200000c8        0x4 D:/RA/toolchains/gcc_arm/13.2.rel1/bin/../lib/gcc/arm-none-eabi/13.2.1/thumb/v8-m.main+fp/hard\libg_nano.a(libc_a-impure.o)
                0x200000c8                _impure_ptr
 .data._impure_data
                0x200000cc       0x4c D:/RA/toolchains/gcc_arm/13.2.rel1/bin/../lib/gcc/arm-none-eabi/13.2.1/thumb/v8-m.main+fp/hard\libg_nano.a(libc_a-impure.o)
                0x200000cc                _impure_data
 *(vtable)
                0x20000118                        __ram_from_flash$$Limit = .

.tm_clone_table
                0x20000118        0x0 load address 0x00000198
 .tm_clone_table
                0x20000118        0x0 D:/RA/toolchains/gcc_arm/13.2.rel1/bin/../lib/gcc/arm-none-eabi/13.2.1/thumb/v8-m.main+fp/hard/crtbegin.o
 .tm_clone_table
                0x20000118        0x0 D:/RA/toolchains/gcc_arm/13.2.rel1/bin/../lib/gcc/arm-none-eabi/13.2.1/thumb/v8-m.main+fp/hard/crtend.o

.igot.plt       0x20000118        0x0 load address 0x00000198
 .igot.plt      0x20000118        0x0 D:/RA/toolchains/gcc_arm/13.2.rel1/bin/../lib/gcc/arm-none-eabi/13.2.1/thumb/v8-m.main+fp/hard/crtbegin.o

__ram_noinit_nocache$$
                0x20000120        0x0 load address 0x000001a0
                0x20000120                        __ram_noinit_nocache$$Base = .
 *(.ram_noinit_nocache)
                0x20000120                        __ram_noinit_nocache$$Limit = .

__ram_zero_nocache$$
                0x20000118        0x8 load address 0x00000198
                0x20000118                        __ram_zero_nocache$$Base = .
 *(.bss.*_fsp_nocache)
 *(.ram_nocache)
                0x20000120                        . = ALIGN (0x20)
 *fill*         0x20000118        0x8 
                0x20000120                        __ram_zero_nocache$$Limit = .

__ram_noinit$$  0x20000120      0x41c load address 0x00000198
                0x20000120                        __ram_noinit$$Base = .
 *(.bss.g_heap)
 *(.bss.g_main_stack)
 .bss.g_main_stack
                0x20000120      0x400 ./ra/fsp/src/bsp/cmsis/Device/RENESAS/Source/startup.o
                0x20000120                g_main_stack
 *(.ram_noinit)
 .ram_noinit    0x20000520       0x1c ./ra/fsp/src/bsp/mcu/all/bsp_clocks.o
 *(.noinit)
                0x2000053c                        __ram_noinit$$Limit = .

__ram_zero$$    0x2000053c     0x50f1 load address 0x00000198
                0x2000053c                        __ram_zero$$Base = .
 *(.ram)
 *(.bss*)
 .bss.completed.1
                0x2000053c        0x1 D:/RA/toolchains/gcc_arm/13.2.rel1/bin/../lib/gcc/arm-none-eabi/13.2.1/thumb/v8-m.main+fp/hard/crtbegin.o
 *fill*         0x2000053d        0x3 
 .bss.object.0  0x20000540       0x18 D:/RA/toolchains/gcc_arm/13.2.rel1/bin/../lib/gcc/arm-none-eabi/13.2.1/thumb/v8-m.main+fp/hard/crtbegin.o
 .bss.pCSIO     0x20000558        0x4 ./src/drivers/drv_spi.o
 .bss.gSPI0TxCplt
                0x2000055c        0x1 ./src/drivers/drv_spi.o
 *fill*         0x2000055d        0x3 
 .bss.dwTick    0x20000560        0x4 ./src/drivers/drv_systick.o
 .bss.pADXLSPI  0x20000564        0x4 ./src/devices/ADXL345/dev_adxl345.o
 .bss.gHeadIODev
                0x20000568        0x4 ./src/devices/dev_gpio.o
 .bss.gHeadSPIDev
                0x2000056c        0x4 ./src/devices/dev_spi.o
 .bss.gHeadTimerDev
                0x20000570        0x4 ./src/devices/dev_timer.o
 .bss.uart_send_complete_flag
                0x20000574        0x1 ./src/debug_uart/debug_uart.o
                0x20000574                uart_send_complete_flag
 *fill*         0x20000575        0x3 
 .bss.__HeapLimit
                0x20000578        0x4 ./src/buding.o
                0x20000578                __HeapLimit
 .bss.__HeapBase
                0x2000057c        0x4 ./src/buding.o
                0x2000057c                __HeapBase
 .bss.g_frame_buf
                0x20000580       0x40 ./src/hal_entry.o
                0x20000580                g_frame_buf
 .bss.g_callback_args
                0x200005c0       0x10 ./src/hal_entry.o
 .bss.g_err_count
                0x200005d0        0x4 ./src/hal_entry.o
 .bss.g_events  0x200005d4        0x2 ./src/hal_entry.o
 *fill*         0x200005d6        0x2 
 .bss.data_z    0x200005d8      0x800 ./src/hal_entry.o
                0x200005d8                data_z
 .bss.data_y    0x20000dd8      0x800 ./src/hal_entry.o
                0x20000dd8                data_y
 .bss.data_x    0x200015d8      0x800 ./src/hal_entry.o
                0x200015d8                data_x
 .bss.count     0x20001dd8        0x4 ./src/hal_entry.o
 .bss.g_ioport_ctrl
                0x20001ddc        0x8 ./ra_gen/common_data.o
                0x20001ddc                g_ioport_ctrl
 .bss.g_rai_data_shipper0_ctrl
                0x20001de4      0x58c ./ra_gen/common_data.o
                0x20001de4                g_rai_data_shipper0_ctrl
 .bss.g_comms_uart7_ctrl
                0x20002370       0x14 ./ra_gen/common_data.o
                0x20002370                g_comms_uart7_ctrl
 .bss.g_uart7_ctrl
                0x20002384       0x30 ./ra_gen/common_data.o
                0x20002384                g_uart7_ctrl
 .bss.g_rai_data_collector0_ctrl
                0x200023b4       0x14 ./ra_gen/common_data.o
                0x200023b4                g_rai_data_collector0_ctrl
 .bss.g_rai_data_collector0_frame_buf_hnd
                0x200023c8       0x20 ./ra_gen/common_data.o
                0x200023c8                g_rai_data_collector0_frame_buf_hnd
 .bss.g_rai_data_collector0_data_feed_channel2_frame_buffer
                0x200023e8     0x1000 ./ra_gen/common_data.o
                0x200023e8                g_rai_data_collector0_data_feed_channel2_frame_buffer
 .bss.g_rai_data_collector0_data_feed_channel1_frame_buffer
                0x200033e8     0x1000 ./ra_gen/common_data.o
                0x200033e8                g_rai_data_collector0_data_feed_channel1_frame_buffer
 .bss.g_rai_data_collector0_data_feed_channel0_frame_buffer
                0x200043e8     0x1000 ./ra_gen/common_data.o
                0x200043e8                g_rai_data_collector0_data_feed_channel0_frame_buffer
 .bss.g_uart9_ctrl
                0x200053e8       0x30 ./ra_gen/hal_data.o
                0x200053e8                g_uart9_ctrl
 .bss.g_spi0_ctrl
                0x20005418       0x30 ./ra_gen/hal_data.o
                0x20005418                g_spi0_ctrl
 .bss.dummy_tx.0
                0x20005448        0x4 ./ra/fsp/src/r_spi/r_spi.o
 .bss.dummy_rx.1
                0x2000544c        0x4 ./ra/fsp/src/r_spi/r_spi.o
 .bss.g_bsp_group_irq_sources
                0x20005450       0x40 ./ra/fsp/src/bsp/mcu/all/bsp_group_irq.o
                0x20005450                g_bsp_group_irq_sources
 .bss.g_protect_pfswe_counter
                0x20005490        0x4 ./ra/fsp/src/bsp/mcu/all/bsp_io.o
                0x20005490                g_protect_pfswe_counter
 .bss.gp_renesas_isr_context
                0x20005494       0x40 ./ra/fsp/src/bsp/mcu/all/bsp_irq.o
                0x20005494                gp_renesas_isr_context
 .bss.g_protect_counters
                0x200054d4        0xa ./ra/fsp/src/bsp/mcu/all/bsp_register_protection.o
                0x200054d4                g_protect_counters
 *fill*         0x200054de        0x2 
 .bss.current_heap_end.0
                0x200054e0        0x4 ./ra/fsp/src/bsp/mcu/all/bsp_sbrk.o
 .bss.SystemCoreClock
                0x200054e4        0x4 ./ra/fsp/src/bsp/cmsis/Device/RENESAS/Source/system.o
                0x200054e4                SystemCoreClock
 .bss.__malloc_sbrk_start
                0x200054e8        0x4 D:/RA/toolchains/gcc_arm/13.2.rel1/bin/../lib/gcc/arm-none-eabi/13.2.1/thumb/v8-m.main+fp/hard\libg_nano.a(libc_a-mallocr.o)
                0x200054e8                __malloc_sbrk_start
 .bss.__malloc_free_list
                0x200054ec        0x4 D:/RA/toolchains/gcc_arm/13.2.rel1/bin/../lib/gcc/arm-none-eabi/13.2.1/thumb/v8-m.main+fp/hard\libg_nano.a(libc_a-mallocr.o)
                0x200054ec                __malloc_free_list
 .bss.__sf      0x200054f0      0x138 D:/RA/toolchains/gcc_arm/13.2.rel1/bin/../lib/gcc/arm-none-eabi/13.2.1/thumb/v8-m.main+fp/hard\libg_nano.a(libc_a-findfp.o)
                0x200054f0                __sf
 .bss.errno     0x20005628        0x4 D:/RA/toolchains/gcc_arm/13.2.rel1/bin/../lib/gcc/arm-none-eabi/13.2.1/thumb/v8-m.main+fp/hard\libg_nano.a(libc_a-reent.o)
                0x20005628                errno
 .bss.__lock___malloc_recursive_mutex
                0x2000562c        0x1 D:/RA/toolchains/gcc_arm/13.2.rel1/bin/../lib/gcc/arm-none-eabi/13.2.1/thumb/v8-m.main+fp/hard\libg_nano.a(libc_a-lock.o)
                0x2000562c                __lock___malloc_recursive_mutex
                0x2000562d                        __ram_zero$$Limit = .

__ram_thread_stack$$
                0x20005630        0x0 load address 0x00000198
                0x20005630                        __ram_thread_stack$$Base = .
 *(.stack?*)
                0x20005630                        __ram_thread_stack$$Limit = .

.ram.endof      0x20005800        0x0
                0x20005800                        __ddsc_RAM_END = .

.ram.flat_nsc   0x20005800        0x0
                0x20005800                        __ddsc_RAM_NSC = .

__flash_readonly$$
                0x00000198     0x4874
                0x00000198                        __flash_readonly$$Base = .
 *(.flash)
 *(.flash_code)
 *(.text*)
 .text.deregister_tm_clones
                0x00000198       0x1c D:/RA/toolchains/gcc_arm/13.2.rel1/bin/../lib/gcc/arm-none-eabi/13.2.1/thumb/v8-m.main+fp/hard/crtbegin.o
 .text.register_tm_clones
                0x000001b4       0x28 D:/RA/toolchains/gcc_arm/13.2.rel1/bin/../lib/gcc/arm-none-eabi/13.2.1/thumb/v8-m.main+fp/hard/crtbegin.o
 .text.__do_global_dtors_aux
                0x000001dc       0x28 D:/RA/toolchains/gcc_arm/13.2.rel1/bin/../lib/gcc/arm-none-eabi/13.2.1/thumb/v8-m.main+fp/hard/crtbegin.o
 .text.frame_dummy
                0x00000204       0x24 D:/RA/toolchains/gcc_arm/13.2.rel1/bin/../lib/gcc/arm-none-eabi/13.2.1/thumb/v8-m.main+fp/hard/crtbegin.o
 .text.mdelay   0x00000228       0x18 ./src/libs/delay/delay.o
                0x00000228                mdelay
 .text.IODrvRead
                0x00000240       0x60 ./src/drivers/drv_gpio.o
 .text.IODrvWrite
                0x000002a0       0x60 ./src/drivers/drv_gpio.o
 .text.IODrvInit
                0x00000300       0x40 ./src/drivers/drv_gpio.o
 .text.IODevicesCreate
                0x00000340       0x1c ./src/drivers/drv_gpio.o
                0x00000340                IODevicesCreate
 .text.SPIDrvWriteRead
                0x0000035c       0x80 ./src/drivers/drv_spi.o
 .text.SPIDrvRead
                0x000003dc       0xa8 ./src/drivers/drv_spi.o
 .text.SPIDrvWrite
                0x00000484       0xa8 ./src/drivers/drv_spi.o
 .text.SPIDrvInit
                0x0000052c       0x58 ./src/drivers/drv_spi.o
 .text.SPIDevicesCreate
                0x00000584        0xc ./src/drivers/drv_spi.o
                0x00000584                SPIDevicesCreate
 .text.spi0_callback
                0x00000590       0x10 ./src/drivers/drv_spi.o
                0x00000590                spi0_callback
 .text.HAL_Delay
                0x000005a0       0x30 ./src/drivers/drv_systick.o
 .text.SystickInit
                0x000005d0       0x50 ./src/drivers/drv_systick.o
 .text.SystickTimerDevicesCreate
                0x00000620       0x18 ./src/drivers/drv_systick.o
                0x00000620                SystickTimerDevicesCreate
 .text.SysTick_Handler
                0x00000638       0x10 ./src/drivers/drv_systick.o
                0x00000638                SysTick_Handler
 .text.adxl345_get_register_value
                0x00000648       0x44 ./src/devices/ADXL345/dev_adxl345.o
 *fill*         0x0000068c        0x4 
 .text.ADXLDevRead
                0x00000690      0x110 ./src/devices/ADXL345/dev_adxl345.o
 .text.adxl345_get_burst_register_value.isra.0
                0x000007a0       0x3c ./src/devices/ADXL345/dev_adxl345.o
 .text.ADXLDevStop
                0x000007dc       0x3c ./src/devices/ADXL345/dev_adxl345.o
 .text.ADXLDevStart
                0x00000818       0x3c ./src/devices/ADXL345/dev_adxl345.o
 .text.ADXLDevInit
                0x00000854      0x314 ./src/devices/ADXL345/dev_adxl345.o
 .text.ADXL345GetDevice
                0x00000b68        0x8 ./src/devices/ADXL345/dev_adxl345.o
                0x00000b68                ADXL345GetDevice
 .text.IODeviceInsert
                0x00000b70       0x10 ./src/devices/dev_gpio.o
                0x00000b70                IODeviceInsert
 .text.IODeviceFind
                0x00000b80       0x24 ./src/devices/dev_gpio.o
                0x00000b80                IODeviceFind
 .text.IODeviceList
                0x00000ba4       0x48 ./src/devices/dev_gpio.o
                0x00000ba4                IODeviceList
 .text.IODevicesRegister
                0x00000bec       0x10 ./src/devices/dev_gpio.o
                0x00000bec                IODevicesRegister
 .text.SPIDeviceInsert
                0x00000bfc       0x10 ./src/devices/dev_spi.o
                0x00000bfc                SPIDeviceInsert
 .text.SPIDeviceFind
                0x00000c0c       0x24 ./src/devices/dev_spi.o
                0x00000c0c                SPIDeviceFind
 .text.SPIDeviceList
                0x00000c30       0x48 ./src/devices/dev_spi.o
                0x00000c30                SPIDeviceList
 .text.SPIDevicesRegister
                0x00000c78       0x10 ./src/devices/dev_spi.o
                0x00000c78                SPIDevicesRegister
 .text.TimerDeviceInsert
                0x00000c88       0x10 ./src/devices/dev_timer.o
                0x00000c88                TimerDeviceInsert
 .text.TimerDeviceFind
                0x00000c98       0x24 ./src/devices/dev_timer.o
                0x00000c98                TimerDeviceFind
 .text.TimerDeviceList
                0x00000cbc       0x48 ./src/devices/dev_timer.o
                0x00000cbc                TimerDeviceList
 .text.TimerDevicesRegister
                0x00000d04       0x10 ./src/devices/dev_timer.o
                0x00000d04                TimerDevicesRegister
 .text.debug_uart7_init
                0x00000d14       0x10 ./src/debug_uart/debug_uart.o
                0x00000d14                debug_uart7_init
 .text.hmi_uart9_init
                0x00000d24       0x10 ./src/debug_uart/debug_uart.o
                0x00000d24                hmi_uart9_init
 .text.hmi_uart9_callback
                0x00000d34       0x14 ./src/debug_uart/debug_uart.o
                0x00000d34                hmi_uart9_callback
 .text.Serial_Printf
                0x00000d48       0x68 ./src/debug_uart/debug_uart.o
                0x00000d48                Serial_Printf
 .text.rai_data_collector0_callback
                0x00000db0       0x48 ./src/hal_entry.o
                0x00000db0                rai_data_collector0_callback
 .text.rai_data_collector0_error_callback
                0x00000df8       0x10 ./src/hal_entry.o
                0x00000df8                rai_data_collector0_error_callback
 .text.rai_data_shipper0_callback
                0x00000e08       0x24 ./src/hal_entry.o
                0x00000e08                rai_data_shipper0_callback
 .text.hal_entry
                0x00000e2c      0x1cc ./src/hal_entry.o
                0x00000e2c                hal_entry
 .text.R_BSP_WarmStart
                0x00000ff8       0x18 ./src/hal_warmstart.o
                0x00000ff8                R_BSP_WarmStart
 .text.startup.main
                0x00001010        0xc ./ra_gen/main.o
                0x00001010                main
 .text.RM_RAI_DATA_SHIPPER_Open
                0x0000101c       0x74 ./ra/fsp/src/rm_rai_data_shipper/rm_rai_data_shipper.o
                0x0000101c                RM_RAI_DATA_SHIPPER_Open
 .text.RM_RAI_DATA_SHIPPER_Write
                0x00001090      0x214 ./ra/fsp/src/rm_rai_data_shipper/rm_rai_data_shipper.o
                0x00001090                RM_RAI_DATA_SHIPPER_Write
 .text.rai_data_shipper_start_next_transmission
                0x000012a4       0xa0 ./ra/fsp/src/rm_rai_data_shipper/rm_rai_data_shipper.o
 .text.rai_data_shipper_write_callback
                0x00001344       0x70 ./ra/fsp/src/rm_rai_data_shipper/rm_rai_data_shipper.o
 .text.RM_RAI_DATA_COLLECTOR_Open
                0x000013b4       0x7c ./ra/fsp/src/rm_rai_data_collector/rm_rai_data_collector.o
                0x000013b4                RM_RAI_DATA_COLLECTOR_Open
 .text.RM_RAI_DATA_COLLECTOR_SnapshotChannelRegister
                0x00001430       0x10 ./ra/fsp/src/rm_rai_data_collector/rm_rai_data_collector.o
                0x00001430                RM_RAI_DATA_COLLECTOR_SnapshotChannelRegister
 .text.RM_RAI_DATA_COLLECTOR_BufferRelease
                0x00001440        0xc ./ra/fsp/src/rm_rai_data_collector/rm_rai_data_collector.o
                0x00001440                RM_RAI_DATA_COLLECTOR_BufferRelease
 .text.RM_RAI_DATA_COLLECTOR_BufferReset
                0x0000144c       0x34 ./ra/fsp/src/rm_rai_data_collector/rm_rai_data_collector.o
                0x0000144c                RM_RAI_DATA_COLLECTOR_BufferReset
 .text.RM_RAI_DATA_COLLECTOR_Close
                0x00001480       0x30 ./ra/fsp/src/rm_rai_data_collector/rm_rai_data_collector.o
                0x00001480                RM_RAI_DATA_COLLECTOR_Close
 .text.RM_RAI_DATA_COLLECTOR_SnapshotStop
                0x000014b0       0x28 ./ra/fsp/src/rm_rai_data_collector/rm_rai_data_collector.o
                0x000014b0                RM_RAI_DATA_COLLECTOR_SnapshotStop
 .text.rm_rai_data_collector_prepare_next_buffer
                0x000014d8      0x128 ./ra/fsp/src/rm_rai_data_collector/rm_rai_data_collector.o
 .text.RM_RAI_DATA_COLLECTOR_ChannelBufferGet
                0x00001600       0x54 ./ra/fsp/src/rm_rai_data_collector/rm_rai_data_collector.o
                0x00001600                RM_RAI_DATA_COLLECTOR_ChannelBufferGet
 .text.rm_rai_data_collector_dtc_update_info
                0x00001654       0xc0 ./ra/fsp/src/rm_rai_data_collector/rm_rai_data_collector.o
 .text.rm_rai_data_collector_dtc_end_cb
                0x00001714        0xc ./ra/fsp/src/rm_rai_data_collector/rm_rai_data_collector.o
 .text.RM_RAI_DATA_COLLECTOR_SnapshotStart
                0x00001720       0x2c ./ra/fsp/src/rm_rai_data_collector/rm_rai_data_collector.o
                0x00001720                RM_RAI_DATA_COLLECTOR_SnapshotStart
 .text.RM_RAI_DATA_COLLECTOR_ChannelWrite
                0x0000174c       0x5c ./ra/fsp/src/rm_rai_data_collector/rm_rai_data_collector.o
                0x0000174c                RM_RAI_DATA_COLLECTOR_ChannelWrite
 .text.RM_COMMS_UART_Open
                0x000017a8       0x40 ./ra/fsp/src/rm_comms_uart/rm_comms_uart.o
                0x000017a8                RM_COMMS_UART_Open
 .text.RM_COMMS_UART_Close
                0x000017e8       0x18 ./ra/fsp/src/rm_comms_uart/rm_comms_uart.o
                0x000017e8                RM_COMMS_UART_Close
 .text.RM_COMMS_UART_CallbackSet
                0x00001800        0xc ./ra/fsp/src/rm_comms_uart/rm_comms_uart.o
                0x00001800                RM_COMMS_UART_CallbackSet
 .text.RM_COMMS_UART_Read
                0x0000180c       0x14 ./ra/fsp/src/rm_comms_uart/rm_comms_uart.o
                0x0000180c                RM_COMMS_UART_Read
 .text.RM_COMMS_UART_Write
                0x00001820       0x14 ./ra/fsp/src/rm_comms_uart/rm_comms_uart.o
                0x00001820                RM_COMMS_UART_Write
 .text.RM_COMMS_UART_WriteRead
                0x00001834       0x10 ./ra/fsp/src/rm_comms_uart/rm_comms_uart.o
                0x00001834                RM_COMMS_UART_WriteRead
 .text.rm_comms_uart_callback
                0x00001844       0x54 ./ra/fsp/src/rm_comms_uart/rm_comms_uart.o
 .text.R_SPI_CallbackSet
                0x00001898       0x10 ./ra/fsp/src/r_spi/r_spi.o
                0x00001898                R_SPI_CallbackSet
 .text.R_SPI_Close
                0x000018a8       0xc8 ./ra/fsp/src/r_spi/r_spi.o
                0x000018a8                R_SPI_Close
 .text.r_spi_write_read_common
                0x00001970      0x210 ./ra/fsp/src/r_spi/r_spi.o
 .text.R_SPI_Read
                0x00001b80       0x1c ./ra/fsp/src/r_spi/r_spi.o
                0x00001b80                R_SPI_Read
 .text.R_SPI_Write
                0x00001b9c       0x18 ./ra/fsp/src/r_spi/r_spi.o
                0x00001b9c                R_SPI_Write
 .text.R_SPI_WriteRead
                0x00001bb4       0x10 ./ra/fsp/src/r_spi/r_spi.o
                0x00001bb4                R_SPI_WriteRead
 .text.r_spi_transmit
                0x00001bc4       0x70 ./ra/fsp/src/r_spi/r_spi.o
 .text.r_spi_call_callback
                0x00001c34       0x40 ./ra/fsp/src/r_spi/r_spi.o
 .text.R_SPI_Open
                0x00001c74      0x328 ./ra/fsp/src/r_spi/r_spi.o
                0x00001c74                R_SPI_Open
 .text.spi_rxi_isr
                0x00001f9c       0x98 ./ra/fsp/src/r_spi/r_spi.o
                0x00001f9c                spi_rxi_isr
 .text.spi_txi_isr
                0x00002034       0xa8 ./ra/fsp/src/r_spi/r_spi.o
                0x00002034                spi_txi_isr
 .text.spi_tei_isr
                0x000020dc       0xe8 ./ra/fsp/src/r_spi/r_spi.o
                0x000020dc                spi_tei_isr
 .text.spi_eri_isr
                0x000021c4       0xe4 ./ra/fsp/src/r_spi/r_spi.o
                0x000021c4                spi_eri_isr
 .text.R_SCI_UART_Close
                0x000022a8       0xcc ./ra/fsp/src/r_sci_uart/r_sci_uart.o
                0x000022a8                R_SCI_UART_Close
 .text.R_SCI_UART_Read
                0x00002374        0xc ./ra/fsp/src/r_sci_uart/r_sci_uart.o
                0x00002374                R_SCI_UART_Read
 .text.R_SCI_UART_Write
                0x00002380       0x50 ./ra/fsp/src/r_sci_uart/r_sci_uart.o
                0x00002380                R_SCI_UART_Write
 .text.R_SCI_UART_CallbackSet
                0x000023d0       0x10 ./ra/fsp/src/r_sci_uart/r_sci_uart.o
                0x000023d0                R_SCI_UART_CallbackSet
 .text.R_SCI_UART_BaudSet
                0x000023e0       0x68 ./ra/fsp/src/r_sci_uart/r_sci_uart.o
                0x000023e0                R_SCI_UART_BaudSet
 .text.R_SCI_UART_InfoGet
                0x00002448        0xc ./ra/fsp/src/r_sci_uart/r_sci_uart.o
                0x00002448                R_SCI_UART_InfoGet
 .text.R_SCI_UART_Abort
                0x00002454       0x3c ./ra/fsp/src/r_sci_uart/r_sci_uart.o
                0x00002454                R_SCI_UART_Abort
 .text.R_SCI_UART_ReadStop
                0x00002490       0x14 ./ra/fsp/src/r_sci_uart/r_sci_uart.o
                0x00002490                R_SCI_UART_ReadStop
 .text.R_SCI_UART_ReceiveSuspend
                0x000024a4        0x4 ./ra/fsp/src/r_sci_uart/r_sci_uart.o
                0x000024a4                R_SCI_UART_ReceiveSuspend
 .text.r_sci_uart_call_callback
                0x000024a8       0x44 ./ra/fsp/src/r_sci_uart/r_sci_uart.o
 .text.R_SCI_UART_ReceiveResume
                0x000024ec        0x4 ./ra/fsp/src/r_sci_uart/r_sci_uart.o
                0x000024ec                R_SCI_UART_ReceiveResume
 .text.R_SCI_UART_Open
                0x000024f0      0x3b4 ./ra/fsp/src/r_sci_uart/r_sci_uart.o
                0x000024f0                R_SCI_UART_Open
 .text.sci_uart_txi_isr
                0x000028a4       0x8c ./ra/fsp/src/r_sci_uart/r_sci_uart.o
                0x000028a4                sci_uart_txi_isr
 .text.sci_uart_rxi_isr
                0x00002930       0x90 ./ra/fsp/src/r_sci_uart/r_sci_uart.o
                0x00002930                sci_uart_rxi_isr
 .text.sci_uart_tei_isr
                0x000029c0       0x48 ./ra/fsp/src/r_sci_uart/r_sci_uart.o
                0x000029c0                sci_uart_tei_isr
 .text.sci_uart_eri_isr
                0x00002a08       0x78 ./ra/fsp/src/r_sci_uart/r_sci_uart.o
                0x00002a08                sci_uart_eri_isr
 .text.R_IOPORT_Close
                0x00002a80        0xc ./ra/fsp/src/r_ioport/r_ioport.o
                0x00002a80                R_IOPORT_Close
 .text.R_IOPORT_PinRead
                0x00002a8c       0x24 ./ra/fsp/src/r_ioport/r_ioport.o
                0x00002a8c                R_IOPORT_PinRead
 .text.R_IOPORT_PortRead
                0x00002ab0       0x14 ./ra/fsp/src/r_ioport/r_ioport.o
                0x00002ab0                R_IOPORT_PortRead
 .text.R_IOPORT_PortWrite
                0x00002ac4       0x1c ./ra/fsp/src/r_ioport/r_ioport.o
                0x00002ac4                R_IOPORT_PortWrite
 .text.R_IOPORT_PinWrite
                0x00002ae0       0x20 ./ra/fsp/src/r_ioport/r_ioport.o
                0x00002ae0                R_IOPORT_PinWrite
 .text.R_IOPORT_PortDirectionSet
                0x00002b00       0x2c ./ra/fsp/src/r_ioport/r_ioport.o
                0x00002b00                R_IOPORT_PortDirectionSet
 .text.R_IOPORT_PortEventInputRead
                0x00002b2c       0x18 ./ra/fsp/src/r_ioport/r_ioport.o
                0x00002b2c                R_IOPORT_PortEventInputRead
 .text.R_IOPORT_PinEventInputRead
                0x00002b44       0x34 ./ra/fsp/src/r_ioport/r_ioport.o
                0x00002b44                R_IOPORT_PinEventInputRead
 .text.R_IOPORT_PortEventOutputWrite
                0x00002b78       0x1c ./ra/fsp/src/r_ioport/r_ioport.o
                0x00002b78                R_IOPORT_PortEventOutputWrite
 .text.R_IOPORT_PinEventOutputWrite
                0x00002b94       0x34 ./ra/fsp/src/r_ioport/r_ioport.o
                0x00002b94                R_IOPORT_PinEventOutputWrite
 .text.bsp_vbatt_init
                0x00002bc8       0xe8 ./ra/fsp/src/r_ioport/r_ioport.o
 .text.r_ioport_pins_config
                0x00002cb0       0xac ./ra/fsp/src/r_ioport/r_ioport.o
 .text.R_IOPORT_Open
                0x00002d5c       0x14 ./ra/fsp/src/r_ioport/r_ioport.o
                0x00002d5c                R_IOPORT_Open
 .text.R_IOPORT_PinsCfg
                0x00002d70        0xc ./ra/fsp/src/r_ioport/r_ioport.o
                0x00002d70                R_IOPORT_PinsCfg
 .text.R_IOPORT_PinCfg
                0x00002d7c       0xa8 ./ra/fsp/src/r_ioport/r_ioport.o
                0x00002d7c                R_IOPORT_PinCfg
 .text.SystemCoreClockUpdate
                0x00002e24       0x28 ./ra/fsp/src/bsp/mcu/all/bsp_clocks.o
                0x00002e24                SystemCoreClockUpdate
 .text.R_BSP_SubClockStabilizeWaitAfterReset
                0x00002e4c        0x4 ./ra/fsp/src/bsp/mcu/all/bsp_clocks.o
                0x00002e4c                R_BSP_SubClockStabilizeWaitAfterReset
 .text.bsp_clock_init
                0x00002e50      0x14c ./ra/fsp/src/bsp/mcu/all/bsp_clocks.o
                0x00002e50                bsp_clock_init
 .text.R_BSP_SourceClockHzGet
                0x00002f9c        0xc ./ra/fsp/src/bsp/mcu/all/bsp_clocks.o
                0x00002f9c                R_BSP_SourceClockHzGet
 .text.R_BSP_Init_RTC
                0x00002fa8       0xb0 ./ra/fsp/src/bsp/mcu/all/bsp_clocks.o
                0x00002fa8                R_BSP_Init_RTC
 .text.bsp_init_internal
                0x00003058        0x4 ./ra/fsp/src/bsp/mcu/all/bsp_common.o
                0x00003058                bsp_init_internal
                0x00003058                bsp_init
 .text.__assert_func
                0x0000305c        0x4 ./ra/fsp/src/bsp/mcu/all/bsp_common.o
                0x0000305c                __assert_func
 .text.bsp_prv_software_delay_loop
                0x00003060        0xc ./ra/fsp/src/bsp/mcu/all/bsp_delay.o
                0x00003060                bsp_prv_software_delay_loop
 .text.R_BSP_SoftwareDelay
                0x0000306c       0x8c ./ra/fsp/src/bsp/mcu/all/bsp_delay.o
                0x0000306c                R_BSP_SoftwareDelay
 .text.NMI_Handler
                0x000030f8       0x3c ./ra/fsp/src/bsp/mcu/all/bsp_group_irq.o
                0x000030f8                NMI_Handler
 .text.bsp_irq_cfg
                0x00003134       0x98 ./ra/fsp/src/bsp/mcu/all/bsp_irq.o
                0x00003134                bsp_irq_cfg
 .text.R_BSP_RegisterProtectEnable
                0x000031cc       0x60 ./ra/fsp/src/bsp/mcu/all/bsp_register_protection.o
                0x000031cc                R_BSP_RegisterProtectEnable
 .text.R_BSP_RegisterProtectDisable
                0x0000322c       0x54 ./ra/fsp/src/bsp/mcu/all/bsp_register_protection.o
                0x0000322c                R_BSP_RegisterProtectDisable
 .text._sbrk    0x00003280       0x34 ./ra/fsp/src/bsp/mcu/all/bsp_sbrk.o
                0x00003280                _sbrk
 .text.Default_Handler
                0x000032b4        0x4 ./ra/fsp/src/bsp/cmsis/Device/RENESAS/Source/startup.o
                0x000032b4                DebugMon_Handler
                0x000032b4                HardFault_Handler
                0x000032b4                PendSV_Handler
                0x000032b4                UsageFault_Handler
                0x000032b4                SecureFault_Handler
                0x000032b4                Default_Handler
                0x000032b4                MemManage_Handler
                0x000032b4                SVC_Handler
                0x000032b4                BusFault_Handler
 .text.Reset_Handler
                0x000032b8        0xc ./ra/fsp/src/bsp/cmsis/Device/RENESAS/Source/startup.o
                0x000032b8                Reset_Handler
 .text.SystemRuntimeInit
                0x000032c4       0x64 ./ra/fsp/src/bsp/cmsis/Device/RENESAS/Source/system.o
 .text.SystemInit
                0x00003328       0xc0 ./ra/fsp/src/bsp/cmsis/Device/RENESAS/Source/system.o
                0x00003328                SystemInit
 .text          0x000033e8      0x254 D:/RA/toolchains/gcc_arm/13.2.rel1/bin/../lib/gcc/arm-none-eabi/13.2.1/thumb/v8-m.main+fp/hard\libgcc.a(_arm_muldf3.o)
                0x000033e8                __muldf3
                0x000033e8                __aeabi_dmul
 .text          0x0000363c      0x378 D:/RA/toolchains/gcc_arm/13.2.rel1/bin/../lib/gcc/arm-none-eabi/13.2.1/thumb/v8-m.main+fp/hard\libgcc.a(_arm_addsubdf3.o)
                0x0000363c                __aeabi_drsub
                0x00003644                __aeabi_dsub
                0x00003644                __subdf3
                0x00003648                __aeabi_dadd
                0x00003648                __adddf3
                0x000038c0                __floatunsidf
                0x000038c0                __aeabi_ui2d
                0x000038e0                __floatsidf
                0x000038e0                __aeabi_i2d
                0x00003904                __aeabi_f2d
                0x00003904                __extendsfdf2
                0x00003948                __floatundidf
                0x00003948                __aeabi_ul2d
                0x00003958                __floatdidf
                0x00003958                __aeabi_l2d
 .text          0x000039b4       0xa0 D:/RA/toolchains/gcc_arm/13.2.rel1/bin/../lib/gcc/arm-none-eabi/13.2.1/thumb/v8-m.main+fp/hard\libgcc.a(_arm_truncdfsf2.o)
                0x000039b4                __truncdfsf2
                0x000039b4                __aeabi_d2f
 .text.sbrk_aligned
                0x00003a54       0x44 D:/RA/toolchains/gcc_arm/13.2.rel1/bin/../lib/gcc/arm-none-eabi/13.2.1/thumb/v8-m.main+fp/hard\libg_nano.a(libc_a-mallocr.o)
 .text._malloc_r
                0x00003a98      0x100 D:/RA/toolchains/gcc_arm/13.2.rel1/bin/../lib/gcc/arm-none-eabi/13.2.1/thumb/v8-m.main+fp/hard\libg_nano.a(libc_a-mallocr.o)
                0x00003a98                _malloc_r
 .text.__malloc_lock
                0x00003b98        0xc D:/RA/toolchains/gcc_arm/13.2.rel1/bin/../lib/gcc/arm-none-eabi/13.2.1/thumb/v8-m.main+fp/hard\libg_nano.a(libc_a-mlock.o)
                0x00003b98                __malloc_lock
 .text.__malloc_unlock
                0x00003ba4        0xc D:/RA/toolchains/gcc_arm/13.2.rel1/bin/../lib/gcc/arm-none-eabi/13.2.1/thumb/v8-m.main+fp/hard\libg_nano.a(libc_a-mlock.o)
                0x00003ba4                __malloc_unlock
 .text._vsprintf_r
                0x00003bb0       0x2c D:/RA/toolchains/gcc_arm/13.2.rel1/bin/../lib/gcc/arm-none-eabi/13.2.1/thumb/v8-m.main+fp/hard\libg_nano.a(libc_a-vsprintf.o)
                0x00003bb0                _vsprintf_r
                0x00003bb0                _vsiprintf_r
 .text.vsprintf
                0x00003bdc       0x14 D:/RA/toolchains/gcc_arm/13.2.rel1/bin/../lib/gcc/arm-none-eabi/13.2.1/thumb/v8-m.main+fp/hard\libg_nano.a(libc_a-vsprintf.o)
                0x00003bdc                vsiprintf
                0x00003bdc                vsprintf
 .text.memset   0x00003bf0       0x10 D:/RA/toolchains/gcc_arm/13.2.rel1/bin/../lib/gcc/arm-none-eabi/13.2.1/thumb/v8-m.main+fp/hard\libg_nano.a(libc_a-memset.o)
                0x00003bf0                memset
 .text.strstr   0x00003c00       0x2c D:/RA/toolchains/gcc_arm/13.2.rel1/bin/../lib/gcc/arm-none-eabi/13.2.1/thumb/v8-m.main+fp/hard\libg_nano.a(libc_a-strstr.o)
                0x00003c00                strstr
 .text._sbrk_r  0x00003c2c       0x20 D:/RA/toolchains/gcc_arm/13.2.rel1/bin/../lib/gcc/arm-none-eabi/13.2.1/thumb/v8-m.main+fp/hard\libg_nano.a(libc_a-sbrkr.o)
                0x00003c2c                _sbrk_r
 .text.__retarget_lock_acquire_recursive
                0x00003c4c        0x2 D:/RA/toolchains/gcc_arm/13.2.rel1/bin/../lib/gcc/arm-none-eabi/13.2.1/thumb/v8-m.main+fp/hard\libg_nano.a(libc_a-lock.o)
                0x00003c4c                __retarget_lock_acquire_recursive
 .text.__retarget_lock_release_recursive
                0x00003c4e        0x2 D:/RA/toolchains/gcc_arm/13.2.rel1/bin/../lib/gcc/arm-none-eabi/13.2.1/thumb/v8-m.main+fp/hard\libg_nano.a(libc_a-lock.o)
                0x00003c4e                __retarget_lock_release_recursive
 .text.memcpy   0x00003c50       0x1a D:/RA/toolchains/gcc_arm/13.2.rel1/bin/../lib/gcc/arm-none-eabi/13.2.1/thumb/v8-m.main+fp/hard\libg_nano.a(libc_a-memcpy-stub.o)
                0x00003c50                memcpy
 *fill*         0x00003c6a        0x2 
 .text._free_r  0x00003c6c       0x94 D:/RA/toolchains/gcc_arm/13.2.rel1/bin/../lib/gcc/arm-none-eabi/13.2.1/thumb/v8-m.main+fp/hard\libg_nano.a(libc_a-freer.o)
                0x00003c6c                _free_r
 .text.__ssputs_r
                0x00003d00       0xb6 D:/RA/toolchains/gcc_arm/13.2.rel1/bin/../lib/gcc/arm-none-eabi/13.2.1/thumb/v8-m.main+fp/hard\libg_nano.a(libc_a-nano-svfprintf.o)
                0x00003d00                __ssputs_r
 *fill*         0x00003db6        0x2 
 .text._svfprintf_r
                0x00003db8      0x1f8 D:/RA/toolchains/gcc_arm/13.2.rel1/bin/../lib/gcc/arm-none-eabi/13.2.1/thumb/v8-m.main+fp/hard\libg_nano.a(libc_a-nano-svfprintf.o)
                0x00003db8                _svfiprintf_r
                0x00003db8                _svfprintf_r
 .text._printf_common
                0x00003fb0       0xe4 D:/RA/toolchains/gcc_arm/13.2.rel1/bin/../lib/gcc/arm-none-eabi/13.2.1/thumb/v8-m.main+fp/hard\libg_nano.a(libc_a-nano-vfprintf_i.o)
                0x00003fb0                _printf_common
 .text._printf_i
                0x00004094      0x23c D:/RA/toolchains/gcc_arm/13.2.rel1/bin/../lib/gcc/arm-none-eabi/13.2.1/thumb/v8-m.main+fp/hard\libg_nano.a(libc_a-nano-vfprintf_i.o)
                0x00004094                _printf_i
 .text.memmove  0x000042d0       0x34 D:/RA/toolchains/gcc_arm/13.2.rel1/bin/../lib/gcc/arm-none-eabi/13.2.1/thumb/v8-m.main+fp/hard\libg_nano.a(libc_a-memmove.o)
                0x000042d0                memmove
 .text.memchr   0x00004304       0x1c D:/RA/toolchains/gcc_arm/13.2.rel1/bin/../lib/gcc/arm-none-eabi/13.2.1/thumb/v8-m.main+fp/hard\libg_nano.a(libc_a-memchr-stub.o)
                0x00004304                memchr
 .text._realloc_r
                0x00004320       0x5c D:/RA/toolchains/gcc_arm/13.2.rel1/bin/../lib/gcc/arm-none-eabi/13.2.1/thumb/v8-m.main+fp/hard\libg_nano.a(libc_a-reallocr.o)
                0x00004320                _realloc_r
 .text._malloc_usable_size_r
                0x0000437c       0x10 D:/RA/toolchains/gcc_arm/13.2.rel1/bin/../lib/gcc/arm-none-eabi/13.2.1/thumb/v8-m.main+fp/hard\libg_nano.a(libc_a-msizer.o)
                0x0000437c                _malloc_usable_size_r
 *(.rodata*)
 .rodata.delay.str1.4
                0x0000438c      0x166 ./src/libs/delay/delay.o
                                  0x8 (size before relaxing)
 .rodata.IODrvRead.str1.4
                0x000044f2       0x2e ./src/drivers/drv_gpio.o
 *fill*         0x000044f2        0x2 
 .rodata.__func__.0
                0x000044f4        0xa ./src/drivers/drv_gpio.o
 *fill*         0x000044fe        0x2 
 .rodata.__func__.1
                0x00004500        0xb ./src/drivers/drv_gpio.o
 *fill*         0x0000450b        0x1 
 .rodata.__func__.2
                0x0000450c        0xa ./src/drivers/drv_gpio.o
 .rodata.str1.4
                0x00004516       0x1b ./src/drivers/drv_gpio.o
 .rodata.SPIDrvWriteRead.str1.4
                0x00004516       0x2d ./src/drivers/drv_spi.o
 .rodata.SPIDrvInit.str1.4
                0x00004516        0xb ./src/drivers/drv_spi.o
 *fill*         0x00004516        0x2 
 .rodata.__func__.0
                0x00004518        0xb ./src/drivers/drv_spi.o
 *fill*         0x00004523        0x1 
 .rodata.__func__.1
                0x00004524        0xc ./src/drivers/drv_spi.o
 .rodata.__func__.2
                0x00004530        0xb ./src/drivers/drv_spi.o
 *fill*         0x0000453b        0x1 
 .rodata.__func__.3
                0x0000453c       0x10 ./src/drivers/drv_spi.o
 .rodata.str1.4
                0x0000454c        0xc ./src/drivers/drv_spi.o
 .rodata.str1.4
                0x0000454c        0x8 ./src/drivers/drv_systick.o
 .rodata.ADXLDevInit.str1.4
                0x0000454c       0x3b ./src/devices/ADXL345/dev_adxl345.o
 .rodata.str1.4
                0x0000454c        0x8 ./src/devices/ADXL345/dev_adxl345.o
 .rodata.IODeviceList.str1.4
                0x0000454c       0x1f ./src/devices/dev_gpio.o
 .rodata.SPIDeviceList.str1.4
                0x0000454c       0x23 ./src/devices/dev_spi.o
 .rodata.TimerDeviceList.str1.4
                0x0000454c       0x23 ./src/devices/dev_timer.o
 .rodata.hal_entry.str1.4
                0x0000454c       0x76 ./src/hal_entry.o
 .rodata.g_ioport
                0x0000454c        0xc ./ra_gen/common_data.o
                0x0000454c                g_ioport
 .rodata.g_rai_data_shipper0_cfg
                0x00004558       0x14 ./ra_gen/common_data.o
                0x00004558                g_rai_data_shipper0_cfg
 .rodata.g_comms_uart7
                0x0000456c        0xc ./ra_gen/common_data.o
                0x0000456c                g_comms_uart7
 .rodata.g_comms_uart7_cfg
                0x00004578       0x14 ./ra_gen/common_data.o
                0x00004578                g_comms_uart7_cfg
 .rodata.g_uart7
                0x0000458c        0xc ./ra_gen/common_data.o
                0x0000458c                g_uart7
 .rodata.g_uart7_cfg
                0x00004598       0x20 ./ra_gen/common_data.o
                0x00004598                g_uart7_cfg
 .rodata.g_uart7_cfg_extend
                0x000045b8       0x14 ./ra_gen/common_data.o
                0x000045b8                g_uart7_cfg_extend
 .rodata.g_rai_data_collector0
                0x000045cc        0xc ./ra_gen/common_data.o
                0x000045cc                g_rai_data_collector0
 .rodata.g_rai_data_collector0_cfg
                0x000045d8       0x24 ./ra_gen/common_data.o
                0x000045d8                g_rai_data_collector0_cfg
 .rodata.g_rai_data_collector0_df_cfg
                0x000045fc        0x1 ./ra_gen/common_data.o
                0x000045fc                g_rai_data_collector0_df_cfg
 *fill*         0x000045fd        0x3 
 .rodata.g_rai_data_collector0_ss_cfg
                0x00004600        0xc ./ra_gen/common_data.o
                0x00004600                g_rai_data_collector0_ss_cfg
 .rodata.g_uart9
                0x0000460c        0xc ./ra_gen/hal_data.o
                0x0000460c                g_uart9
 .rodata.g_uart9_cfg
                0x00004618       0x20 ./ra_gen/hal_data.o
                0x00004618                g_uart9_cfg
 .rodata.g_uart9_cfg_extend
                0x00004638       0x14 ./ra_gen/hal_data.o
                0x00004638                g_uart9_cfg_extend
 .rodata.g_spi0
                0x0000464c        0xc ./ra_gen/hal_data.o
                0x0000464c                g_spi0
 .rodata.g_spi0_cfg
                0x00004658       0x24 ./ra_gen/hal_data.o
                0x00004658                g_spi0_cfg
 .rodata.g_spi0_ext_cfg
                0x0000467c        0xd ./ra_gen/hal_data.o
                0x0000467c                g_spi0_ext_cfg
 *fill*         0x00004689        0x3 
 .rodata.g_bsp_pin_cfg
                0x0000468c        0xc ./ra_gen/pin_data.o
                0x0000468c                g_bsp_pin_cfg
 .rodata.g_bsp_pin_cfg_data
                0x00004698      0x130 ./ra_gen/pin_data.o
                0x00004698                g_bsp_pin_cfg_data
 .rodata.g_interrupt_event_link_select
                0x000047c8       0x20 ./ra_gen/vector_data.o
                0x000047c8                g_interrupt_event_link_select
 .rodata.g_dc_on_rai_data_collector
                0x000047e8       0x24 ./ra/fsp/src/rm_rai_data_collector/rm_rai_data_collector.o
                0x000047e8                g_dc_on_rai_data_collector
 .rodata.g_comms_on_comms_uart
                0x0000480c       0x18 ./ra/fsp/src/rm_comms_uart/rm_comms_uart.o
                0x0000480c                g_comms_on_comms_uart
 .rodata.g_spi_on_spi
                0x00004824       0x18 ./ra/fsp/src/r_spi/r_spi.o
                0x00004824                g_spi_on_spi
 .rodata.g_uart_on_sci
                0x0000483c       0x2c ./ra/fsp/src/r_sci_uart/r_sci_uart.o
                0x0000483c                g_uart_on_sci
 .rodata.g_vbatt_pins_input
                0x00004868        0x6 ./ra/fsp/src/r_ioport/r_ioport.o
 *fill*         0x0000486e        0x2 
 .rodata.g_ioport_on_ioport
                0x00004870       0x34 ./ra/fsp/src/r_ioport/r_ioport.o
                0x00004870                g_ioport_on_ioport
 .rodata.g_init_info
                0x000048a4       0x18 ./ra/fsp/src/bsp/mcu/ra6m5/bsp_linker.o
                0x000048a4                g_init_info
 .rodata.nocache_list
                0x000048bc       0x10 ./ra/fsp/src/bsp/mcu/ra6m5/bsp_linker.o
 .rodata.copy_list
                0x000048cc       0x80 ./ra/fsp/src/bsp/mcu/ra6m5/bsp_linker.o
 .rodata.zero_list
                0x0000494c       0x30 ./ra/fsp/src/bsp/mcu/ra6m5/bsp_linker.o
 .rodata.g_prcr_masks
                0x0000497c        0xa ./ra/fsp/src/bsp/mcu/all/bsp_register_protection.o
 .rodata._svfprintf_r.str1.1
                0x00004986       0x33 D:/RA/toolchains/gcc_arm/13.2.rel1/bin/../lib/gcc/arm-none-eabi/13.2.1/thumb/v8-m.main+fp/hard\libg_nano.a(libc_a-nano-svfprintf.o)
                                 0x11 (size before relaxing)
 .rodata._printf_i.str1.1
                0x000049b9       0x22 D:/RA/toolchains/gcc_arm/13.2.rel1/bin/../lib/gcc/arm-none-eabi/13.2.1/thumb/v8-m.main+fp/hard\libg_nano.a(libc_a-nano-vfprintf_i.o)
 *(.mcuboot_sce9_key)
 *(.version)
 *fill*         0x000049b9        0x3 
 .version       0x000049bc       0x50 ./ra/fsp/src/bsp/mcu/all/bsp_common.o
                0x00004a0c                        __flash_readonly$$Limit = .

.glue_7         0x00004a0c        0x0
 .glue_7        0x00004a0c        0x0 linker stubs

.glue_7t        0x00004a0c        0x0
 .glue_7t       0x00004a0c        0x0 linker stubs

.vfp11_veneer   0x00004a0c        0x0
 .vfp11_veneer  0x00004a0c        0x0 linker stubs

.v4_bx          0x00004a0c        0x0
 .v4_bx         0x00004a0c        0x0 linker stubs

.init           0x00004a0c        0x4
 .init          0x00004a0c        0x4 D:/RA/toolchains/gcc_arm/13.2.rel1/bin/../lib/gcc/arm-none-eabi/13.2.1/thumb/v8-m.main+fp/hard/crti.o
                0x00004a0c                _init

.fini           0x00004a10        0x4
 .fini          0x00004a10        0x4 D:/RA/toolchains/gcc_arm/13.2.rel1/bin/../lib/gcc/arm-none-eabi/13.2.1/thumb/v8-m.main+fp/hard/crti.o
                0x00004a10                _fini

.iplt           0x00004a14        0x0
 .iplt          0x00004a14        0x0 D:/RA/toolchains/gcc_arm/13.2.rel1/bin/../lib/gcc/arm-none-eabi/13.2.1/thumb/v8-m.main+fp/hard/crtbegin.o

__flash_ctor$$
 *crtbegin.o(.ctors)
 *crtbegin?.o(.ctors)
 EXCLUDE_FILE(*crtend.o *crtend?.o) *(.ctors)
 *(SORT_BY_NAME(.ctors.*))
 *(.ctors)
 *crtbegin.o(.dtors)
 *crtbegin?.o(.dtors)
 EXCLUDE_FILE(*crtend.o *crtend?.o) *(.dtors)
 *(SORT_BY_NAME(.dtors.*))
 *(.dtors)

__flash_preinit_array$$
                0x00004a14        0x0
                0x00004a14                        __preinit_array_start = .
 *(.preinit_array)
                0x00004a14                        __preinit_array_end = .

__flash_.got$$
 *(.got.plt)
 *(.got)

__flash_init_array$$
                0x00004a14        0x4
                0x00004a14                        __init_array_start = .
 *(SORT_BY_NAME(.init_array.*))
 *(.init_array)
 .init_array    0x00004a14        0x4 D:/RA/toolchains/gcc_arm/13.2.rel1/bin/../lib/gcc/arm-none-eabi/13.2.1/thumb/v8-m.main+fp/hard/crtbegin.o
                0x00004a18                        __init_array_end = .

__flash_fini_array$$
                0x00004a18        0x4
                0x00004a18                        __fini_array_start = .
 *(SORT_BY_NAME(.fini_array.*))
 *(.fini_array)
 .fini_array    0x00004a18        0x4 D:/RA/toolchains/gcc_arm/13.2.rel1/bin/../lib/gcc/arm-none-eabi/13.2.1/thumb/v8-m.main+fp/hard/crtbegin.o
                0x00004a1c                        __fini_array_end = .

__flash_arm.extab$$
 *(.ARM.extab*)
 *(.gnu.linkonce.armextab.*)

__flash_arm.exidx$$
                0x00004a1c        0x0
                0x00004a1c                        __exidx_start = .
 *(.ARM.exidx*)
 *(.gnu.linkonce.armexidx.*)
                0x00004a1c                        __exidx_end = .

.flash.endof    0x00004c00        0x0
                0x00004c00                        __ddsc_FLASH_END = .

.flash.flat_nsc
                0x00004c00        0x0
                0x00004c00                        __ddsc_FLASH_NSC = .

.option_setting_ofs0.startof
                0x0100a100        0x0
                0x0100a100                        __ddsc_OPTION_SETTING_OFS0_START = .

__option_setting_ofs0_reg$$
                0x0100a100        0x4
                0x0100a100                        __option_setting_ofs0_reg$$Base = .
 *(.option_setting_ofs0)
 .option_setting_ofs0
                0x0100a100        0x4 ./ra/fsp/src/bsp/mcu/ra6m5/bsp_linker.o
                0x0100a104                        __option_setting_ofs0_reg$$Limit = .

.option_setting_ofs0.endof
                0x0100a104        0x0
                0x0100a104                        __ddsc_OPTION_SETTING_OFS0_END = .

.option_setting_dualsel.startof
                0x0100a110        0x0
                0x0100a110                        __ddsc_OPTION_SETTING_DUALSEL_START = .

__option_setting_dualsel_reg$$
                0x0100a110        0x0
                0x0100a110                        __option_setting_dualsel_reg$$Base = .
 *(.option_setting_dualsel)
                0x0100a110                        __option_setting_dualsel_reg$$Limit = .

.option_setting_dualsel.endof
                0x0100a110        0x0
                0x0100a110                        __ddsc_OPTION_SETTING_DUALSEL_END = .

.option_setting_ofs1.startof
                0x0100a180        0x0
                0x0100a180                        __ddsc_OPTION_SETTING_OFS1_START = .

__option_setting_ofs1_reg$$
                0x0100a180        0x0
                0x0100a180                        __option_setting_ofs1_reg$$Base = .
 *(.option_setting_ofs1)
                0x0100a180                        __option_setting_ofs1_reg$$Limit = .

.option_setting_ofs1.endof
                0x0100a180        0x0
                0x0100a180                        __ddsc_OPTION_SETTING_OFS1_END = .

.option_setting_banksel.startof
                0x0100a190        0x0
                0x0100a190                        __ddsc_OPTION_SETTING_BANKSEL_START = .

__option_setting_banksel_reg$$
                0x0100a190        0x0
                0x0100a190                        __option_setting_banksel_reg$$Base = .
 *(.option_setting_banksel)
                0x0100a190                        __option_setting_banksel_reg$$Limit = .

.option_setting_banksel.endof
                0x0100a190        0x0
                0x0100a190                        __ddsc_OPTION_SETTING_BANKSEL_END = .

.option_setting_bps.startof
                0x0100a1c0        0x0
                0x0100a1c0                        __ddsc_OPTION_SETTING_BPS_START = .

__option_setting_bps_reg$$
                0x0100a1c0        0x0
                0x0100a1c0                        __option_setting_bps_reg$$Base = .
 *(.option_setting_bps)
                0x0100a1c0                        __option_setting_bps_reg$$Limit = .

.option_setting_bps.endof
                0x0100a1c0        0x0
                0x0100a1c0                        __ddsc_OPTION_SETTING_BPS_END = .

.option_setting_pbps.startof
                0x0100a1e0        0x0
                0x0100a1e0                        __ddsc_OPTION_SETTING_PBPS_START = .

__option_setting_pbps_reg$$
                0x0100a1e0        0x0
                0x0100a1e0                        __option_setting_pbps_reg$$Base = .
 *(.option_setting_pbps)
                0x0100a1e0                        __option_setting_pbps_reg$$Limit = .

.option_setting_pbps.endof
                0x0100a1e0        0x0
                0x0100a1e0                        __ddsc_OPTION_SETTING_PBPS_END = .

.option_setting_ofs1_sec.startof
                0x0100a200        0x0
                0x0100a200                        __ddsc_OPTION_SETTING_OFS1_SEC_START = .

__option_setting_ofs1_sec_reg$$
                0x0100a200        0x4
                0x0100a200                        __option_setting_ofs1_sec_reg$$Base = .
 *(.option_setting_ofs1_sec)
 .option_setting_ofs1_sec
                0x0100a200        0x4 ./ra/fsp/src/bsp/mcu/ra6m5/bsp_linker.o
                0x0100a204                        __option_setting_ofs1_sec_reg$$Limit = .

.option_setting_ofs1_sec.endof
                0x0100a204        0x0
                0x0100a204                        __ddsc_OPTION_SETTING_OFS1_SEC_END = .

.option_setting_banksel_sec.startof
                0x0100a210        0x0
                0x0100a210                        __ddsc_OPTION_SETTING_BANKSEL_SEC_START = .

__option_setting_banksel_sec_reg$$
                0x0100a210        0x0
                0x0100a210                        __option_setting_banksel_sec_reg$$Base = .
 *(.option_setting_banksel_sec)
                0x0100a210                        __option_setting_banksel_sec_reg$$Limit = .

.option_setting_banksel_sec.endof
                0x0100a210        0x0
                0x0100a210                        __ddsc_OPTION_SETTING_BANKSEL_SEC_END = .

.option_setting_bps_sec.startof
                0x0100a240        0x0
                0x0100a240                        __ddsc_OPTION_SETTING_BPS_SEC_START = .

__option_setting_bps_sec_reg$$
                0x0100a240        0x0
                0x0100a240                        __option_setting_bps_sec_reg$$Base = .
 *(.option_setting_bps_sec)
                0x0100a240                        __option_setting_bps_sec_reg$$Limit = .

.option_setting_bps_sec.endof
                0x0100a240        0x0
                0x0100a240                        __ddsc_OPTION_SETTING_BPS_SEC_END = .

.option_setting_pbps_sec.startof
                0x0100a260        0x0
                0x0100a260                        __ddsc_OPTION_SETTING_PBPS_SEC_START = .

__option_setting_pbps_sec_reg$$
                0x0100a260        0x0
                0x0100a260                        __option_setting_pbps_sec_reg$$Base = .
 *(.option_setting_pbps_sec)
                0x0100a260                        __option_setting_pbps_sec_reg$$Limit = .

.option_setting_pbps_sec.endof
                0x0100a260        0x0
                0x0100a260                        __ddsc_OPTION_SETTING_PBPS_SEC_END = .

.option_setting_ofs1_sel.startof
                0x0100a280        0x0
                0x0100a280                        __ddsc_OPTION_SETTING_OFS1_SEL_START = .

__option_setting_ofs1_sel_reg$$
                0x0100a280        0x4
                0x0100a280                        __option_setting_ofs1_sel_reg$$Base = .
 *(.option_setting_ofs1_sel)
 .option_setting_ofs1_sel
                0x0100a280        0x4 ./ra/fsp/src/bsp/mcu/ra6m5/bsp_linker.o
                0x0100a284                        __option_setting_ofs1_sel_reg$$Limit = .

.eh_frame       0x0100a284        0x0
 .eh_frame      0x0100a284        0x0 D:/RA/toolchains/gcc_arm/13.2.rel1/bin/../lib/gcc/arm-none-eabi/13.2.1/thumb/v8-m.main+fp/hard/crtbegin.o

.rel.dyn        0x0100a284        0x0
 .rel.iplt      0x0100a284        0x0 D:/RA/toolchains/gcc_arm/13.2.rel1/bin/../lib/gcc/arm-none-eabi/13.2.1/thumb/v8-m.main+fp/hard/crtbegin.o

.option_setting_ofs1_sel.endof
                0x0100a284        0x0
                0x0100a284                        __ddsc_OPTION_SETTING_OFS1_SEL_END = .

.option_setting_banksel_sel.startof
                0x0100a290        0x0
                0x0100a290                        __ddsc_OPTION_SETTING_BANKSEL_SEL_START = .

__option_setting_banksel_sel_reg$$
                0x0100a290        0x0
                0x0100a290                        __option_setting_banksel_sel_reg$$Base = .
 *(.option_setting_banksel_sel)
                0x0100a290                        __option_setting_banksel_sel_reg$$Limit = .

.option_setting_banksel_sel.endof
                0x0100a290        0x0
                0x0100a290                        __ddsc_OPTION_SETTING_BANKSEL_SEL_END = .

.option_setting_bps_sel.startof
                0x0100a2c0        0x0
                0x0100a2c0                        __ddsc_OPTION_SETTING_BPS_SEL_START = .

__option_setting_bps_sel_reg$$
                0x0100a2c0        0x0
                0x0100a2c0                        __option_setting_bps_sel_reg$$Base = .
 *(.option_setting_bps_sel)
                0x0100a2c0                        __option_setting_bps_sel_reg$$Limit = .

.option_setting_bps_sel.endof
                0x0100a2c0        0x0
                0x0100a2c0                        __ddsc_OPTION_SETTING_BPS_SEL_END = .
OUTPUT(Embedded_Competition_Renesas_Track.elf elf32-littlearm)
LOAD linker stubs

.ARM.attributes
                0x00000000       0x36
 .ARM.attributes
                0x00000000       0x26 D:/RA/toolchains/gcc_arm/13.2.rel1/bin/../lib/gcc/arm-none-eabi/13.2.1/thumb/v8-m.main+fp/hard/crti.o
 .ARM.attributes
                0x00000026       0x38 D:/RA/toolchains/gcc_arm/13.2.rel1/bin/../lib/gcc/arm-none-eabi/13.2.1/thumb/v8-m.main+fp/hard/crtbegin.o
 .ARM.attributes
                0x0000005e       0x3a ./src/libs/delay/delay.o
 .ARM.attributes
                0x00000098       0x3a ./src/drivers/drv_gpio.o
 .ARM.attributes
                0x000000d2       0x3a ./src/drivers/drv_spi.o
 .ARM.attributes
                0x0000010c       0x3a ./src/drivers/drv_systick.o
 .ARM.attributes
                0x00000146       0x3a ./src/devices/ADXL345/dev_adxl345.o
 .ARM.attributes
                0x00000180       0x3a ./src/devices/dev_gpio.o
 .ARM.attributes
                0x000001ba       0x3a ./src/devices/dev_spi.o
 .ARM.attributes
                0x000001f4       0x3a ./src/devices/dev_timer.o
 .ARM.attributes
                0x0000022e       0x3a ./src/debug_uart/debug_uart.o
 .ARM.attributes
                0x00000268       0x3a ./src/buding.o
 .ARM.attributes
                0x000002a2       0x3a ./src/hal_entry.o
 .ARM.attributes
                0x000002dc       0x3a ./src/hal_warmstart.o
 .ARM.attributes
                0x00000316       0x3a ./ra_gen/common_data.o
 .ARM.attributes
                0x00000350       0x3a ./ra_gen/hal_data.o
 .ARM.attributes
                0x0000038a       0x3a ./ra_gen/main.o
 .ARM.attributes
                0x000003c4       0x3a ./ra_gen/pin_data.o
 .ARM.attributes
                0x000003fe       0x3a ./ra_gen/vector_data.o
 .ARM.attributes
                0x00000438       0x3a ./ra/fsp/src/rm_rai_data_shipper/rm_rai_data_shipper.o
 .ARM.attributes
                0x00000472       0x3a ./ra/fsp/src/rm_rai_data_collector/rm_rai_data_collector.o
 .ARM.attributes
                0x000004ac       0x3a ./ra/fsp/src/rm_comms_uart/rm_comms_uart.o
 .ARM.attributes
                0x000004e6       0x3a ./ra/fsp/src/r_spi/r_spi.o
 .ARM.attributes
                0x00000520       0x3a ./ra/fsp/src/r_sci_uart/r_sci_uart.o
 .ARM.attributes
                0x0000055a       0x3a ./ra/fsp/src/r_ioport/r_ioport.o
 .ARM.attributes
                0x00000594       0x3a ./ra/fsp/src/bsp/mcu/ra6m5/bsp_linker.o
 .ARM.attributes
                0x000005ce       0x3a ./ra/fsp/src/bsp/mcu/all/bsp_clocks.o
 .ARM.attributes
                0x00000608       0x3a ./ra/fsp/src/bsp/mcu/all/bsp_common.o
 .ARM.attributes
                0x00000642       0x3a ./ra/fsp/src/bsp/mcu/all/bsp_delay.o
 .ARM.attributes
                0x0000067c       0x3a ./ra/fsp/src/bsp/mcu/all/bsp_group_irq.o
 .ARM.attributes
                0x000006b6       0x3a ./ra/fsp/src/bsp/mcu/all/bsp_io.o
 .ARM.attributes
                0x000006f0       0x3a ./ra/fsp/src/bsp/mcu/all/bsp_irq.o
 .ARM.attributes
                0x0000072a       0x3a ./ra/fsp/src/bsp/mcu/all/bsp_register_protection.o
 .ARM.attributes
                0x00000764       0x3a ./ra/fsp/src/bsp/mcu/all/bsp_sbrk.o
 .ARM.attributes
                0x0000079e       0x3a ./ra/fsp/src/bsp/cmsis/Device/RENESAS/Source/startup.o
 .ARM.attributes
                0x000007d8       0x3a ./ra/fsp/src/bsp/cmsis/Device/RENESAS/Source/system.o
 .ARM.attributes
                0x00000812       0x26 D:/RA/toolchains/gcc_arm/13.2.rel1/bin/../lib/gcc/arm-none-eabi/13.2.1/thumb/v8-m.main+fp/hard\libgcc.a(_arm_muldf3.o)
 .ARM.attributes
                0x00000838       0x26 D:/RA/toolchains/gcc_arm/13.2.rel1/bin/../lib/gcc/arm-none-eabi/13.2.1/thumb/v8-m.main+fp/hard\libgcc.a(_arm_addsubdf3.o)
 .ARM.attributes
                0x0000085e       0x26 D:/RA/toolchains/gcc_arm/13.2.rel1/bin/../lib/gcc/arm-none-eabi/13.2.1/thumb/v8-m.main+fp/hard\libgcc.a(_arm_truncdfsf2.o)
 .ARM.attributes
                0x00000884       0x38 D:/RA/toolchains/gcc_arm/13.2.rel1/bin/../lib/gcc/arm-none-eabi/13.2.1/thumb/v8-m.main+fp/hard\libg_nano.a(libc_a-mallocr.o)
 .ARM.attributes
                0x000008bc       0x38 D:/RA/toolchains/gcc_arm/13.2.rel1/bin/../lib/gcc/arm-none-eabi/13.2.1/thumb/v8-m.main+fp/hard\libg_nano.a(libc_a-mlock.o)
 .ARM.attributes
                0x000008f4       0x38 D:/RA/toolchains/gcc_arm/13.2.rel1/bin/../lib/gcc/arm-none-eabi/13.2.1/thumb/v8-m.main+fp/hard\libg_nano.a(libc_a-findfp.o)
 .ARM.attributes
                0x0000092c       0x38 D:/RA/toolchains/gcc_arm/13.2.rel1/bin/../lib/gcc/arm-none-eabi/13.2.1/thumb/v8-m.main+fp/hard\libg_nano.a(libc_a-vsprintf.o)
 .ARM.attributes
                0x00000964       0x38 D:/RA/toolchains/gcc_arm/13.2.rel1/bin/../lib/gcc/arm-none-eabi/13.2.1/thumb/v8-m.main+fp/hard\libg_nano.a(libc_a-memset.o)
 .ARM.attributes
                0x0000099c       0x38 D:/RA/toolchains/gcc_arm/13.2.rel1/bin/../lib/gcc/arm-none-eabi/13.2.1/thumb/v8-m.main+fp/hard\libg_nano.a(libc_a-strstr.o)
 .ARM.attributes
                0x000009d4       0x38 D:/RA/toolchains/gcc_arm/13.2.rel1/bin/../lib/gcc/arm-none-eabi/13.2.1/thumb/v8-m.main+fp/hard\libg_nano.a(libc_a-reent.o)
 .ARM.attributes
                0x00000a0c       0x38 D:/RA/toolchains/gcc_arm/13.2.rel1/bin/../lib/gcc/arm-none-eabi/13.2.1/thumb/v8-m.main+fp/hard\libg_nano.a(libc_a-impure.o)
 .ARM.attributes
                0x00000a44       0x38 D:/RA/toolchains/gcc_arm/13.2.rel1/bin/../lib/gcc/arm-none-eabi/13.2.1/thumb/v8-m.main+fp/hard\libg_nano.a(libc_a-sbrkr.o)
 .ARM.attributes
                0x00000a7c       0x38 D:/RA/toolchains/gcc_arm/13.2.rel1/bin/../lib/gcc/arm-none-eabi/13.2.1/thumb/v8-m.main+fp/hard\libg_nano.a(libc_a-lock.o)
 .ARM.attributes
                0x00000ab4       0x38 D:/RA/toolchains/gcc_arm/13.2.rel1/bin/../lib/gcc/arm-none-eabi/13.2.1/thumb/v8-m.main+fp/hard\libg_nano.a(libc_a-memcpy-stub.o)
 .ARM.attributes
                0x00000aec       0x38 D:/RA/toolchains/gcc_arm/13.2.rel1/bin/../lib/gcc/arm-none-eabi/13.2.1/thumb/v8-m.main+fp/hard\libg_nano.a(libc_a-freer.o)
 .ARM.attributes
                0x00000b24       0x38 D:/RA/toolchains/gcc_arm/13.2.rel1/bin/../lib/gcc/arm-none-eabi/13.2.1/thumb/v8-m.main+fp/hard\libg_nano.a(libc_a-nano-svfprintf.o)
 .ARM.attributes
                0x00000b5c       0x38 D:/RA/toolchains/gcc_arm/13.2.rel1/bin/../lib/gcc/arm-none-eabi/13.2.1/thumb/v8-m.main+fp/hard\libg_nano.a(libc_a-nano-vfprintf_i.o)
 .ARM.attributes
                0x00000b94       0x38 D:/RA/toolchains/gcc_arm/13.2.rel1/bin/../lib/gcc/arm-none-eabi/13.2.1/thumb/v8-m.main+fp/hard\libg_nano.a(libc_a-memmove.o)
 .ARM.attributes
                0x00000bcc       0x38 D:/RA/toolchains/gcc_arm/13.2.rel1/bin/../lib/gcc/arm-none-eabi/13.2.1/thumb/v8-m.main+fp/hard\libg_nano.a(libc_a-memchr-stub.o)
 .ARM.attributes
                0x00000c04       0x38 D:/RA/toolchains/gcc_arm/13.2.rel1/bin/../lib/gcc/arm-none-eabi/13.2.1/thumb/v8-m.main+fp/hard\libg_nano.a(libc_a-reallocr.o)
 .ARM.attributes
                0x00000c3c       0x38 D:/RA/toolchains/gcc_arm/13.2.rel1/bin/../lib/gcc/arm-none-eabi/13.2.1/thumb/v8-m.main+fp/hard\libg_nano.a(libc_a-msizer.o)
 .ARM.attributes
                0x00000c74       0x38 D:/RA/toolchains/gcc_arm/13.2.rel1/bin/../lib/gcc/arm-none-eabi/13.2.1/thumb/v8-m.main+fp/hard/crtend.o

.comment        0x00000000       0x44
 .comment       0x00000000       0x44 ./src/libs/delay/delay.o
                                 0x45 (size before relaxing)
 .comment       0x00000044       0x45 ./src/drivers/drv_gpio.o
 .comment       0x00000044       0x45 ./src/drivers/drv_spi.o
 .comment       0x00000044       0x45 ./src/drivers/drv_systick.o
 .comment       0x00000044       0x45 ./src/devices/ADXL345/dev_adxl345.o
 .comment       0x00000044       0x45 ./src/devices/dev_gpio.o
 .comment       0x00000044       0x45 ./src/devices/dev_spi.o
 .comment       0x00000044       0x45 ./src/devices/dev_timer.o
 .comment       0x00000044       0x45 ./src/debug_uart/debug_uart.o
 .comment       0x00000044       0x45 ./src/buding.o
 .comment       0x00000044       0x45 ./src/hal_entry.o
 .comment       0x00000044       0x45 ./src/hal_warmstart.o
 .comment       0x00000044       0x45 ./ra_gen/common_data.o
 .comment       0x00000044       0x45 ./ra_gen/hal_data.o
 .comment       0x00000044       0x45 ./ra_gen/main.o
 .comment       0x00000044       0x45 ./ra_gen/pin_data.o
 .comment       0x00000044       0x45 ./ra_gen/vector_data.o
 .comment       0x00000044       0x45 ./ra/fsp/src/rm_rai_data_shipper/rm_rai_data_shipper.o
 .comment       0x00000044       0x45 ./ra/fsp/src/rm_rai_data_collector/rm_rai_data_collector.o
 .comment       0x00000044       0x45 ./ra/fsp/src/rm_comms_uart/rm_comms_uart.o
 .comment       0x00000044       0x45 ./ra/fsp/src/r_spi/r_spi.o
 .comment       0x00000044       0x45 ./ra/fsp/src/r_sci_uart/r_sci_uart.o
 .comment       0x00000044       0x45 ./ra/fsp/src/r_ioport/r_ioport.o
 .comment       0x00000044       0x45 ./ra/fsp/src/bsp/mcu/ra6m5/bsp_linker.o
 .comment       0x00000044       0x45 ./ra/fsp/src/bsp/mcu/all/bsp_clocks.o
 .comment       0x00000044       0x45 ./ra/fsp/src/bsp/mcu/all/bsp_common.o
 .comment       0x00000044       0x45 ./ra/fsp/src/bsp/mcu/all/bsp_delay.o
 .comment       0x00000044       0x45 ./ra/fsp/src/bsp/mcu/all/bsp_group_irq.o
 .comment       0x00000044       0x45 ./ra/fsp/src/bsp/mcu/all/bsp_io.o
 .comment       0x00000044       0x45 ./ra/fsp/src/bsp/mcu/all/bsp_irq.o
 .comment       0x00000044       0x45 ./ra/fsp/src/bsp/mcu/all/bsp_register_protection.o
 .comment       0x00000044       0x45 ./ra/fsp/src/bsp/mcu/all/bsp_sbrk.o
 .comment       0x00000044       0x45 ./ra/fsp/src/bsp/cmsis/Device/RENESAS/Source/startup.o
 .comment       0x00000044       0x45 ./ra/fsp/src/bsp/cmsis/Device/RENESAS/Source/system.o

.debug_info     0x00000000    0x48f61
 .debug_info    0x00000000      0x2e4 ./src/libs/delay/delay.o
 .debug_info    0x000002e4     0x1636 ./src/drivers/drv_gpio.o
 .debug_info    0x0000191a     0x1948 ./src/drivers/drv_spi.o
 .debug_info    0x00003262      0x8b5 ./src/drivers/drv_systick.o
 .debug_info    0x00003b17     0x26e1 ./src/devices/ADXL345/dev_adxl345.o
 .debug_info    0x000061f8     0x1471 ./src/devices/dev_gpio.o
 .debug_info    0x00007669     0x14cb ./src/devices/dev_spi.o
 .debug_info    0x00008b34     0x14ae ./src/devices/dev_timer.o
 .debug_info    0x00009fe2     0x1ee2 ./src/debug_uart/debug_uart.o
 .debug_info    0x0000bec4       0x41 ./src/buding.o
 .debug_info    0x0000bf05     0x2acd ./src/hal_entry.o
 .debug_info    0x0000e9d2      0xff8 ./src/hal_warmstart.o
 .debug_info    0x0000f9ca     0x50a5 ./ra_gen/common_data.o
 .debug_info    0x00014a6f     0x4751 ./ra_gen/hal_data.o
 .debug_info    0x000191c0       0xaa ./ra_gen/main.o
 .debug_info    0x0001926a      0xa31 ./ra_gen/pin_data.o
 .debug_info    0x00019c9b      0x8d2 ./ra_gen/vector_data.o
 .debug_info    0x0001a56d     0x1745 ./ra/fsp/src/rm_rai_data_shipper/rm_rai_data_shipper.o
 .debug_info    0x0001bcb2     0x2041 ./ra/fsp/src/rm_rai_data_collector/rm_rai_data_collector.o
 .debug_info    0x0001dcf3     0x19e0 ./ra/fsp/src/rm_comms_uart/rm_comms_uart.o
 .debug_info    0x0001f6d3     0x88c7 ./ra/fsp/src/r_spi/r_spi.o
 .debug_info    0x00027f9a     0xa184 ./ra/fsp/src/r_sci_uart/r_sci_uart.o
 .debug_info    0x0003211e     0x770d ./ra/fsp/src/r_ioport/r_ioport.o
 .debug_info    0x0003982b      0x4e6 ./ra/fsp/src/bsp/mcu/ra6m5/bsp_linker.o
 .debug_info    0x00039d11     0x64de ./ra/fsp/src/bsp/mcu/all/bsp_clocks.o
 .debug_info    0x000401ef      0x96f ./ra/fsp/src/bsp/mcu/all/bsp_common.o
 .debug_info    0x00040b5e      0x204 ./ra/fsp/src/bsp/mcu/all/bsp_delay.o
 .debug_info    0x00040d62     0x1363 ./ra/fsp/src/bsp/mcu/all/bsp_group_irq.o
 .debug_info    0x000420c5       0xb2 ./ra/fsp/src/bsp/mcu/all/bsp_io.o
 .debug_info    0x00042177     0x2019 ./ra/fsp/src/bsp/mcu/all/bsp_irq.o
 .debug_info    0x00044190     0x3912 ./ra/fsp/src/bsp/mcu/all/bsp_register_protection.o
 .debug_info    0x00047aa2      0x129 ./ra/fsp/src/bsp/mcu/all/bsp_sbrk.o
 .debug_info    0x00047bcb      0x187 ./ra/fsp/src/bsp/cmsis/Device/RENESAS/Source/startup.o
 .debug_info    0x00047d52     0x120f ./ra/fsp/src/bsp/cmsis/Device/RENESAS/Source/system.o

.debug_abbrev   0x00000000     0x59b3
 .debug_abbrev  0x00000000      0x164 ./src/libs/delay/delay.o
 .debug_abbrev  0x00000164      0x277 ./src/drivers/drv_gpio.o
 .debug_abbrev  0x000003db      0x31b ./src/drivers/drv_spi.o
 .debug_abbrev  0x000006f6      0x2a3 ./src/drivers/drv_systick.o
 .debug_abbrev  0x00000999      0x426 ./src/devices/ADXL345/dev_adxl345.o
 .debug_abbrev  0x00000dbf      0x2be ./src/devices/dev_gpio.o
 .debug_abbrev  0x0000107d      0x2be ./src/devices/dev_spi.o
 .debug_abbrev  0x0000133b      0x2be ./src/devices/dev_timer.o
 .debug_abbrev  0x000015f9      0x44c ./src/debug_uart/debug_uart.o
 .debug_abbrev  0x00001a45       0x2c ./src/buding.o
 .debug_abbrev  0x00001a71      0x410 ./src/hal_entry.o
 .debug_abbrev  0x00001e81      0x158 ./src/hal_warmstart.o
 .debug_abbrev  0x00001fd9      0x34e ./ra_gen/common_data.o
 .debug_abbrev  0x00002327      0x2c4 ./ra_gen/hal_data.o
 .debug_abbrev  0x000025eb       0x61 ./ra_gen/main.o
 .debug_abbrev  0x0000264c       0xff ./ra_gen/pin_data.o
 .debug_abbrev  0x0000274b       0xbe ./ra_gen/vector_data.o
 .debug_abbrev  0x00002809      0x3eb ./ra/fsp/src/rm_rai_data_shipper/rm_rai_data_shipper.o
 .debug_abbrev  0x00002bf4      0x4a0 ./ra/fsp/src/rm_rai_data_collector/rm_rai_data_collector.o
 .debug_abbrev  0x00003094      0x39c ./ra/fsp/src/rm_comms_uart/rm_comms_uart.o
 .debug_abbrev  0x00003430      0x639 ./ra/fsp/src/r_spi/r_spi.o
 .debug_abbrev  0x00003a69      0x622 ./ra/fsp/src/r_sci_uart/r_sci_uart.o
 .debug_abbrev  0x0000408b      0x49c ./ra/fsp/src/r_ioport/r_ioport.o
 .debug_abbrev  0x00004527       0xe3 ./ra/fsp/src/bsp/mcu/ra6m5/bsp_linker.o
 .debug_abbrev  0x0000460a      0x433 ./ra/fsp/src/bsp/mcu/all/bsp_clocks.o
 .debug_abbrev  0x00004a3d      0x188 ./ra/fsp/src/bsp/mcu/all/bsp_common.o
 .debug_abbrev  0x00004bc5      0x10d ./ra/fsp/src/bsp/mcu/all/bsp_delay.o
 .debug_abbrev  0x00004cd2      0x256 ./ra/fsp/src/bsp/mcu/all/bsp_group_irq.o
 .debug_abbrev  0x00004f28       0x5e ./ra/fsp/src/bsp/mcu/all/bsp_io.o
 .debug_abbrev  0x00004f86      0x287 ./ra/fsp/src/bsp/mcu/all/bsp_irq.o
 .debug_abbrev  0x0000520d      0x27d ./ra/fsp/src/bsp/mcu/all/bsp_register_protection.o
 .debug_abbrev  0x0000548a       0xaf ./ra/fsp/src/bsp/mcu/all/bsp_sbrk.o
 .debug_abbrev  0x00005539      0x102 ./ra/fsp/src/bsp/cmsis/Device/RENESAS/Source/startup.o
 .debug_abbrev  0x0000563b      0x378 ./ra/fsp/src/bsp/cmsis/Device/RENESAS/Source/system.o

.debug_loclists
                0x00000000     0x540d
 .debug_loclists
                0x00000000       0x8e ./src/libs/delay/delay.o
 .debug_loclists
                0x0000008e      0x15e ./src/drivers/drv_gpio.o
 .debug_loclists
                0x000001ec      0x445 ./src/drivers/drv_spi.o
 .debug_loclists
                0x00000631      0x115 ./src/drivers/drv_systick.o
 .debug_loclists
                0x00000746      0x7b4 ./src/devices/ADXL345/dev_adxl345.o
 .debug_loclists
                0x00000efa       0x4f ./src/devices/dev_gpio.o
 .debug_loclists
                0x00000f49       0x4f ./src/devices/dev_spi.o
 .debug_loclists
                0x00000f98       0x4f ./src/devices/dev_timer.o
 .debug_loclists
                0x00000fe7      0x443 ./src/debug_uart/debug_uart.o
 .debug_loclists
                0x0000142a       0x91 ./src/hal_entry.o
 .debug_loclists
                0x000014bb       0x29 ./src/hal_warmstart.o
 .debug_loclists
                0x000014e4      0x4b5 ./ra/fsp/src/rm_rai_data_shipper/rm_rai_data_shipper.o
 .debug_loclists
                0x00001999      0x6b6 ./ra/fsp/src/rm_rai_data_collector/rm_rai_data_collector.o
 .debug_loclists
                0x0000204f      0x35f ./ra/fsp/src/rm_comms_uart/rm_comms_uart.o
 .debug_loclists
                0x000023ae     0x11ca ./ra/fsp/src/r_spi/r_spi.o
 .debug_loclists
                0x00003578      0xe41 ./ra/fsp/src/r_sci_uart/r_sci_uart.o
 .debug_loclists
                0x000043b9      0x7c8 ./ra/fsp/src/r_ioport/r_ioport.o
 .debug_loclists
                0x00004b81      0x3f8 ./ra/fsp/src/bsp/mcu/all/bsp_clocks.o
 .debug_loclists
                0x00004f79       0x20 ./ra/fsp/src/bsp/mcu/all/bsp_common.o
 .debug_loclists
                0x00004f99      0x199 ./ra/fsp/src/bsp/mcu/all/bsp_delay.o
 .debug_loclists
                0x00005132       0x73 ./ra/fsp/src/bsp/mcu/all/bsp_group_irq.o
 .debug_loclists
                0x000051a5       0x99 ./ra/fsp/src/bsp/mcu/all/bsp_irq.o
 .debug_loclists
                0x0000523e       0xa7 ./ra/fsp/src/bsp/mcu/all/bsp_register_protection.o
 .debug_loclists
                0x000052e5       0x8b ./ra/fsp/src/bsp/mcu/all/bsp_sbrk.o
 .debug_loclists
                0x00005370       0x9d ./ra/fsp/src/bsp/cmsis/Device/RENESAS/Source/system.o

.debug_aranges  0x00000000      0x810
 .debug_aranges
                0x00000000       0x30 ./src/libs/delay/delay.o
 .debug_aranges
                0x00000030       0x38 ./src/drivers/drv_gpio.o
 .debug_aranges
                0x00000068       0x48 ./src/drivers/drv_spi.o
 .debug_aranges
                0x000000b0       0x38 ./src/drivers/drv_systick.o
 .debug_aranges
                0x000000e8       0x50 ./src/devices/ADXL345/dev_adxl345.o
 .debug_aranges
                0x00000138       0x38 ./src/devices/dev_gpio.o
 .debug_aranges
                0x00000170       0x38 ./src/devices/dev_spi.o
 .debug_aranges
                0x000001a8       0x38 ./src/devices/dev_timer.o
 .debug_aranges
                0x000001e0       0x70 ./src/debug_uart/debug_uart.o
 .debug_aranges
                0x00000250       0x18 ./src/buding.o
 .debug_aranges
                0x00000268       0x40 ./src/hal_entry.o
 .debug_aranges
                0x000002a8       0x20 ./src/hal_warmstart.o
 .debug_aranges
                0x000002c8       0x20 ./ra_gen/common_data.o
 .debug_aranges
                0x000002e8       0x20 ./ra_gen/hal_data.o
 .debug_aranges
                0x00000308       0x20 ./ra_gen/main.o
 .debug_aranges
                0x00000328       0x18 ./ra_gen/pin_data.o
 .debug_aranges
                0x00000340       0x18 ./ra_gen/vector_data.o
 .debug_aranges
                0x00000358       0x48 ./ra/fsp/src/rm_rai_data_shipper/rm_rai_data_shipper.o
 .debug_aranges
                0x000003a0       0x78 ./ra/fsp/src/rm_rai_data_collector/rm_rai_data_collector.o
 .debug_aranges
                0x00000418       0x50 ./ra/fsp/src/rm_comms_uart/rm_comms_uart.o
 .debug_aranges
                0x00000468       0x98 ./ra/fsp/src/r_spi/r_spi.o
 .debug_aranges
                0x00000500       0xa0 ./ra/fsp/src/r_sci_uart/r_sci_uart.o
 .debug_aranges
                0x000005a0       0x90 ./ra/fsp/src/r_ioport/r_ioport.o
 .debug_aranges
                0x00000630       0x18 ./ra/fsp/src/bsp/mcu/ra6m5/bsp_linker.o
 .debug_aranges
                0x00000648       0x70 ./ra/fsp/src/bsp/mcu/all/bsp_clocks.o
 .debug_aranges
                0x000006b8       0x30 ./ra/fsp/src/bsp/mcu/all/bsp_common.o
 .debug_aranges
                0x000006e8       0x28 ./ra/fsp/src/bsp/mcu/all/bsp_delay.o
 .debug_aranges
                0x00000710       0x28 ./ra/fsp/src/bsp/mcu/all/bsp_group_irq.o
 .debug_aranges
                0x00000738       0x18 ./ra/fsp/src/bsp/mcu/all/bsp_io.o
 .debug_aranges
                0x00000750       0x20 ./ra/fsp/src/bsp/mcu/all/bsp_irq.o
 .debug_aranges
                0x00000770       0x28 ./ra/fsp/src/bsp/mcu/all/bsp_register_protection.o
 .debug_aranges
                0x00000798       0x20 ./ra/fsp/src/bsp/mcu/all/bsp_sbrk.o
 .debug_aranges
                0x000007b8       0x28 ./ra/fsp/src/bsp/cmsis/Device/RENESAS/Source/startup.o
 .debug_aranges
                0x000007e0       0x30 ./ra/fsp/src/bsp/cmsis/Device/RENESAS/Source/system.o

.debug_rnglists
                0x00000000      0xda8
 .debug_rnglists
                0x00000000       0x1f ./src/libs/delay/delay.o
 .debug_rnglists
                0x0000001f       0x25 ./src/drivers/drv_gpio.o
 .debug_rnglists
                0x00000044       0x90 ./src/drivers/drv_spi.o
 .debug_rnglists
                0x000000d4       0x43 ./src/drivers/drv_systick.o
 .debug_rnglists
                0x00000117      0x10b ./src/devices/ADXL345/dev_adxl345.o
 .debug_rnglists
                0x00000222       0x25 ./src/devices/dev_gpio.o
 .debug_rnglists
                0x00000247       0x25 ./src/devices/dev_spi.o
 .debug_rnglists
                0x0000026c       0x25 ./src/devices/dev_timer.o
 .debug_rnglists
                0x00000291       0xad ./src/debug_uart/debug_uart.o
 .debug_rnglists
                0x0000033e       0x2c ./src/hal_entry.o
 .debug_rnglists
                0x0000036a       0x13 ./src/hal_warmstart.o
 .debug_rnglists
                0x0000037d       0x13 ./ra_gen/common_data.o
 .debug_rnglists
                0x00000390       0x13 ./ra_gen/hal_data.o
 .debug_rnglists
                0x000003a3       0x13 ./ra_gen/main.o
 .debug_rnglists
                0x000003b6       0xaa ./ra/fsp/src/rm_rai_data_shipper/rm_rai_data_shipper.o
 .debug_rnglists
                0x00000460       0xa5 ./ra/fsp/src/rm_rai_data_collector/rm_rai_data_collector.o
 .debug_rnglists
                0x00000505       0x4f ./ra/fsp/src/rm_comms_uart/rm_comms_uart.o
 .debug_rnglists
                0x00000554      0x2b0 ./ra/fsp/src/r_spi/r_spi.o
 .debug_rnglists
                0x00000804      0x26c ./ra/fsp/src/r_sci_uart/r_sci_uart.o
 .debug_rnglists
                0x00000a70       0xbc ./ra/fsp/src/r_ioport/r_ioport.o
 .debug_rnglists
                0x00000b2c      0x118 ./ra/fsp/src/bsp/mcu/all/bsp_clocks.o
 .debug_rnglists
                0x00000c44       0x1f ./ra/fsp/src/bsp/mcu/all/bsp_common.o
 .debug_rnglists
                0x00000c63       0x35 ./ra/fsp/src/bsp/mcu/all/bsp_delay.o
 .debug_rnglists
                0x00000c98       0x37 ./ra/fsp/src/bsp/mcu/all/bsp_group_irq.o
 .debug_rnglists
                0x00000ccf       0x41 ./ra/fsp/src/bsp/mcu/all/bsp_irq.o
 .debug_rnglists