Archive member included to satisfy reference by file (symbol)

D:/RA/toolchains/gcc_arm/13.2.rel1/bin/../lib/gcc/arm-none-eabi/13.2.1/thumb/v8-m.main+fp/hard\libgcc.a(_arm_muldf3.o)
                              ./src/devices/ADXL345/dev_adxl345.o (__aeabi_dmul)
D:/RA/toolchains/gcc_arm/13.2.rel1/bin/../lib/gcc/arm-none-eabi/13.2.1/thumb/v8-m.main+fp/hard\libgcc.a(_arm_addsubdf3.o)
                              ./src/devices/ADXL345/dev_adxl345.o (__aeabi_i2d)
D:/RA/toolchains/gcc_arm/13.2.rel1/bin/../lib/gcc/arm-none-eabi/13.2.1/thumb/v8-m.main+fp/hard\libgcc.a(_arm_truncdfsf2.o)
                              ./src/devices/ADXL345/dev_adxl345.o (__aeabi_d2f)
D:/RA/toolchains/gcc_arm/13.2.rel1/bin/../lib/gcc/arm-none-eabi/13.2.1/thumb/v8-m.main+fp/hard\libgcc.a(_aeabi_ldivmod.o)
                              ./ra/fsp/src/r_sci_uart/r_sci_uart.o (__aeabi_ldivmod)
D:/RA/toolchains/gcc_arm/13.2.rel1/bin/../lib/gcc/arm-none-eabi/13.2.1/thumb/v8-m.main+fp/hard\libgcc.a(_udivmoddi4.o)
                              D:/RA/toolchains/gcc_arm/13.2.rel1/bin/../lib/gcc/arm-none-eabi/13.2.1/thumb/v8-m.main+fp/hard\libgcc.a(_aeabi_ldivmod.o) (__udivmoddi4)
D:/RA/toolchains/gcc_arm/13.2.rel1/bin/../lib/gcc/arm-none-eabi/13.2.1/thumb/v8-m.main+fp/hard\libgcc.a(_dvmd_tls.o)
                              D:/RA/toolchains/gcc_arm/13.2.rel1/bin/../lib/gcc/arm-none-eabi/13.2.1/thumb/v8-m.main+fp/hard\libgcc.a(_aeabi_ldivmod.o) (__aeabi_ldiv0)
D:/RA/toolchains/gcc_arm/13.2.rel1/bin/../lib/gcc/arm-none-eabi/13.2.1/thumb/v8-m.main+fp/hard\libg_nano.a(libc_a-exit.o)
                              D:/RA/toolchains/gcc_arm/13.2.rel1/bin/../lib/gcc/arm-none-eabi/13.2.1/thumb/v8-m.main+fp/hard/crt0.o (exit)
D:/RA/toolchains/gcc_arm/13.2.rel1/bin/../lib/gcc/arm-none-eabi/13.2.1/thumb/v8-m.main+fp/hard\libg_nano.a(libc_a-malloc.o)
                              ./src/libs/ring_buffer/ring_buffer.o (malloc)
D:/RA/toolchains/gcc_arm/13.2.rel1/bin/../lib/gcc/arm-none-eabi/13.2.1/thumb/v8-m.main+fp/hard\libg_nano.a(libc_a-mallocr.o)
                              D:/RA/toolchains/gcc_arm/13.2.rel1/bin/../lib/gcc/arm-none-eabi/13.2.1/thumb/v8-m.main+fp/hard\libg_nano.a(libc_a-malloc.o) (_malloc_r)
D:/RA/toolchains/gcc_arm/13.2.rel1/bin/../lib/gcc/arm-none-eabi/13.2.1/thumb/v8-m.main+fp/hard\libg_nano.a(libc_a-mlock.o)
                              D:/RA/toolchains/gcc_arm/13.2.rel1/bin/../lib/gcc/arm-none-eabi/13.2.1/thumb/v8-m.main+fp/hard\libg_nano.a(libc_a-mallocr.o) (__malloc_lock)
D:/RA/toolchains/gcc_arm/13.2.rel1/bin/../lib/gcc/arm-none-eabi/13.2.1/thumb/v8-m.main+fp/hard\libg_nano.a(libc_a-rand.o)
                              ./src/rai/example.o (rand)
D:/RA/toolchains/gcc_arm/13.2.rel1/bin/../lib/gcc/arm-none-eabi/13.2.1/thumb/v8-m.main+fp/hard\libg_nano.a(libc_a-nano-vfprintf_float.o)
                              (_printf_float)
D:/RA/toolchains/gcc_arm/13.2.rel1/bin/../lib/gcc/arm-none-eabi/13.2.1/thumb/v8-m.main+fp/hard\libg_nano.a(libc_a-nano-vfprintf_i.o)
                              D:/RA/toolchains/gcc_arm/13.2.rel1/bin/../lib/gcc/arm-none-eabi/13.2.1/thumb/v8-m.main+fp/hard\libg_nano.a(libc_a-nano-vfprintf_float.o) (_printf_common)
D:/RA/toolchains/gcc_arm/13.2.rel1/bin/../lib/gcc/arm-none-eabi/13.2.1/thumb/v8-m.main+fp/hard\libg_nano.a(libc_a-findfp.o)
                              D:/RA/toolchains/gcc_arm/13.2.rel1/bin/../lib/gcc/arm-none-eabi/13.2.1/thumb/v8-m.main+fp/hard\libg_nano.a(libc_a-exit.o) (__stdio_exit_handler)
D:/RA/toolchains/gcc_arm/13.2.rel1/bin/../lib/gcc/arm-none-eabi/13.2.1/thumb/v8-m.main+fp/hard\libg_nano.a(libc_a-fwalk.o)
                              D:/RA/toolchains/gcc_arm/13.2.rel1/bin/../lib/gcc/arm-none-eabi/13.2.1/thumb/v8-m.main+fp/hard\libg_nano.a(libc_a-findfp.o) (_fwalk_sglue)
D:/RA/toolchains/gcc_arm/13.2.rel1/bin/../lib/gcc/arm-none-eabi/13.2.1/thumb/v8-m.main+fp/hard\libg_nano.a(libc_a-printf.o)
                              ./src/rai/example.o (printf)
D:/RA/toolchains/gcc_arm/13.2.rel1/bin/../lib/gcc/arm-none-eabi/13.2.1/thumb/v8-m.main+fp/hard\libg_nano.a(libc_a-puts.o)
                              ./src/rai/example.o (puts)
D:/RA/toolchains/gcc_arm/13.2.rel1/bin/../lib/gcc/arm-none-eabi/13.2.1/thumb/v8-m.main+fp/hard\libg_nano.a(libc_a-stdio.o)
                              D:/RA/toolchains/gcc_arm/13.2.rel1/bin/../lib/gcc/arm-none-eabi/13.2.1/thumb/v8-m.main+fp/hard\libg_nano.a(libc_a-findfp.o) (__sread)
D:/RA/toolchains/gcc_arm/13.2.rel1/bin/../lib/gcc/arm-none-eabi/13.2.1/thumb/v8-m.main+fp/hard\libg_nano.a(libc_a-vsprintf.o)
                              ./src/debug_uart/debug_uart.o (vsprintf)
D:/RA/toolchains/gcc_arm/13.2.rel1/bin/../lib/gcc/arm-none-eabi/13.2.1/thumb/v8-m.main+fp/hard\libg_nano.a(libc_a-wbuf.o)
                              D:/RA/toolchains/gcc_arm/13.2.rel1/bin/../lib/gcc/arm-none-eabi/13.2.1/thumb/v8-m.main+fp/hard\libg_nano.a(libc_a-puts.o) (__swbuf_r)
[...]
Memory Configuration

Name             Origin             Length             Attributes
RAM              0x20000000         0x00080000         xrw
FLASH            0x00000000         0x00200000         xr
DATA_FLASH       0x08000000         0x00002000         xr
QSPI_FLASH       0x60000000         0x04000000         xr
OSPI0_CS0        0x68000000         0x08000000         xrw
OSPI0_CS1        0x70000000         0x10000000         xr
OPTION_SETTING_OFS0 0x0100a100         0x00000004         r
OPTION_SETTING_DUALSEL 0x0100a110         0x00000004         r
OPTION_SETTING_OFS1 0x0100a180         0x00000004         r
OPTION_SETTING_BANKSEL 0x0100a190         0x00000004         r
OPTION_SETTING_BPS 0x0100a1c0         0x00000010         r
OPTION_SETTING_PBPS 0x0100a1e0         0x00000010         r
OPTION_SETTING_OFS1_SEC 0x0100a200         0x00000004         r
OPTION_SETTING_BANKSEL_SEC 0x0100a210         0x00000004         r
OPTION_SETTING_BPS_SEC 0x0100a240         0x00000010         r
OPTION_SETTING_PBPS_SEC 0x0100a260         0x00000010         r
OPTION_SETTING_OFS1_SEL 0x0100a280         0x00000004         r
OPTION_SETTING_BANKSEL_SEL 0x0100a290         0x00000004         r
OPTION_SETTING_BPS_SEL 0x0100a2c0         0x00000010         r
*default*        0x00000000         0xffffffff

Linker script and memory map

LOAD D:/RA/toolchains/gcc_arm/13.2.rel1/bin/../lib/gcc/arm-none-eabi/13.2.1/thumb/v8-m.main+fp/hard/crti.o
LOAD D:/RA/toolchains/gcc_arm/13.2.rel1/bin/../lib/gcc/arm-none-eabi/13.2.1/thumb/v8-m.main+fp/hard/crtbegin.o
LOAD D:/RA/toolchains/gcc_arm/13.2.rel1/bin/../lib/gcc/arm-none-eabi/13.2.1/thumb/v8-m.main+fp/hard/crt0.o
START GROUP
LOAD ./src/rai/Motor_monitor_1_model.o
LOAD ./src/rai/example.o
LOAD ./src/libs/ring_buffer/ring_buffer.o
LOAD ./src/libs/delay/delay.o
LOAD ./src/led/app_led.o
LOAD ./src/key/app_key.o
LOAD ./src/drivers/drv_gpio.o
LOAD ./src/drivers/drv_spi.o
LOAD ./src/drivers/drv_systick.o
LOAD ./src/devices/ADXL345/dev_adxl345.o
LOAD ./src/devices/dev_gpio.o
LOAD ./src/devices/dev_spi.o
LOAD ./src/devices/dev_timer.o
LOAD ./src/debug_uart/debug_uart.o
LOAD ./src/applications/app_adxl345.o
LOAD ./src/SEGGER_RTT/SEGGER_RTT.o
LOAD ./src/SEGGER_RTT/SEGGER_RTT_printf.o
LOAD ./src/buding.o
LOAD ./src/hal_entry.o
LOAD ./src/hal_warmstart.o
LOAD ./ra_gen/common_data.o
LOAD ./ra_gen/hal_data.o
LOAD ./ra_gen/main.o
LOAD ./ra_gen/pin_data.o
LOAD ./ra_gen/vector_data.o
LOAD ./ra/fsp/src/rm_rai_data_shipper/rm_rai_data_shipper.o
LOAD ./ra/fsp/src/rm_rai_data_collector/rm_rai_data_collector.o
LOAD ./ra/fsp/src/rm_comms_uart/rm_comms_uart.o
LOAD ./ra/fsp/src/rm_comms_lock/rm_comms_lock.o
LOAD ./ra/fsp/src/r_spi/r_spi.o
LOAD ./ra/fsp/src/r_sci_uart/r_sci_uart.o
LOAD ./ra/fsp/src/r_ioport/r_ioport.o
LOAD ./ra/fsp/src/bsp/mcu/ra6m5/bsp_linker.o
LOAD ./ra/fsp/src/bsp/mcu/all/bsp_clocks.o
LOAD ./ra/fsp/src/bsp/mcu/all/bsp_common.o
LOAD ./ra/fsp/src/bsp/mcu/all/bsp_delay.o
LOAD ./ra/fsp/src/bsp/mcu/all/bsp_group_irq.o
LOAD ./ra/fsp/src/bsp/mcu/all/bsp_guard.o
LOAD ./ra/fsp/src/bsp/mcu/all/bsp_io.o
LOAD ./ra/fsp/src/bsp/mcu/all/bsp_ipc.o
LOAD ./ra/fsp/src/bsp/mcu/all/bsp_irq.o
LOAD ./ra/fsp/src/bsp/mcu/all/bsp_macl.o
LOAD ./ra/fsp/src/bsp/mcu/all/bsp_ospi_b.o
LOAD ./ra/fsp/src/bsp/mcu/all/bsp_register_protection.o
LOAD ./ra/fsp/src/bsp/mcu/all/bsp_sbrk.o
LOAD ./ra/fsp/src/bsp/mcu/all/bsp_sdram.o
LOAD ./ra/fsp/src/bsp/mcu/all/bsp_security.o
LOAD ./ra/fsp/src/bsp/cmsis/Device/RENESAS/Source/startup.o
LOAD ./ra/fsp/src/bsp/cmsis/Device/RENESAS/Source/system.o
END GROUP
START GROUP
LOAD D:/RA/toolchains/gcc_arm/13.2.rel1/bin/../lib/gcc/arm-none-eabi/13.2.1/thumb/v8-m.main+fp/hard\libgcc.a
LOAD D:/RA/toolchains/gcc_arm/13.2.rel1/bin/../lib/gcc/arm-none-eabi/13.2.1/thumb/v8-m.main+fp/hard\libg_nano.a
LOAD D:/RA/toolchains/gcc_arm/13.2.rel1/bin/../lib/gcc/arm-none-eabi/13.2.1/thumb/v8-m.main+fp/hard\libc_nano.a
END GROUP
START GROUP
LOAD D:/RA/toolchains/gcc_arm/13.2.rel1/bin/../lib/gcc/arm-none-eabi/13.2.1/thumb/v8-m.main+fp/hard\libgcc.a
LOAD D:/RA/toolchains/gcc_arm/13.2.rel1/bin/../lib/gcc/arm-none-eabi/13.2.1/thumb/v8-m.main+fp/hard\libc_nano.a
END GROUP
LOAD D:/RA/toolchains/gcc_arm/13.2.rel1/bin/../lib/gcc/arm-none-eabi/13.2.1/thumb/v8-m.main+fp/hard/crtend.o
LOAD D:/RA/toolchains/gcc_arm/13.2.rel1/bin/../lib/gcc/arm-none-eabi/13.2.1/thumb/v8-m.main+fp/hard/crtn.o
                0x20000000                        RAM_START = 0x20000000
                0x00080000                        RAM_LENGTH = 0x80000
                0x00000000                        FLASH_START = 0x0
                0x00200000                        FLASH_LENGTH = 0x200000
                0x08000000                        DATA_FLASH_START = 0x8000000
                0x00002000                        DATA_FLASH_LENGTH = 0x2000
                0x60000000                        QSPI_FLASH_START = 0x60000000
                0x04000000                        QSPI_FLASH_LENGTH = 0x4000000
                0x68000000                        OSPI0_CS0_START = 0x68000000
                0x08000000                        OSPI0_CS0_LENGTH = 0x8000000
                0x70000000                        OSPI0_CS1_START = 0x70000000
                0x10000000                        OSPI0_CS1_LENGTH = 0x10000000
                0x0100a100                        OPTION_SETTING_OFS0_START = 0x100a100
                0x00000004                        OPTION_SETTING_OFS0_LENGTH = 0x4
                0x0100a110                        OPTION_SETTING_DUALSEL_START = 0x100a110
                0x00000004                        OPTION_SETTING_DUALSEL_LENGTH = 0x4
                0x0100a180                        OPTION_SETTING_OFS1_START = 0x100a180
                0x00000004                        OPTION_SETTING_OFS1_LENGTH = 0x4
                0x0100a190                        OPTION_SETTING_BANKSEL_START = 0x100a190
                0x00000004                        OPTION_SETTING_BANKSEL_LENGTH = 0x4
                0x0100a1c0                        OPTION_SETTING_BPS_START = 0x100a1c0
                0x00000010                        OPTION_SETTING_BPS_LENGTH = 0x10
                0x0100a1e0                        OPTION_SETTING_PBPS_START = 0x100a1e0
                0x00000010                        OPTION_SETTING_PBPS_LENGTH = 0x10
                0x0100a200                        OPTION_SETTING_OFS1_SEC_START = 0x100a200
                0x00000004                        OPTION_SETTING_OFS1_SEC_LENGTH = 0x4
                0x0100a210                        OPTION_SETTING_BANKSEL_SEC_START = 0x100a210
                0x00000004                        OPTION_SETTING_BANKSEL_SEC_LENGTH = 0x4
                0x0100a240                        OPTION_SETTING_BPS_SEC_START = 0x100a240
                0x00000010                        OPTION_SETTING_BPS_SEC_LENGTH = 0x10
                0x0100a260                        OPTION_SETTING_PBPS_SEC_START = 0x100a260
                0x00000010                        OPTION_SETTING_PBPS_SEC_LENGTH = 0x10
                0x0100a280                        OPTION_SETTING_OFS1_SEL_START = 0x100a280
                0x00000004                        OPTION_SETTING_OFS1_SEL_LENGTH = 0x4
                0x0100a290                        OPTION_SETTING_BANKSEL_SEL_START = 0x100a290
                0x00000004                        OPTION_SETTING_BANKSEL_SEL_LENGTH = 0x4
                0x0100a2c0                        OPTION_SETTING_BPS_SEL_START = 0x100a2c0
                0x00000010                        OPTION_SETTING_BPS_SEL_LENGTH = 0x10
START GROUP
LOAD D:/RA/toolchains/gcc_arm/13.2.rel1/bin/../lib/gcc/arm-none-eabi/13.2.1/thumb/v8-m.main+fp/hard\libgcc.a
LOAD D:/RA/toolchains/gcc_arm/13.2.rel1/bin/../lib/gcc/arm-none-eabi/13.2.1/thumb/v8-m.main+fp/hard\libc.a
LOAD D:/RA/toolchains/gcc_arm/13.2.rel1/bin/../lib/gcc/arm-none-eabi/13.2.1/thumb/v8-m.main+fp/hard\libm.a
END GROUP

.qspi_flash.startof
                0x60000000        0x0
                0x60000000                        __ddsc_QSPI_FLASH_START = .

.ospi0_cs0.startof
                0x68000000        0x0
                0x68000000                        __ddsc_OSPI0_CS0_START = .

__ospi0_cs0_from_qspi_flash$$
                0x68000000        0x0 load address 0x60000000
                0x68000000                        __ospi0_cs0_from_qspi_flash$$Base = .
                0x60000000                        __ospi0_cs0_from_qspi_flash$$Load = LOADADDR (__ospi0_cs0_from_qspi_flash$$)
 *(.ospi0_cs0_from_qspi_flash)
 *(.ospi0_cs0_code_from_qspi_flash)
                0x68000000                        __ospi0_cs0_from_qspi_flash$$Limit = .

.ram.startof    0x20000000        0x0
                0x20000000                        __ddsc_RAM_START = .

__ram_dtc_vector$$
                0x20000000        0x0
                0x20000000                        __ram_dtc_vector$$Base = .
 *(.fsp_dtc_vector_table)
                0x20000000                        __ram_dtc_vector$$Limit = .

__ram_from_qspi_flash$$
                0x20000000        0x0 load address 0x60000000
                0x20000000                        __ram_from_qspi_flash$$Base = .
                0x60000000                        __ram_from_qspi_flash$$Load = LOADADDR (__ram_from_qspi_flash$$)
 *(.ram_from_qspi_flash)
 *(.ram_code_from_qspi_flash)
                0x20000000                        __ram_from_qspi_flash$$Limit = .

__qspi_flash_readonly$$
                0x60000000        0x0
                0x60000000                        __qspi_flash_readonly$$Base = .
 *(.qspi_flash)
 *(.qspi_flash_code)
                0x60000000                        __qspi_flash_readonly$$Limit = .

__qspi_flash_noinit$$
                0x60000000        0x0
                0x60000000                        __qspi_flash_noinit$$Base = .
 *(.qspi_flash_noinit)
                0x60000000                        __qspi_flash_noinit$$Limit = .

.qspi_flash.endof
                0x60000000        0x0
                0x60000000                        __ddsc_QSPI_FLASH_END = .

.ospi0_cs1.startof
                0x70000000        0x0
                0x70000000                        __ddsc_OSPI0_CS1_START = .

__ospi0_cs0_from_ospi0_cs1$$
                0x68000000        0x0 load address 0x70000000
                0x68000000                        __ospi0_cs0_from_ospi0_cs1$$Base = .
                0x70000000                        __ospi0_cs0_from_ospi0_cs1$$Load = LOADADDR (__ospi0_cs0_from_ospi0_cs1$$)
 *(.ospi0_cs0_from_ospi0_cs1)
 *(.ospi0_cs0_code_from_ospi0_cs1)
                0x68000000                        __ospi0_cs0_from_ospi0_cs1$$Limit = .

__ram_from_ospi0_cs1$$
                0x20000000        0x0 load address 0x70000000
                0x20000000                        __ram_from_ospi0_cs1$$Base = .
                0x70000000                        __ram_from_ospi0_cs1$$Load = LOADADDR (__ram_from_ospi0_cs1$$)
 *(.ram_from_ospi0_cs1)
 *(.ram_code_from_ospi0_cs1)
                0x20000000                        __ram_from_ospi0_cs1$$Limit = .

__ospi0_cs1_readonly$$
                0x70000000        0x0
                0x70000000                        __ospi0_cs1_readonly$$Base = .
 *(.ospi0_cs1)
 *(.ospi0_cs1_code)
                0x70000000                        __ospi0_cs1_readonly$$Limit = .

__ospi0_cs1_noinit$$
                0x70000000        0x0
                0x70000000                        __ospi0_cs1_noinit$$Base = .
 *(.ospi0_cs1_noinit)
                0x70000000                        __ospi0_cs1_noinit$$Limit = .

.ospi0_cs1.endof
                0x70000000        0x0
                0x70000000                        __ddsc_OSPI0_CS1_END = .

.data_flash.startof
                0x08000000        0x0
                0x08000000                        __ddsc_DATA_FLASH_START = .

__ospi0_cs0_from_data_flash$$
                0x68000000        0x0 load address 0x08000000
                0x68000000                        __ospi0_cs0_from_data_flash$$Base = .
                0x08000000                        __ospi0_cs0_from_data_flash$$Load = LOADADDR (__ospi0_cs0_from_data_flash$$)
 *(.ospi0_cs0_from_data_flash)
 *(.ospi0_cs0_code_from_data_flash)
                0x68000000                        __ospi0_cs0_from_data_flash$$Limit = .

__ram_from_data_flash$$
                0x20000000        0x0 load address 0x08000000
                0x20000000                        __ram_from_data_flash$$Base = .
                0x08000000                        __ram_from_data_flash$$Load = LOADADDR (__ram_from_data_flash$$)
 *(.ram_from_data_flash)
 *(.ram_code_from_data_flash)
                0x20000000                        __ram_from_data_flash$$Limit = .

__data_flash_readonly$$
                0x08000000        0x0
                0x08000000                        __data_flash_readonly$$Base = .
 *(.data_flash)
 *(.data_flash_code)
                0x08000000                        __data_flash_readonly$$Limit = .

__data_flash_noinit$$
                0x08000000        0x0
                0x08000000                        __data_flash_noinit$$Base = .
 *(.data_flash_noinit)
                0x08000000                        __data_flash_noinit$$Limit = .

.data_flash.endof
                0x08000000        0x0
                0x08000000                        __ddsc_DATA_FLASH_END = .

.flash.startof  0x00000000        0x0
                0x00000000                        __ddsc_FLASH_START = .

__flash_vectors$$
                0x00000000       0x80
                0x00000000                        __flash_vectors$$Base = .
                0x00000000                        _VECTORS = .
 *(.fixed_vectors)
 .fixed_vectors
                0x00000000       0x40 ./ra/fsp/src/bsp/cmsis/Device/RENESAS/Source/startup.o
                0x00000000                __Vectors
 *(.application_vectors)
 .application_vectors
                0x00000040       0x40 ./ra_gen/vector_data.o
                0x00000040                g_vector_table
                0x00000080                        __flash_vectors$$Limit = .

__flash_noinit$$
                0x00000080        0x0
                0x00000080                        __flash_noinit$$Base = .
 *(.flash_noinit)
                0x00000080                        __flash_noinit$$Limit = .

__ospi0_cs0_from_flash$$
                0x68000000        0x0 load address 0x00000080
                0x68000000                        __ospi0_cs0_from_flash$$Base = .
                0x00000080                        __ospi0_cs0_from_flash$$Load = LOADADDR (__ospi0_cs0_from_flash$$)
 *(.ospi0_cs0_from_flash)
 *(.ospi0_cs0_code_from_flash)
                0x68000000                        __ospi0_cs0_from_flash$$Limit = .

__ospi0_cs0_noinit_nocache$$
                0x68000000        0x0 load address 0x00000080
                0x68000000                        __ospi0_cs0_noinit_nocache$$Base = .
 *(.ospi0_cs0_noinit_nocache)
                0x68000000                        __ospi0_cs0_noinit_nocache$$Limit = .

__ospi0_cs0_zero_nocache$$
                0x68000000        0x0 load address 0x00000080
                0x68000000                        __ospi0_cs0_zero_nocache$$Base = .
 *(.ospi0_cs0_nocache)
                0x68000000                        . = ALIGN (0x20)
                0x68000000                        __ospi0_cs0_zero_nocache$$Limit = .

__ospi0_cs0_noinit$$
                0x68000000        0x0 load address 0x00000080
                0x68000000                        __ospi0_cs0_noinit$$Base = .
 *(.ospi0_cs0_noinit)
                0x68000000                        __ospi0_cs0_noinit$$Limit = .

__ospi0_cs0_zero$$
                0x68000000        0x0 load address 0x00000080
                0x68000000                        __ospi0_cs0_zero$$Base = .
 *(.ospi0_cs0)
                0x68000000                        __ospi0_cs0_zero$$Limit = .

.ospi0_cs0.endof
                0x68000000        0x0
                0x68000000                        __ddsc_OSPI0_CS0_END = .

__ram_from_flash$$
                0x20000000      0x284 load address 0x00000080
                0x20000000                        __ram_from_flash$$Base = .
                0x00000080                        __ram_from_flash$$Load = LOADADDR (__ram_from_flash$$)
 *(.ram_from_flash)
 *(.ram_code_from_flash)
 *(.data*)
 .data.gADXINT1Dev
                0x20000000       0x1c ./src/drivers/drv_gpio.o
 .data.gADXLCSDev
                0x2000001c       0x1c ./src/drivers/drv_gpio.o
 .data.gSPIDevice
                0x20000038       0x1c ./src/drivers/drv_spi.o
 .data.gSystickDevice
                0x20000054       0x20 ./src/drivers/drv_systick.o
 .data.gADXL345
                0x20000074       0x24 ./src/devices/ADXL345/dev_adxl345.o
 .data.g_comms_uart7_extended_cfg
                0x20000098        0x4 ./ra_gen/common_data.o
                0x20000098                g_comms_uart7_extended_cfg
 .data.g_uart7_baud_setting
                0x2000009c        0x4 ./ra_gen/common_data.o
                0x2000009c                g_uart7_baud_setting
 .data.g_rai_data_collector0_extended_cfg
                0x200000a0        0xc ./ra_gen/common_data.o
                0x200000a0                g_rai_data_collector0_extended_cfg
 .data.g_rai_data_collector0_frame_buf
                0x200000ac       0x18 ./ra_gen/common_data.o
                0x200000ac                g_rai_data_collector0_frame_buf
 .data.g_uart9_baud_setting
                0x200000c4        0x4 ./ra_gen/hal_data.o
                0x200000c4                g_uart9_baud_setting
 .data._impure_ptr
                0x200000c8        0x4 D:/RA/toolchains/gcc_arm/13.2.rel1/bin/../lib/gcc/arm-none-eabi/13.2.1/thumb/v8-m.main+fp/hard\libg_nano.a(libc_a-impure.o)
                0x200000c8                _impure_ptr
 .data._impure_data
                0x200000cc       0x4c D:/RA/toolchains/gcc_arm/13.2.rel1/bin/../lib/gcc/arm-none-eabi/13.2.1/thumb/v8-m.main+fp/hard\libg_nano.a(libc_a-impure.o)
                0x200000cc                _impure_data
 .data.__global_locale
                0x20000118      0x16c D:/RA/toolchains/gcc_arm/13.2.rel1/bin/../lib/gcc/arm-none-eabi/13.2.1/thumb/v8-m.main+fp/hard\libg_nano.a(libc_a-locale.o)
                0x20000118                __global_locale
 *(vtable)
                0x20000284                        __ram_from_flash$$Limit = .

.tm_clone_table
                0x20000284        0x0 load address 0x00000304
 .tm_clone_table
                0x20000284        0x0 D:/RA/toolchains/gcc_arm/13.2.rel1/bin/../lib/gcc/arm-none-eabi/13.2.1/thumb/v8-m.main+fp/hard/crtbegin.o
 .tm_clone_table
                0x20000284        0x0 D:/RA/toolchains/gcc_arm/13.2.rel1/bin/../lib/gcc/arm-none-eabi/13.2.1/thumb/v8-m.main+fp/hard/crtend.o

.igot.plt       0x20000284        0x0 load address 0x00000304
 .igot.plt      0x20000284        0x0 D:/RA/toolchains/gcc_arm/13.2.rel1/bin/../lib/gcc/arm-none-eabi/13.2.1/thumb/v8-m.main+fp/hard/crtbegin.o

__ram_noinit_nocache$$
                0x200002a0        0x0 load address 0x00000320
                0x200002a0                        __ram_noinit_nocache$$Base = .
 *(.ram_noinit_nocache)
                0x200002a0                        __ram_noinit_nocache$$Limit = .

__ram_zero_nocache$$
                0x20000284       0x1c load address 0x00000304
                0x20000284                        __ram_zero_nocache$$Base = .
 *(.bss.*_fsp_nocache)
 *(.ram_nocache)
                0x200002a0                        . = ALIGN (0x20)
 *fill*         0x20000284       0x1c 
                0x200002a0                        __ram_zero_nocache$$Limit = .

__ram_noinit$$  0x200002a0      0x41c load address 0x00000304
                0x200002a0                        __ram_noinit$$Base = .
 *(.bss.g_heap)
 *(.bss.g_main_stack)
 .bss.g_main_stack
                0x200002a0      0x400 ./ra/fsp/src/bsp/cmsis/Device/RENESAS/Source/startup.o
                0x200002a0                g_main_stack
 *(.ram_noinit)
 .ram_noinit    0x200006a0       0x1c ./ra/fsp/src/bsp/mcu/all/bsp_clocks.o
 *(.noinit)
                0x200006bc                        __ram_noinit$$Limit = .

__ram_zero$$    0x200006bc     0x51bd load address 0x00000304
                0x200006bc                        __ram_zero$$Base = .
 *(.ram)
 *(.bss*)
 .bss.completed.1
                0x200006bc        0x1 D:/RA/toolchains/gcc_arm/13.2.rel1/bin/../lib/gcc/arm-none-eabi/13.2.1/thumb/v8-m.main+fp/hard/crtbegin.o
 *fill*         0x200006bd        0x3 
 .bss.object.0  0x200006c0       0x18 D:/RA/toolchains/gcc_arm/13.2.rel1/bin/../lib/gcc/arm-none-eabi/13.2.1/thumb/v8-m.main+fp/hard/crtbegin.o
 .bss.pCSIO     0x200006d8        0x4 ./src/drivers/drv_spi.o
 .bss.gSPI0TxCplt
                0x200006dc        0x1 ./src/drivers/drv_spi.o
 *fill*         0x200006dd        0x3 
 .bss.dwTick    0x200006e0        0x4 ./src/drivers/drv_systick.o
 .bss.pADXLSPI  0x200006e4        0x4 ./src/devices/ADXL345/dev_adxl345.o
 .bss.gHeadIODev
                0x200006e8        0x4 ./src/devices/dev_gpio.o
 .bss.gHeadSPIDev
                0x200006ec        0x4 ./src/devices/dev_spi.o
 .bss.gHeadTimerDev
                0x200006f0        0x4 ./src/devices/dev_timer.o
 .bss.uart_send_complete_flag
                0x200006f4        0x1 ./src/debug_uart/debug_uart.o
                0x200006f4                uart_send_complete_flag
 *fill*         0x200006f5        0x1 
 .bss.USART_RX_STA
                0x200006f6        0x2 ./src/debug_uart/debug_uart.o
                0x200006f6                USART_RX_STA
 .bss.USART_RX_BUF
                0x200006f8       0xc8 ./src/debug_uart/debug_uart.o
                0x200006f8                USART_RX_BUF
 .bss.Serial_RxFlag1
                0x200007c0        0x1 ./src/debug_uart/debug_uart.o
                0x200007c0                Serial_RxFlag1
 *fill*         0x200007c1        0x3 
 .bss.__HeapLimit
                0x200007c4        0x4 ./src/buding.o
                0x200007c4                __HeapLimit
 .bss.__HeapBase
                0x200007c8        0x4 ./src/buding.o
                0x200007c8                __HeapBase
 .bss.g_frame_buf
                0x200007cc       0x40 ./src/hal_entry.o
                0x200007cc                g_frame_buf
 .bss.g_callback_args
                0x2000080c       0x10 ./src/hal_entry.o
 .bss.g_err_count
                0x2000081c        0x4 ./src/hal_entry.o
 .bss.g_events  0x20000820        0x2 ./src/hal_entry.o
 *fill*         0x20000822        0x2 
 .bss.data_z    0x20000824      0x800 ./src/hal_entry.o
                0x20000824                data_z
 .bss.data_y    0x20001024      0x800 ./src/hal_entry.o
                0x20001024                data_y
 .bss.data_x    0x20001824      0x800 ./src/hal_entry.o
                0x20001824                data_x
 .bss.count     0x20002024        0x4 ./src/hal_entry.o
 .bss.g_ioport_ctrl
                0x20002028        0x8 ./ra_gen/common_data.o
                0x20002028                g_ioport_ctrl
 .bss.g_rai_data_shipper0_ctrl
                0x20002030      0x58c ./ra_gen/common_data.o
                0x20002030                g_rai_data_shipper0_ctrl
 .bss.g_comms_uart7_ctrl
                0x200025bc       0x14 ./ra_gen/common_data.o
                0x200025bc                g_comms_uart7_ctrl
 .bss.g_uart7_ctrl
                0x200025d0       0x30 ./ra_gen/common_data.o
                0x200025d0                g_uart7_ctrl
 .bss.g_rai_data_collector0_ctrl
                0x20002600       0x14 ./ra_gen/common_data.o
                0x20002600                g_rai_data_collector0_ctrl
 .bss.g_rai_data_collector0_frame_buf_hnd
                0x20002614       0x20 ./ra_gen/common_data.o
                0x20002614                g_rai_data_collector0_frame_buf_hnd
 .bss.g_rai_data_collector0_data_feed_channel2_frame_buffer
                0x20002634     0x1000 ./ra_gen/common_data.o
                0x20002634                g_rai_data_collector0_data_feed_channel2_frame_buffer
 .bss.g_rai_data_collector0_data_feed_channel1_frame_buffer
                0x20003634     0x1000 ./ra_gen/common_data.o
                0x20003634                g_rai_data_collector0_data_feed_channel1_frame_buffer
 .bss.g_rai_data_collector0_data_feed_channel0_frame_buffer
                0x20004634     0x1000 ./ra_gen/common_data.o
                0x20004634                g_rai_data_collector0_data_feed_channel0_frame_buffer
 .bss.g_uart9_ctrl
                0x20005634       0x30 ./ra_gen/hal_data.o
                0x20005634                g_uart9_ctrl
 .bss.g_spi0_ctrl
                0x20005664       0x30 ./ra_gen/hal_data.o
                0x20005664                g_spi0_ctrl
 .bss.dummy_tx.0
                0x20005694        0x4 ./ra/fsp/src/r_spi/r_spi.o
 .bss.dummy_rx.1
                0x20005698        0x4 ./ra/fsp/src/r_spi/r_spi.o
 .bss.g_bsp_group_irq_sources
                0x2000569c       0x40 ./ra/fsp/src/bsp/mcu/all/bsp_group_irq.o
                0x2000569c                g_bsp_group_irq_sources
 .bss.g_protect_pfswe_counter
                0x200056dc        0x4 ./ra/fsp/src/bsp/mcu/all/bsp_io.o
                0x200056dc                g_protect_pfswe_counter
 .bss.gp_renesas_isr_context
                0x200056e0       0x40 ./ra/fsp/src/bsp/mcu/all/bsp_irq.o
                0x200056e0                gp_renesas_isr_context
 .bss.g_protect_counters
                0x20005720        0xa ./ra/fsp/src/bsp/mcu/all/bsp_register_protection.o
                0x20005720                g_protect_counters
 *fill*         0x2000572a        0x2 
 .bss.current_heap_end.0
                0x2000572c        0x4 ./ra/fsp/src/bsp/mcu/all/bsp_sbrk.o
 .bss.SystemCoreClock
                0x20005730        0x4 ./ra/fsp/src/bsp/cmsis/Device/RENESAS/Source/system.o
                0x20005730                SystemCoreClock
 .bss.__malloc_sbrk_start
                0x20005734        0x4 D:/RA/toolchains/gcc_arm/13.2.rel1/bin/../lib/gcc/arm-none-eabi/13.2.1/thumb/v8-m.main+fp/hard\libg_nano.a(libc_a-mallocr.o)
                0x20005734                __malloc_sbrk_start
 .bss.__malloc_free_list
                0x20005738        0x4 D:/RA/toolchains/gcc_arm/13.2.rel1/bin/../lib/gcc/arm-none-eabi/13.2.1/thumb/v8-m.main+fp/hard\libg_nano.a(libc_a-mallocr.o)
                0x20005738                __malloc_free_list
 .bss.__sf      0x2000573c      0x138 D:/RA/toolchains/gcc_arm/13.2.rel1/bin/../lib/gcc/arm-none-eabi/13.2.1/thumb/v8-m.main+fp/hard\libg_nano.a(libc_a-findfp.o)
                0x2000573c                __sf
 .bss.errno     0x20005874        0x4 D:/RA/toolchains/gcc_arm/13.2.rel1/bin/../lib/gcc/arm-none-eabi/13.2.1/thumb/v8-m.main+fp/hard\libg_nano.a(libc_a-reent.o)
                0x20005874                errno
 .bss.__lock___malloc_recursive_mutex
                0x20005878        0x1 D:/RA/toolchains/gcc_arm/13.2.rel1/bin/../lib/gcc/arm-none-eabi/13.2.1/thumb/v8-m.main+fp/hard\libg_nano.a(libc_a-lock.o)
                0x20005878                __lock___malloc_recursive_mutex
                0x20005879                        __ram_zero$$Limit = .

__ram_thread_stack$$
                0x20005880        0x0 load address 0x00000308
                0x20005880                        __ram_thread_stack$$Base = .
 *(.stack?*)
                0x20005880                        __ram_thread_stack$$Limit = .

.ram.endof      0x20005c00        0x0
                0x20005c00                        __ddsc_RAM_END = .

.ram.flat_nsc   0x20005c00        0x0
                0x20005c00                        __ddsc_RAM_NSC = .

__flash_readonly$$
                0x00000308     0x6b74
                0x00000308                        __flash_readonly$$Base = .
 *(.flash)
 *(.flash_code)
 *(.text*)
 .text.deregister_tm_clones
                0x00000308       0x1c D:/RA/toolchains/gcc_arm/13.2.rel1/bin/../lib/gcc/arm-none-eabi/13.2.1/thumb/v8-m.main+fp/hard/crtbegin.o
 .text.register_tm_clones
                0x00000324       0x28 D:/RA/toolchains/gcc_arm/13.2.rel1/bin/../lib/gcc/arm-none-eabi/13.2.1/thumb/v8-m.main+fp/hard/crtbegin.o
 .text.__do_global_dtors_aux
                0x0000034c       0x28 D:/RA/toolchains/gcc_arm/13.2.rel1/bin/../lib/gcc/arm-none-eabi/13.2.1/thumb/v8-m.main+fp/hard/crtbegin.o
 .text.frame_dummy
                0x00000374       0x24 D:/RA/toolchains/gcc_arm/13.2.rel1/bin/../lib/gcc/arm-none-eabi/13.2.1/thumb/v8-m.main+fp/hard/crtbegin.o
 .text.mdelay   0x00000398       0x18 ./src/libs/delay/delay.o
                0x00000398                mdelay
 .text.IODrvRead
                0x000003b0       0x60 ./src/drivers/drv_gpio.o
 .text.IODrvWrite
                0x00000410       0x60 ./src/drivers/drv_gpio.o
 .text.IODrvInit
                0x00000470       0x40 ./src/drivers/drv_gpio.o
 .text.IODevicesCreate
                0x000004b0       0x1c ./src/drivers/drv_gpio.o
                0x000004b0                IODevicesCreate
 .text.SPIDrvWriteRead
                0x000004cc       0xbc ./src/drivers/drv_spi.o
 .text.SPIDrvRead
                0x00000588       0xac ./src/drivers/drv_spi.o
 .text.SPIDrvWrite
                0x00000634       0xac ./src/drivers/drv_spi.o
 .text.SPIDrvInit
                0x000006e0       0x80 ./src/drivers/drv_spi.o
 .text.SPIDevicesCreate
                0x00000760        0xc ./src/drivers/drv_spi.o
                0x00000760                SPIDevicesCreate
 .text.spi0_callback
                0x0000076c       0x10 ./src/drivers/drv_spi.o
                0x0000076c                spi0_callback
 .text.HAL_Delay
                0x0000077c       0x30 ./src/drivers/drv_systick.o
 .text.SystickInit
                0x000007ac       0x50 ./src/drivers/drv_systick.o
 .text.SystickTimerDevicesCreate
                0x000007fc       0x18 ./src/drivers/drv_systick.o
                0x000007fc                SystickTimerDevicesCreate
 .text.SysTick_Handler
                0x00000814       0x10 ./src/drivers/drv_systick.o
                0x00000814                SysTick_Handler
 *fill*         0x00000824        0x4 
 .text.ADXLDevRead
                0x00000828      0x118 ./src/devices/ADXL345/dev_adxl345.o
 .text.adxl345_get_burst_register_value.isra.0
                0x00000940       0x88 ./src/devices/ADXL345/dev_adxl345.o
 .text.ADXLDevStop
                0x000009c8       0x3c ./src/devices/ADXL345/dev_adxl345.o
 .text.ADXLDevStart
                0x00000a04       0x3c ./src/devices/ADXL345/dev_adxl345.o
 .text.ADXL345GetDevice
                0x00000a40        0x8 ./src/devices/ADXL345/dev_adxl345.o
                0x00000a40                ADXL345GetDevice
 .text.adxl345_get_register_value
                0x00000a48       0x84 ./src/devices/ADXL345/dev_adxl345.o
                0x00000a48                adxl345_get_register_value
 .text.ADXLDevInit
                0x00000acc      0x314 ./src/devices/ADXL345/dev_adxl345.o
 .text.IODeviceInsert
                0x00000de0       0x10 ./src/devices/dev_gpio.o
                0x00000de0                IODeviceInsert
 .text.IODeviceFind
                0x00000df0       0x24 ./src/devices/dev_gpio.o
                0x00000df0                IODeviceFind
 .text.IODeviceList
                0x00000e14       0x48 ./src/devices/dev_gpio.o
                0x00000e14                IODeviceList
 .text.IODevicesRegister
                0x00000e5c       0x10 ./src/devices/dev_gpio.o
                0x00000e5c                IODevicesRegister
 .text.SPIDeviceInsert
                0x00000e6c       0x10 ./src/devices/dev_spi.o
                0x00000e6c                SPIDeviceInsert
 .text.SPIDeviceFind
                0x00000e7c       0x24 ./src/devices/dev_spi.o
                0x00000e7c                SPIDeviceFind
 .text.SPIDeviceList
                0x00000ea0       0x48 ./src/devices/dev_spi.o
                0x00000ea0                SPIDeviceList
 .text.SPIDevicesRegister
                0x00000ee8       0x10 ./src/devices/dev_spi.o
                0x00000ee8                SPIDevicesRegister
 .text.TimerDeviceInsert
                0x00000ef8       0x10 ./src/devices/dev_timer.o
                0x00000ef8                TimerDeviceInsert
 .text.TimerDeviceFind
                0x00000f08       0x24 ./src/devices/dev_timer.o
                0x00000f08                TimerDeviceFind
 .text.TimerDeviceList
                0x00000f2c       0x48 ./src/devices/dev_timer.o
                0x00000f2c                TimerDeviceList
 .text.TimerDevicesRegister
                0x00000f74       0x10 ./src/devices/dev_timer.o
                0x00000f74                TimerDevicesRegister
 .text.debug_uart7_init
                0x00000f84       0x10 ./src/debug_uart/debug_uart.o
                0x00000f84                debug_uart7_init
 .text.hmi_uart9_init
                0x00000f94       0x10 ./src/debug_uart/debug_uart.o
                0x00000f94                hmi_uart9_init
 .text.hmi_uart9_callback
                0x00000fa4       0x44 ./src/debug_uart/debug_uart.o
                0x00000fa4                hmi_uart9_callback
 .text.Serial_Printf
                0x00000fe8       0x68 ./src/debug_uart/debug_uart.o
                0x00000fe8                Serial_Printf
 .text.rai_data_collector0_callback
                0x00001050       0x48 ./src/hal_entry.o
                0x00001050                rai_data_collector0_callback
 .text.rai_data_collector0_error_callback
                0x00001098       0x10 ./src/hal_entry.o
                0x00001098                rai_data_collector0_error_callback
 .text.rai_data_shipper0_callback
                0x000010a8       0x24 ./src/hal_entry.o
                0x000010a8                rai_data_shipper0_callback
 .text.hal_entry
                0x000010cc      0x1a0 ./src/hal_entry.o
                0x000010cc                hal_entry
 .text.R_BSP_WarmStart
                0x0000126c       0x18 ./src/hal_warmstart.o
                0x0000126c                R_BSP_WarmStart
 .text.startup.main
                0x00001284        0xc ./ra_gen/main.o
                0x00001284                main
 .text.RM_RAI_DATA_SHIPPER_Open
                0x00001290       0x74 ./ra/fsp/src/rm_rai_data_shipper/rm_rai_data_shipper.o
                0x00001290                RM_RAI_DATA_SHIPPER_Open
 .text.RM_RAI_DATA_SHIPPER_Write
                0x00001304      0x214 ./ra/fsp/src/rm_rai_data_shipper/rm_rai_data_shipper.o
                0x00001304                RM_RAI_DATA_SHIPPER_Write
 .text.rai_data_shipper_start_next_transmission
                0x00001518       0xa0 ./ra/fsp/src/rm_rai_data_shipper/rm_rai_data_shipper.o
 .text.rai_data_shipper_write_callback
                0x000015b8       0x70 ./ra/fsp/src/rm_rai_data_shipper/rm_rai_data_shipper.o
 .text.RM_RAI_DATA_COLLECTOR_Open
                0x00001628       0x7c ./ra/fsp/src/rm_rai_data_collector/rm_rai_data_collector.o
                0x00001628                RM_RAI_DATA_COLLECTOR_Open
 .text.RM_RAI_DATA_COLLECTOR_SnapshotChannelRegister
                0x000016a4       0x10 ./ra/fsp/src/rm_rai_data_collector/rm_rai_data_collector.o
                0x000016a4                RM_RAI_DATA_COLLECTOR_SnapshotChannelRegister
 .text.RM_RAI_DATA_COLLECTOR_BufferRelease
                0x000016b4        0xc ./ra/fsp/src/rm_rai_data_collector/rm_rai_data_collector.o
                0x000016b4                RM_RAI_DATA_COLLECTOR_BufferRelease
 .text.RM_RAI_DATA_COLLECTOR_BufferReset
                0x000016c0       0x34 ./ra/fsp/src/rm_rai_data_collector/rm_rai_data_collector.o
                0x000016c0                RM_RAI_DATA_COLLECTOR_BufferReset
 .text.RM_RAI_DATA_COLLECTOR_Close
                0x000016f4       0x30 ./ra/fsp/src/rm_rai_data_collector/rm_rai_data_collector.o
                0x000016f4                RM_RAI_DATA_COLLECTOR_Close
 .text.RM_RAI_DATA_COLLECTOR_SnapshotStop
                0x00001724       0x28 ./ra/fsp/src/rm_rai_data_collector/rm_rai_data_collector.o
                0x00001724                RM_RAI_DATA_COLLECTOR_SnapshotStop
 .text.rm_rai_data_collector_prepare_next_buffer
                0x0000174c      0x128 ./ra/fsp/src/rm_rai_data_collector/rm_rai_data_collector.o
 .text.RM_RAI_DATA_COLLECTOR_ChannelBufferGet
                0x00001874       0x54 ./ra/fsp/src/rm_rai_data_collector/rm_rai_data_collector.o
                0x00001874                RM_RAI_DATA_COLLECTOR_ChannelBufferGet
 .text.rm_rai_data_collector_dtc_update_info
                0x000018c8       0xc0 ./ra/fsp/src/rm_rai_data_collector/rm_rai_data_collector.o
 .text.rm_rai_data_collector_dtc_end_cb
                0x00001988        0xc ./ra/fsp/src/rm_rai_data_collector/rm_rai_data_collector.o
 .text.RM_RAI_DATA_COLLECTOR_SnapshotStart
                0x00001994       0x2c ./ra/fsp/src/rm_rai_data_collector/rm_rai_data_collector.o
                0x00001994                RM_RAI_DATA_COLLECTOR_SnapshotStart
 .text.RM_RAI_DATA_COLLECTOR_ChannelWrite
                0x000019c0       0x5c ./ra/fsp/src/rm_rai_data_collector/rm_rai_data_collector.o
                0x000019c0                RM_RAI_DATA_COLLECTOR_ChannelWrite
 .text.RM_COMMS_UART_Open
                0x00001a1c       0x40 ./ra/fsp/src/rm_comms_uart/rm_comms_uart.o
                0x00001a1c                RM_COMMS_UART_Open
 .text.RM_COMMS_UART_Close
                0x00001a5c       0x18 ./ra/fsp/src/rm_comms_uart/rm_comms_uart.o
                0x00001a5c                RM_COMMS_UART_Close
 .text.RM_COMMS_UART_CallbackSet
                0x00001a74        0xc ./ra/fsp/src/rm_comms_uart/rm_comms_uart.o
                0x00001a74                RM_COMMS_UART_CallbackSet
 .text.RM_COMMS_UART_Read
                0x00001a80       0x14 ./ra/fsp/src/rm_comms_uart/rm_comms_uart.o
                0x00001a80                RM_COMMS_UART_Read
 .text.RM_COMMS_UART_Write
                0x00001a94       0x14 ./ra/fsp/src/rm_comms_uart/rm_comms_uart.o
                0x00001a94                RM_COMMS_UART_Write
 .text.RM_COMMS_UART_WriteRead
                0x00001aa8       0x10 ./ra/fsp/src/rm_comms_uart/rm_comms_uart.o
                0x00001aa8                RM_COMMS_UART_WriteRead
 .text.rm_comms_uart_callback
                0x00001ab8       0x54 ./ra/fsp/src/rm_comms_uart/rm_comms_uart.o
 .text.R_SPI_CallbackSet
                0x00001b0c       0x10 ./ra/fsp/src/r_spi/r_spi.o
                0x00001b0c                R_SPI_CallbackSet
 .text.R_SPI_Close
                0x00001b1c       0xc8 ./ra/fsp/src/r_spi/r_spi.o
                0x00001b1c                R_SPI_Close
 .text.r_spi_write_read_common
                0x00001be4      0x210 ./ra/fsp/src/r_spi/r_spi.o
 .text.R_SPI_Read
                0x00001df4       0x1c ./ra/fsp/src/r_spi/r_spi.o
                0x00001df4                R_SPI_Read
 .text.R_SPI_Write
                0x00001e10       0x18 ./ra/fsp/src/r_spi/r_spi.o
                0x00001e10                R_SPI_Write
 .text.R_SPI_WriteRead
                0x00001e28       0x10 ./ra/fsp/src/r_spi/r_spi.o
                0x00001e28                R_SPI_WriteRead
 .text.r_spi_transmit
                0x00001e38       0x70 ./ra/fsp/src/r_spi/r_spi.o
 .text.r_spi_call_callback
                0x00001ea8       0x40 ./ra/fsp/src/r_spi/r_spi.o
 .text.R_SPI_Open
                0x00001ee8      0x328 ./ra/fsp/src/r_spi/r_spi.o
                0x00001ee8                R_SPI_Open
 .text.spi_rxi_isr
                0x00002210       0x98 ./ra/fsp/src/r_spi/r_spi.o
                0x00002210                spi_rxi_isr
 .text.spi_txi_isr
                0x000022a8       0xa8 ./ra/fsp/src/r_spi/r_spi.o
                0x000022a8                spi_txi_isr
 .text.spi_tei_isr
                0x00002350       0xe8 ./ra/fsp/src/r_spi/r_spi.o
                0x00002350                spi_tei_isr
 .text.spi_eri_isr
                0x00002438       0xe4 ./ra/fsp/src/r_spi/r_spi.o
                0x00002438                spi_eri_isr
 .text.R_SCI_UART_Close
                0x0000251c       0xcc ./ra/fsp/src/r_sci_uart/r_sci_uart.o
                0x0000251c                R_SCI_UART_Close
 .text.R_SCI_UART_Read
                0x000025e8        0xc ./ra/fsp/src/r_sci_uart/r_sci_uart.o
                0x000025e8                R_SCI_UART_Read
 .text.R_SCI_UART_Write
                0x000025f4       0x50 ./ra/fsp/src/r_sci_uart/r_sci_uart.o
                0x000025f4                R_SCI_UART_Write
 .text.R_SCI_UART_CallbackSet
                0x00002644       0x10 ./ra/fsp/src/r_sci_uart/r_sci_uart.o
                0x00002644                R_SCI_UART_CallbackSet
 .text.R_SCI_UART_BaudSet
                0x00002654       0x68 ./ra/fsp/src/r_sci_uart/r_sci_uart.o
                0x00002654                R_SCI_UART_BaudSet
 .text.R_SCI_UART_InfoGet
                0x000026bc        0xc ./ra/fsp/src/r_sci_uart/r_sci_uart.o
                0x000026bc                R_SCI_UART_InfoGet
 .text.R_SCI_UART_Abort
                0x000026c8       0x3c ./ra/fsp/src/r_sci_uart/r_sci_uart.o
                0x000026c8                R_SCI_UART_Abort
 .text.R_SCI_UART_ReadStop
                0x00002704       0x14 ./ra/fsp/src/r_sci_uart/r_sci_uart.o
                0x00002704                R_SCI_UART_ReadStop
 .text.R_SCI_UART_ReceiveSuspend
                0x00002718        0x4 ./ra/fsp/src/r_sci_uart/r_sci_uart.o
                0x00002718                R_SCI_UART_ReceiveSuspend
 .text.r_sci_uart_call_callback
                0x0000271c       0x44 ./ra/fsp/src/r_sci_uart/r_sci_uart.o
 .text.R_SCI_UART_ReceiveResume
                0x00002760        0x4 ./ra/fsp/src/r_sci_uart/r_sci_uart.o
                0x00002760                R_SCI_UART_ReceiveResume
 .text.R_SCI_UART_Open
                0x00002764      0x3b4 ./ra/fsp/src/r_sci_uart/r_sci_uart.o
                0x00002764                R_SCI_UART_Open
 .text.sci_uart_txi_isr
                0x00002b18       0x8c ./ra/fsp/src/r_sci_uart/r_sci_uart.o
                0x00002b18                sci_uart_txi_isr
 .text.sci_uart_rxi_isr
                0x00002ba4       0x90 ./ra/fsp/src/r_sci_uart/r_sci_uart.o
                0x00002ba4                sci_uart_rxi_isr
 .text.sci_uart_tei_isr
                0x00002c34       0x48 ./ra/fsp/src/r_sci_uart/r_sci_uart.o
                0x00002c34                sci_uart_tei_isr
 .text.sci_uart_eri_isr
                0x00002c7c       0x78 ./ra/fsp/src/r_sci_uart/r_sci_uart.o
                0x00002c7c                sci_uart_eri_isr
 .text.R_IOPORT_Close
                0x00002cf4        0xc ./ra/fsp/src/r_ioport/r_ioport.o
                0x00002cf4                R_IOPORT_Close
 .text.R_IOPORT_PinRead
                0x00002d00       0x24 ./ra/fsp/src/r_ioport/r_ioport.o
                0x00002d00                R_IOPORT_PinRead
 .text.R_IOPORT_PortRead
                0x00002d24       0x14 ./ra/fsp/src/r_ioport/r_ioport.o
                0x00002d24                R_IOPORT_PortRead
 .text.R_IOPORT_PortWrite
                0x00002d38       0x1c ./ra/fsp/src/r_ioport/r_ioport.o
                0x00002d38                R_IOPORT_PortWrite
 .text.R_IOPORT_PinWrite
                0x00002d54       0x20 ./ra/fsp/src/r_ioport/r_ioport.o
                0x00002d54                R_IOPORT_PinWrite
 .text.R_IOPORT_PortDirectionSet
                0x00002d74       0x2c ./ra/fsp/src/r_ioport/r_ioport.o
                0x00002d74                R_IOPORT_PortDirectionSet
 .text.R_IOPORT_PortEventInputRead
                0x00002da0       0x18 ./ra/fsp/src/r_ioport/r_ioport.o
                0x00002da0                R_IOPORT_PortEventInputRead
 .text.R_IOPORT_PinEventInputRead
                0x00002db8       0x34 ./ra/fsp/src/r_ioport/r_ioport.o
                0x00002db8                R_IOPORT_PinEventInputRead
 .text.R_IOPORT_PortEventOutputWrite
                0x00002dec       0x1c ./ra/fsp/src/r_ioport/r_ioport.o
                0x00002dec                R_IOPORT_PortEventOutputWrite
 .text.R_IOPORT_PinEventOutputWrite
                0x00002e08       0x34 ./ra/fsp/src/r_ioport/r_ioport.o
                0x00002e08                R_IOPORT_PinEventOutputWrite
 .text.bsp_vbatt_init
                0x00002e3c       0xe8 ./ra/fsp/src/r_ioport/r_ioport.o
 .text.r_ioport_pins_config
                0x00002f24       0xac ./ra/fsp/src/r_ioport/r_ioport.o
 .text.R_IOPORT_Open
                0x00002fd0       0x14 ./ra/fsp/src/r_ioport/r_ioport.o
                0x00002fd0                R_IOPORT_Open
 .text.R_IOPORT_PinsCfg
                0x00002fe4        0xc ./ra/fsp/src/r_ioport/r_ioport.o
                0x00002fe4                R_IOPORT_PinsCfg
 .text.R_IOPORT_PinCfg
                0x00002ff0       0xa8 ./ra/fsp/src/r_ioport/r_ioport.o
                0x00002ff0                R_IOPORT_PinCfg
 .text.SystemCoreClockUpdate
                0x00003098       0x28 ./ra/fsp/src/bsp/mcu/all/bsp_clocks.o
                0x00003098                SystemCoreClockUpdate
 .text.R_BSP_SubClockStabilizeWaitAfterReset
                0x000030c0        0x4 ./ra/fsp/src/bsp/mcu/all/bsp_clocks.o
                0x000030c0                R_BSP_SubClockStabilizeWaitAfterReset
 .text.bsp_clock_init
                0x000030c4      0x17c ./ra/fsp/src/bsp/mcu/all/bsp_clocks.o
                0x000030c4                bsp_clock_init
 .text.R_BSP_SourceClockHzGet
                0x00003240        0xc ./ra/fsp/src/bsp/mcu/all/bsp_clocks.o
                0x00003240                R_BSP_SourceClockHzGet
 .text.R_BSP_Init_RTC
                0x0000324c       0xb0 ./ra/fsp/src/bsp/mcu/all/bsp_clocks.o
                0x0000324c                R_BSP_Init_RTC
 .text.bsp_init_internal
                0x000032fc        0x4 ./ra/fsp/src/bsp/mcu/all/bsp_common.o
                0x000032fc                bsp_init_internal
                0x000032fc                bsp_init
 .text.__assert_func
                0x00003300        0x4 ./ra/fsp/src/bsp/mcu/all/bsp_common.o
                0x00003300                __assert_func
 .text.bsp_prv_software_delay_loop
                0x00003304        0xc ./ra/fsp/src/bsp/mcu/all/bsp_delay.o
                0x00003304                bsp_prv_software_delay_loop
 .text.R_BSP_SoftwareDelay
                0x00003310       0x8c ./ra/fsp/src/bsp/mcu/all/bsp_delay.o
                0x00003310                R_BSP_SoftwareDelay
 .text.NMI_Handler
                0x0000339c       0x3c ./ra/fsp/src/bsp/mcu/all/bsp_group_irq.o
                0x0000339c                NMI_Handler
 .text.bsp_irq_cfg
                0x000033d8       0x98 ./ra/fsp/src/bsp/mcu/all/bsp_irq.o
                0x000033d8                bsp_irq_cfg
 .text.R_BSP_RegisterProtectEnable
                0x00003470       0x60 ./ra/fsp/src/bsp/mcu/all/bsp_register_protection.o
                0x00003470                R_BSP_RegisterProtectEnable
 .text.R_BSP_RegisterProtectDisable
                0x000034d0       0x54 ./ra/fsp/src/bsp/mcu/all/bsp_register_protection.o
                0x000034d0                R_BSP_RegisterProtectDisable
 .text._sbrk    0x00003524       0x34 ./ra/fsp/src/bsp/mcu/all/bsp_sbrk.o
                0x00003524                _sbrk
 .text.Default_Handler
                0x00003558        0x4 ./ra/fsp/src/bsp/cmsis/Device/RENESAS/Source/startup.o
                0x00003558                DebugMon_Handler
                0x00003558                HardFault_Handler
                0x00003558                PendSV_Handler
                0x00003558                UsageFault_Handler
                0x00003558                SecureFault_Handler
                0x00003558                Default_Handler
                0x00003558                MemManage_Handler
                0x00003558                SVC_Handler
                0x00003558                BusFault_Handler
 .text.Reset_Handler
                0x0000355c        0xc ./ra/fsp/src/bsp/cmsis/Device/RENESAS/Source/startup.o
                0x0000355c                Reset_Handler
 .text.SystemRuntimeInit
                0x00003568       0x64 ./ra/fsp/src/bsp/cmsis/Device/RENESAS/Source/system.o
 .text.SystemInit
                0x000035cc       0xc0 ./ra/fsp/src/bsp/cmsis/Device/RENESAS/Source/system.o
                0x000035cc                SystemInit
 .text          0x0000368c      0x378 D:/RA/toolchains/gcc_arm/13.2.rel1/bin/../lib/gcc/arm-none-eabi/13.2.1/thumb/v8-m.main+fp/hard\libgcc.a(_arm_addsubdf3.o)
                0x0000368c                __aeabi_drsub
                0x00003694                __aeabi_dsub
                0x00003694                __subdf3
                0x00003698                __aeabi_dadd
                0x00003698                __adddf3
                0x00003910                __floatunsidf
                0x00003910                __aeabi_ui2d
                0x00003930                __floatsidf
                0x00003930                __aeabi_i2d
                0x00003954                __aeabi_f2d
                0x00003954                __extendsfdf2
                0x00003998                __floatundidf
                0x00003998                __aeabi_ul2d
                0x000039a8                __floatdidf
                0x000039a8                __aeabi_l2d
 .text          0x00003a04       0xa0 D:/RA/toolchains/gcc_arm/13.2.rel1/bin/../lib/gcc/arm-none-eabi/13.2.1/thumb/v8-m.main+fp/hard\libgcc.a(_arm_truncdfsf2.o)
                0x00003a04                __truncdfsf2
                0x00003a04                __aeabi_d2f
 .text.malloc   0x00003aa4       0x10 D:/RA/toolchains/gcc_arm/13.2.rel1/bin/../lib/gcc/arm-none-eabi/13.2.1/thumb/v8-m.main+fp/hard\libg_nano.a(libc_a-malloc.o)
                0x00003aa4                malloc
 .text.sbrk_aligned
                0x00003ab4       0x44 D:/RA/toolchains/gcc_arm/13.2.rel1/bin/../lib/gcc/arm-none-eabi/13.2.1/thumb/v8-m.main+fp/hard\libg_nano.a(libc_a-mallocr.o)
 .text._malloc_r
                0x00003af8      0x100 D:/RA/toolchains/gcc_arm/13.2.rel1/bin/../lib/gcc/arm-none-eabi/13.2.1/thumb/v8-m.main+fp/hard\libg_nano.a(libc_a-mallocr.o)
                0x00003af8                _malloc_r
 .text.__malloc_lock
                0x00003bf8        0xc D:/RA/toolchains/gcc_arm/13.2.rel1/bin/../lib/gcc/arm-none-eabi/13.2.1/thumb/v8-m.main+fp/hard\libg_nano.a(libc_a-mlock.o)
                0x00003bf8                __malloc_lock
 .text.__malloc_unlock
                0x00003c04        0xc D:/RA/toolchains/gcc_arm/13.2.rel1/bin/../lib/gcc/arm-none-eabi/13.2.1/thumb/v8-m.main+fp/hard\libg_nano.a(libc_a-mlock.o)
                0x00003c04                __malloc_unlock
 .text.__cvt    0x00003c10       0xca D:/RA/toolchains/gcc_arm/13.2.rel1/bin/../lib/gcc/arm-none-eabi/13.2.1/thumb/v8-m.main+fp/hard\libg_nano.a(libc_a-nano-vfprintf_float.o)
                0x00003c10                __cvt
 .text.__exponent
                0x00003cda       0x72 D:/RA/toolchains/gcc_arm/13.2.rel1/bin/../lib/gcc/arm-none-eabi/13.2.1/thumb/v8-m.main+fp/hard\libg_nano.a(libc_a-nano-vfprintf_float.o)
                0x00003cda                __exponent
 .text._printf_float
                0x00003d4c      0x454 D:/RA/toolchains/gcc_arm/13.2.rel1/bin/../lib/gcc/arm-none-eabi/13.2.1/thumb/v8-m.main+fp/hard\libg_nano.a(libc_a-nano-vfprintf_float.o)
                0x00003d4c                _printf_float
 .text._printf_common
                0x000041a0       0xe4 D:/RA/toolchains/gcc_arm/13.2.rel1/bin/../lib/gcc/arm-none-eabi/13.2.1/thumb/v8-m.main+fp/hard\libg_nano.a(libc_a-nano-vfprintf_i.o)
                0x000041a0                _printf_common
 .text._printf_i
                0x00004284      0x23c D:/RA/toolchains/gcc_arm/13.2.rel1/bin/../lib/gcc/arm-none-eabi/13.2.1/thumb/v8-m.main+fp/hard\libg_nano.a(libc_a-nano-vfprintf_i.o)
                0x00004284                _printf_i
 .text._vsprintf_r
                0x000044c0       0x2c D:/RA/toolchains/gcc_arm/13.2.rel1/bin/../lib/gcc/arm-none-eabi/13.2.1/thumb/v8-m.main+fp/hard\libg_nano.a(libc_a-vsprintf.o)
                0x000044c0                _vsprintf_r
                0x000044c0                _vsiprintf_r
 .text.vsprintf
                0x000044ec       0x14 D:/RA/toolchains/gcc_arm/13.2.rel1/bin/../lib/gcc/arm-none-eabi/13.2.1/thumb/v8-m.main+fp/hard\libg_nano.a(libc_a-vsprintf.o)
                0x000044ec                vsiprintf
                0x000044ec                vsprintf
 .text.memset   0x00004500       0x10 D:/RA/toolchains/gcc_arm/13.2.rel1/bin/../lib/gcc/arm-none-eabi/13.2.1/thumb/v8-m.main+fp/hard\libg_nano.a(libc_a-memset.o)
                0x00004500                memset
 .text.strstr   0x00004510       0x2c D:/RA/toolchains/gcc_arm/13.2.rel1/bin/../lib/gcc/arm-none-eabi/13.2.1/thumb/v8-m.main+fp/hard\libg_nano.a(libc_a-strstr.o)
                0x00004510                strstr
 .text._localeconv_r
                0x0000453c        0x8 D:/RA/toolchains/gcc_arm/13.2.rel1/bin/../lib/gcc/arm-none-eabi/13.2.1/thumb/v8-m.main+fp/hard\libg_nano.a(libc_a-localeconv.o)
                0x0000453c                _localeconv_r
 .text._sbrk_r  0x00004544       0x20 D:/RA/toolchains/gcc_arm/13.2.rel1/bin/../lib/gcc/arm-none-eabi/13.2.1/thumb/v8-m.main+fp/hard\libg_nano.a(libc_a-sbrkr.o)
                0x00004544                _sbrk_r
 .text.__retarget_lock_acquire_recursive
                0x00004564        0x2 D:/RA/toolchains/gcc_arm/13.2.rel1/bin/../lib/gcc/arm-none-eabi/13.2.1/thumb/v8-m.main+fp/hard\libg_nano.a(libc_a-lock.o)
                0x00004564                __retarget_lock_acquire_recursive
 .text.__retarget_lock_release_recursive
                0x00004566        0x2 D:/RA/toolchains/gcc_arm/13.2.rel1/bin/../lib/gcc/arm-none-eabi/13.2.1/thumb/v8-m.main+fp/hard\libg_nano.a(libc_a-lock.o)
                0x00004566                __retarget_lock_release_recursive
 .text.memchr   0x00004568       0x1c D:/RA/toolchains/gcc_arm/13.2.rel1/bin/../lib/gcc/arm-none-eabi/13.2.1/thumb/v8-m.main+fp/hard\libg_nano.a(libc_a-memchr-stub.o)
                0x00004568                memchr
 .text.memcpy   0x00004584       0x1a D:/RA/toolchains/gcc_arm/13.2.rel1/bin/../lib/gcc/arm-none-eabi/13.2.1/thumb/v8-m.main+fp/hard\libg_nano.a(libc_a-memcpy-stub.o)
                0x00004584                memcpy
 .text          0x0000459e       0x10 D:/RA/toolchains/gcc_arm/13.2.rel1/bin/../lib/gcc/arm-none-eabi/13.2.1/thumb/v8-m.main+fp/hard\libg_nano.a(libc_a-strlen.o)
                0x0000459e                strlen
 .text.quorem   0x000045ae      0x11a D:/RA/toolchains/gcc_arm/13.2.rel1/bin/../lib/gcc/arm-none-eabi/13.2.1/thumb/v8-m.main+fp/hard\libg_nano.a(libc_a-dtoa.o)
 .text._dtoa_r  0x000046c8      0xb7c D:/RA/toolchains/gcc_arm/13.2.rel1/bin/../lib/gcc/arm-none-eabi/13.2.1/thumb/v8-m.main+fp/hard\libg_nano.a(libc_a-dtoa.o)
                0x000046c8                _dtoa_r
 .text._free_r  0x00005244       0x94 D:/RA/toolchains/gcc_arm/13.2.rel1/bin/../lib/gcc/arm-none-eabi/13.2.1/thumb/v8-m.main+fp/hard\libg_nano.a(libc_a-freer.o)
                0x00005244                _free_r
 .text._Balloc  0x000052d8       0x80 D:/RA/toolchains/gcc_arm/13.2.rel1/bin/../lib/gcc/arm-none-eabi/13.2.1/thumb/v8-m.main+fp/hard\libg_nano.a(libc_a-mprec.o)
                0x000052d8                _Balloc
 .text._Bfree   0x00005358       0x44 D:/RA/toolchains/gcc_arm/13.2.rel1/bin/../lib/gcc/arm-none-eabi/13.2.1/thumb/v8-m.main+fp/hard\libg_nano.a(libc_a-mprec.o)
                0x00005358                _Bfree
 .text.__multadd
                0x0000539c       0x90 D:/RA/toolchains/gcc_arm/13.2.rel1/bin/../lib/gcc/arm-none-eabi/13.2.1/thumb/v8-m.main+fp/hard\libg_nano.a(libc_a-mprec.o)
                0x0000539c                __multadd
 .text.__hi0bits
                0x0000542c       0x3e D:/RA/toolchains/gcc_arm/13.2.rel1/bin/../lib/gcc/arm-none-eabi/13.2.1/thumb/v8-m.main+fp/hard\libg_nano.a(libc_a-mprec.o)
                0x0000542c                __hi0bits
 .text.__lo0bits
                0x0000546a       0x5a D:/RA/toolchains/gcc_arm/13.2.rel1/bin/../lib/gcc/arm-none-eabi/13.2.1/thumb/v8-m.main+fp/hard\libg_nano.a(libc_a-mprec.o)
                0x0000546a                __lo0bits
 .text.__i2b    0x000054c4       0x2c D:/RA/toolchains/gcc_arm/13.2.rel1/bin/../lib/gcc/arm-none-eabi/13.2.1/thumb/v8-m.main+fp/hard\libg_nano.a(libc_a-mprec.o)
                0x000054c4                __i2b
 .text.__multiply
                0x000054f0      0x148 D:/RA/toolchains/gcc_arm/13.2.rel1/bin/../lib/gcc/arm-none-eabi/13.2.1/thumb/v8-m.main+fp/hard\libg_nano.a(libc_a-mprec.o)
                0x000054f0                __multiply
 .text.__pow5mult
                0x00005638       0xb4 D:/RA/toolchains/gcc_arm/13.2.rel1/bin/../lib/gcc/arm-none-eabi/13.2.1/thumb/v8-m.main+fp/hard\libg_nano.a(libc_a-mprec.o)
                0x00005638                __pow5mult
 .text.__lshift
                0x000056ec       0xd8 D:/RA/toolchains/gcc_arm/13.2.rel1/bin/../lib/gcc/arm-none-eabi/13.2.1/thumb/v8-m.main+fp/hard\libg_nano.a(libc_a-mprec.o)
                0x000056ec                __lshift
 .text.__mcmp   0x000057c4       0x36 D:/RA/toolchains/gcc_arm/13.2.rel1/bin/../lib/gcc/arm-none-eabi/13.2.1/thumb/v8-m.main+fp/hard\libg_nano.a(libc_a-mprec.o)
                0x000057c4                __mcmp
 *fill*         0x000057fa        0x2 
 .text.__mdiff  0x000057fc      0x130 D:/RA/toolchains/gcc_arm/13.2.rel1/bin/../lib/gcc/arm-none-eabi/13.2.1/thumb/v8-m.main+fp/hard\libg_nano.a(libc_a-mprec.o)
                0x000057fc                __mdiff
 .text.__d2b    0x0000592c       0xb0 D:/RA/toolchains/gcc_arm/13.2.rel1/bin/../lib/gcc/arm-none-eabi/13.2.1/thumb/v8-m.main+fp/hard\libg_nano.a(libc_a-mprec.o)
                0x0000592c                __d2b
 .text.__ssputs_r
                0x000059dc       0xb6 D:/RA/toolchains/gcc_arm/13.2.rel1/bin/../lib/gcc/arm-none-eabi/13.2.1/thumb/v8-m.main+fp/hard\libg_nano.a(libc_a-nano-svfprintf.o)
                0x000059dc                __ssputs_r
 *fill*         0x00005a92        0x2 
 .text._svfprintf_r
                0x00005a94      0x1f8 D:/RA/toolchains/gcc_arm/13.2.rel1/bin/../lib/gcc/arm-none-eabi/13.2.1/thumb/v8-m.main+fp/hard\libg_nano.a(libc_a-nano-svfprintf.o)
                0x00005a94                _svfiprintf_r
                0x00005a94                _svfprintf_r
 .text.memmove  0x00005c8c       0x34 D:/RA/toolchains/gcc_arm/13.2.rel1/bin/../lib/gcc/arm-none-eabi/13.2.1/thumb/v8-m.main+fp/hard\libg_nano.a(libc_a-memmove.o)
                0x00005c8c                memmove
 .text._calloc_r
                0x00005cc0       0x28 D:/RA/toolchains/gcc_arm/13.2.rel1/bin/../lib/gcc/arm-none-eabi/13.2.1/thumb/v8-m.main+fp/hard\libg_nano.a(libc_a-callocr.o)
                0x00005cc0                _calloc_r
 .text.__ascii_mbtowc
                0x00005ce8       0x24 D:/RA/toolchains/gcc_arm/13.2.rel1/bin/../lib/gcc/arm-none-eabi/13.2.1/thumb/v8-m.main+fp/hard\libg_nano.a(libc_a-mbtowc_r.o)
                0x00005ce8                __ascii_mbtowc
 .text._realloc_r
                0x00005d0c       0x5c D:/RA/toolchains/gcc_arm/13.2.rel1/bin/../lib/gcc/arm-none-eabi/13.2.1/thumb/v8-m.main+fp/hard\libg_nano.a(libc_a-reallocr.o)
                0x00005d0c                _realloc_r
 .text.__ascii_wctomb
                0x00005d68       0x1a D:/RA/toolchains/gcc_arm/13.2.rel1/bin/../lib/gcc/arm-none-eabi/13.2.1/thumb/v8-m.main+fp/hard\libg_nano.a(libc_a-wctomb_r.o)
                0x00005d68                __ascii_wctomb
 .text._malloc_usable_size_r
                0x00005d82       0x10 D:/RA/toolchains/gcc_arm/13.2.rel1/bin/../lib/gcc/arm-none-eabi/13.2.1/thumb/v8-m.main+fp/hard\libg_nano.a(libc_a-msizer.o)
                0x00005d82                _malloc_usable_size_r
 *fill*         0x00005d92        0x2 
 .text          0x00005d94      0x424 D:/RA/toolchains/gcc_arm/13.2.rel1/bin/../lib/gcc/arm-none-eabi/13.2.1/thumb/v8-m.main+fp/hard\libgcc.a(_arm_muldivdf3.o)
                0x00005d94                __aeabi_dmul
                0x00005d94                __muldf3
                0x00005fe8                __divdf3
                0x00005fe8                __aeabi_ddiv
 .text          0x000061b8      0x110 D:/RA/toolchains/gcc_arm/13.2.rel1/bin/../lib/gcc/arm-none-eabi/13.2.1/thumb/v8-m.main+fp/hard\libgcc.a(_arm_cmpdf2.o)
                0x000061b8                __gtdf2
                0x000061b8                __gedf2
                0x000061c0                __ltdf2
                0x000061c0                __ledf2
                0x000061c8                __nedf2
                0x000061c8                __eqdf2
                0x000061c8                __cmpdf2
                0x00006244                __aeabi_cdrcmple
                0x00006254                __aeabi_cdcmpeq
                0x00006254                __aeabi_cdcmple
                0x00006264                __aeabi_dcmpeq
                0x00006278                __aeabi_dcmplt
                0x0000628c                __aeabi_dcmple
                0x000062a0                __aeabi_dcmpge
                0x000062b4                __aeabi_dcmpgt
 .text          0x000062c8       0x2c D:/RA/toolchains/gcc_arm/13.2.rel1/bin/../lib/gcc/arm-none-eabi/13.2.1/thumb/v8-m.main+fp/hard\libgcc.a(_arm_unorddf2.o)
                0x000062c8                __unorddf2
                0x000062c8                __aeabi_dcmpun
 .text          0x000062f4       0x50 D:/RA/toolchains/gcc_arm/13.2.rel1/bin/../lib/gcc/arm-none-eabi/13.2.1/thumb/v8-m.main+fp/hard\libgcc.a(_arm_fixdfsi.o)
                0x000062f4                __aeabi_d2iz
                0x000062f4                __fixdfsi
 *(.rodata*)
 .rodata.delay.str1.4
                0x00006344      0x321 ./src/libs/delay/delay.o
                                  0x8 (size before relaxing)
 .rodata.IODrvRead.str1.4
                0x00006665       0x2e ./src/drivers/drv_gpio.o
 *fill*         0x00006665        0x3 
 .rodata.__func__.0
                0x00006668        0xa ./src/drivers/drv_gpio.o
 *fill*         0x00006672        0x2 
 .rodata.__func__.1
                0x00006674        0xb ./src/drivers/drv_gpio.o
 *fill*         0x0000667f        0x1 
 .rodata.__func__.2
                0x00006680        0xa ./src/drivers/drv_gpio.o
 .rodata.str1.4
                0x0000668a       0x1b ./src/drivers/drv_gpio.o
 .rodata.SPIDrvWriteRead.str1.4
                0x0000668a       0x67 ./src/drivers/drv_spi.o
 .rodata.SPIDrvInit.str1.4
                0x0000668a       0x75 ./src/drivers/drv_spi.o
 *fill*         0x0000668a        0x2 
 .rodata.__func__.0
                0x0000668c        0xb ./src/drivers/drv_spi.o
 *fill*         0x00006697        0x1 
 .rodata.__func__.1
                0x00006698        0xc ./src/drivers/drv_spi.o
 .rodata.__func__.2
                0x000066a4        0xb ./src/drivers/drv_spi.o
 *fill*         0x000066af        0x1 
 .rodata.__func__.3
                0x000066b0       0x10 ./src/drivers/drv_spi.o
 .rodata.str1.4
                0x000066c0        0xc ./src/drivers/drv_spi.o
 .rodata.str1.4
                0x000066c0        0x8 ./src/drivers/drv_systick.o
 .rodata.adxl345_get_burst_register_value.isra.0.str1.4
                0x000066c0       0x97 ./src/devices/ADXL345/dev_adxl345.o
 .rodata.adxl345_get_register_value.str1.4
                0x000066c0       0x7f ./src/devices/ADXL345/dev_adxl345.o
 .rodata.ADXLDevInit.str1.4
                0x000066c0       0x3b ./src/devices/ADXL345/dev_adxl345.o
 .rodata.str1.4
                0x000066c0        0x8 ./src/devices/ADXL345/dev_adxl345.o
 .rodata.IODeviceList.str1.4
                0x000066c0       0x1f ./src/devices/dev_gpio.o
 .rodata.SPIDeviceList.str1.4
                0x000066c0       0x23 ./src/devices/dev_spi.o
 .rodata.TimerDeviceList.str1.4
                0x000066c0       0x23 ./src/devices/dev_timer.o
 .rodata.hal_entry.str1.4
                0x000066c0       0x75 ./src/hal_entry.o
 .rodata.g_ioport
                0x000066c0        0xc ./ra_gen/common_data.o
                0x000066c0                g_ioport
 .rodata.g_rai_data_shipper0_cfg
                0x000066cc       0x14 ./ra_gen/common_data.o
                0x000066cc                g_rai_data_shipper0_cfg
 .rodata.g_comms_uart7
                0x000066e0        0xc ./ra_gen/common_data.o
                0x000066e0                g_comms_uart7
 .rodata.g_comms_uart7_cfg
                0x000066ec       0x14 ./ra_gen/common_data.o
                0x000066ec                g_comms_uart7_cfg
 .rodata.g_uart7
                0x00006700        0xc ./ra_gen/common_data.o
                0x00006700                g_uart7
 .rodata.g_uart7_cfg
                0x0000670c       0x20 ./ra_gen/common_data.o
                0x0000670c                g_uart7_cfg
 .rodata.g_uart7_cfg_extend
                0x0000672c       0x14 ./ra_gen/common_data.o
                0x0000672c                g_uart7_cfg_extend
 .rodata.g_rai_data_collector0
                0x00006740        0xc ./ra_gen/common_data.o
                0x00006740                g_rai_data_collector0
 .rodata.g_rai_data_collector0_cfg
                0x0000674c       0x24 ./ra_gen/common_data.o
                0x0000674c                g_rai_data_collector0_cfg
 .rodata.g_rai_data_collector0_df_cfg
                0x00006770        0x1 ./ra_gen/common_data.o
                0x00006770                g_rai_data_collector0_df_cfg
 *fill*         0x00006771        0x3 
 .rodata.g_rai_data_collector0_ss_cfg
                0x00006774        0xc ./ra_gen/common_data.o
                0x00006774                g_rai_data_collector0_ss_cfg
 .rodata.g_uart9
                0x00006780        0xc ./ra_gen/hal_data.o
                0x00006780                g_uart9
 .rodata.g_uart9_cfg
                0x0000678c       0x20 ./ra_gen/hal_data.o
                0x0000678c                g_uart9_cfg
 .rodata.g_uart9_cfg_extend
                0x000067ac       0x14 ./ra_gen/hal_data.o
                0x000067ac                g_uart9_cfg_extend
 .rodata.g_spi0
                0x000067c0        0xc ./ra_gen/hal_data.o
                0x000067c0                g_spi0
 .rodata.g_spi0_cfg
                0x000067cc       0x24 ./ra_gen/hal_data.o
                0x000067cc                g_spi0_cfg
 .rodata.g_spi0_ext_cfg
                0x000067f0        0xd ./ra_gen/hal_data.o
                0x000067f0                g_spi0_ext_cfg
 *fill*         0x000067fd        0x3 
 .rodata.g_bsp_pin_cfg
                0x00006800        0xc ./ra_gen/pin_data.o
                0x00006800                g_bsp_pin_cfg
 .rodata.g_bsp_pin_cfg_data
                0x0000680c      0x128 ./ra_gen/pin_data.o
                0x0000680c                g_bsp_pin_cfg_data
 .rodata.g_interrupt_event_link_select
                0x00006934       0x20 ./ra_gen/vector_data.o
                0x00006934                g_interrupt_event_link_select
 .rodata.g_dc_on_rai_data_collector
                0x00006954       0x24 ./ra/fsp/src/rm_rai_data_collector/rm_rai_data_collector.o
                0x00006954                g_dc_on_rai_data_collector
 .rodata.g_comms_on_comms_uart
                0x00006978       0x18 ./ra/fsp/src/rm_comms_uart/rm_comms_uart.o
                0x00006978                g_comms_on_comms_uart
 .rodata.g_spi_on_spi
                0x00006990       0x18 ./ra/fsp/src/r_spi/r_spi.o
                0x00006990                g_spi_on_spi
 .rodata.g_uart_on_sci
                0x000069a8       0x2c ./ra/fsp/src/r_sci_uart/r_sci_uart.o
                0x000069a8                g_uart_on_sci
 .rodata.g_vbatt_pins_input
                0x000069d4        0x6 ./ra/fsp/src/r_ioport/r_ioport.o
 *fill*         0x000069da        0x2 
 .rodata.g_ioport_on_ioport
                0x000069dc       0x34 ./ra/fsp/src/r_ioport/r_ioport.o
                0x000069dc                g_ioport_on_ioport
 .rodata.g_init_info
                0x00006a10       0x18 ./ra/fsp/src/bsp/mcu/ra6m5/bsp_linker.o
                0x00006a10                g_init_info
 .rodata.nocache_list
                0x00006a28       0x10 ./ra/fsp/src/bsp/mcu/ra6m5/bsp_linker.o
 .rodata.copy_list
                0x00006a38       0x80 ./ra/fsp/src/bsp/mcu/ra6m5/bsp_linker.o
 .rodata.zero_list
                0x00006ab8       0x30 ./ra/fsp/src/bsp/mcu/ra6m5/bsp_linker.o
 .rodata.g_prcr_masks
                0x00006ae8        0xa ./ra/fsp/src/bsp/mcu/all/bsp_register_protection.o
 .rodata._printf_float.str1.1
                0x00006af2      0x137 D:/RA/toolchains/gcc_arm/13.2.rel1/bin/../lib/gcc/arm-none-eabi/13.2.1/thumb/v8-m.main+fp/hard\libg_nano.a(libc_a-nano-vfprintf_float.o)
                                 0x12 (size before relaxing)
 .rodata._printf_i.str1.1
                0x00006c29       0x22 D:/RA/toolchains/gcc_arm/13.2.rel1/bin/../lib/gcc/arm-none-eabi/13.2.1/thumb/v8-m.main+fp/hard\libg_nano.a(libc_a-nano-vfprintf_i.o)
 .rodata._dtoa_r.str1.1
                0x00006c29       0x90 D:/RA/toolchains/gcc_arm/13.2.rel1/bin/../lib/gcc/arm-none-eabi/13.2.1/thumb/v8-m.main+fp/hard\libg_nano.a(libc_a-dtoa.o)
 .rodata._Balloc.str1.1
                0x00006c29       0x71 D:/RA/toolchains/gcc_arm/13.2.rel1/bin/../lib/gcc/arm-none-eabi/13.2.1/thumb/v8-m.main+fp/hard\libg_nano.a(libc_a-mprec.o)
 .rodata.__multadd.str1.1
                0x00006c29       0x11 D:/RA/toolchains/gcc_arm/13.2.rel1/bin/../lib/gcc/arm-none-eabi/13.2.1/thumb/v8-m.main+fp/hard\libg_nano.a(libc_a-mprec.o)
 *fill*         0x00006c29        0x3 
 .rodata.p05.0  0x00006c2c        0xc D:/RA/toolchains/gcc_arm/13.2.rel1/bin/../lib/gcc/arm-none-eabi/13.2.1/thumb/v8-m.main+fp/hard\libg_nano.a(libc_a-mprec.o)
 .rodata.__mprec_bigtens
                0x00006c38       0x28 D:/RA/toolchains/gcc_arm/13.2.rel1/bin/../lib/gcc/arm-none-eabi/13.2.1/thumb/v8-m.main+fp/hard\libg_nano.a(libc_a-mprec.o)
                0x00006c38                __mprec_bigtens
 .rodata.__mprec_tens
                0x00006c60       0xc8 D:/RA/toolchains/gcc_arm/13.2.rel1/bin/../lib/gcc/arm-none-eabi/13.2.1/thumb/v8-m.main+fp/hard\libg_nano.a(libc_a-mprec.o)
                0x00006c60                __mprec_tens
 .rodata._svfprintf_r.str1.1
                0x00006d28       0x11 D:/RA/toolchains/gcc_arm/13.2.rel1/bin/../lib/gcc/arm-none-eabi/13.2.1/thumb/v8-m.main+fp/hard\libg_nano.a(libc_a-nano-svfprintf.o)
 .rodata._setlocale_r.str1.1
                0x00006d28        0x9 D:/RA/toolchains/gcc_arm/13.2.rel1/bin/../lib/gcc/arm-none-eabi/13.2.1/thumb/v8-m.main+fp/hard\libg_nano.a(libc_a-locale.o)
 .rodata.str1.1
                0x00006d28        0x2 D:/RA/toolchains/gcc_arm/13.2.rel1/bin/../lib/gcc/arm-none-eabi/13.2.1/thumb/v8-m.main+fp/hard\libg_nano.a(libc_a-locale.o)
 .rodata._ctype_
                0x00006d28      0x101 D:/RA/toolchains/gcc_arm/13.2.rel1/bin/../lib/gcc/arm-none-eabi/13.2.1/thumb/v8-m.main+fp/hard\libg_nano.a(libc_a-ctype_.o)
                0x00006d28                _ctype_
 *(.mcuboot_sce9_key)
 *(.version)
 *fill*         0x00006e29        0x3 
 .version       0x00006e2c       0x50 ./ra/fsp/src/bsp/mcu/all/bsp_common.o
                0x00006e7c                        __flash_readonly$$Limit = .

.glue_7         0x00006e7c        0x0
 .glue_7        0x00006e7c        0x0 linker stubs

.glue_7t        0x00006e7c        0x0
 .glue_7t       0x00006e7c        0x0 linker stubs

.vfp11_veneer   0x00006e7c        0x0
 .vfp11_veneer  0x00006e7c        0x0 linker stubs

.v4_bx          0x00006e7c        0x0
 .v4_bx         0x00006e7c        0x0 linker stubs

.init           0x00006e7c        0x4
 .init          0x00006e7c        0x4 D:/RA/toolchains/gcc_arm/13.2.rel1/bin/../lib/gcc/arm-none-eabi/13.2.1/thumb/v8-m.main+fp/hard/crti.o
                0x00006e7c                _init

.fini           0x00006e80        0x4
 .fini          0x00006e80        0x4 D:/RA/toolchains/gcc_arm/13.2.rel1/bin/../lib/gcc/arm-none-eabi/13.2.1/thumb/v8-m.main+fp/hard/crti.o
                0x00006e80                _fini

.iplt           0x00006e84        0x0
 .iplt          0x00006e84        0x0 D:/RA/toolchains/gcc_arm/13.2.rel1/bin/../lib/gcc/arm-none-eabi/13.2.1/thumb/v8-m.main+fp/hard/crtbegin.o

__flash_ctor$$
 *crtbegin.o(.ctors)
 *crtbegin?.o(.ctors)
 EXCLUDE_FILE(*crtend.o *crtend?.o) *(.ctors)
 *(SORT_BY_NAME(.ctors.*))
 *(.ctors)
 *crtbegin.o(.dtors)
 *crtbegin?.o(.dtors)
 EXCLUDE_FILE(*crtend.o *crtend?.o) *(.dtors)
 *(SORT_BY_NAME(.dtors.*))
 *(.dtors)

__flash_preinit_array$$
                0x00006e84        0x0
                0x00006e84                        __preinit_array_start = .
 *(.preinit_array)
                0x00006e84                        __preinit_array_end = .

__flash_.got$$
 *(.got.plt)
 *(.got)

__flash_init_array$$
                0x00006e84        0x4
                0x00006e84                        __init_array_start = .
 *(SORT_BY_NAME(.init_array.*))
 *(.init_array)
 .init_array    0x00006e84        0x4 D:/RA/toolchains/gcc_arm/13.2.rel1/bin/../lib/gcc/arm-none-eabi/13.2.1/thumb/v8-m.main+fp/hard/crtbegin.o
                0x00006e88                        __init_array_end = .

__flash_fini_array$$
                0x00006e88        0x4
                0x00006e88                        __fini_array_start = .
 *(SORT_BY_NAME(.fini_array.*))
 *(.fini_array)
 .fini_array    0x00006e88        0x4 D:/RA/toolchains/gcc_arm/13.2.rel1/bin/../lib/gcc/arm-none-eabi/13.2.1/thumb/v8-m.main+fp/hard/crtbegin.o
                0x00006e8c                        __fini_array_end = .

__flash_arm.extab$$
 *(.ARM.extab*)
 *(.gnu.linkonce.armextab.*)

__flash_arm.exidx$$
                0x00006e8c        0x8
                0x00006e8c                        __exidx_start = .
 *(.ARM.exidx*)
 .ARM.exidx     0x00006e8c        0x8 D:/RA/toolchains/gcc_arm/13.2.rel1/bin/../lib/gcc/arm-none-eabi/13.2.1/thumb/v8-m.main+fp/hard\libg_nano.a(libc_a-strlen.o)
 *(.gnu.linkonce.armexidx.*)
                0x00006e94                        __exidx_end = .

.flash.endof    0x00007000        0x0
                0x00007000                        __ddsc_FLASH_END = .

.flash.flat_nsc
                0x00007000        0x0
                0x00007000                        __ddsc_FLASH_NSC = .

.option_setting_ofs0.startof
                0x0100a100        0x0
                0x0100a100                        __ddsc_OPTION_SETTING_OFS0_START = .

__option_setting_ofs0_reg$$
                0x0100a100        0x4
                0x0100a100                        __option_setting_ofs0_reg$$Base = .
 *(.option_setting_ofs0)
 .option_setting_ofs0
                0x0100a100        0x4 ./ra/fsp/src/bsp/mcu/ra6m5/bsp_linker.o
                0x0100a104                        __option_setting_ofs0_reg$$Limit = .

.option_setting_ofs0.endof
                0x0100a104        0x0
                0x0100a104                        __ddsc_OPTION_SETTING_OFS0_END = .

.option_setting_dualsel.startof
                0x0100a110        0x0
                0x0100a110                        __ddsc_OPTION_SETTING_DUALSEL_START = .

__option_setting_dualsel_reg$$
                0x0100a110        0x0
                0x0100a110                        __option_setting_dualsel_reg$$Base = .
 *(.option_setting_dualsel)
                0x0100a110                        __option_setting_dualsel_reg$$Limit = .

.option_setting_dualsel.endof
                0x0100a110        0x0
                0x0100a110                        __ddsc_OPTION_SETTING_DUALSEL_END = .

.option_setting_ofs1.startof
                0x0100a180        0x0
                0x0100a180                        __ddsc_OPTION_SETTING_OFS1_START = .

__option_setting_ofs1_reg$$
                0x0100a180        0x0
                0x0100a180                        __option_setting_ofs1_reg$$Base = .
 *(.option_setting_ofs1)
                0x0100a180                        __option_setting_ofs1_reg$$Limit = .

.option_setting_ofs1.endof
                0x0100a180        0x0
                0x0100a180                        __ddsc_OPTION_SETTING_OFS1_END = .

.option_setting_banksel.startof
                0x0100a190        0x0
                0x0100a190                        __ddsc_OPTION_SETTING_BANKSEL_START = .

__option_setting_banksel_reg$$
                0x0100a190        0x0
                0x0100a190                        __option_setting_banksel_reg$$Base = .
 *(.option_setting_banksel)
                0x0100a190                        __option_setting_banksel_reg$$Limit = .

.option_setting_banksel.endof
                0x0100a190        0x0
                0x0100a190                        __ddsc_OPTION_SETTING_BANKSEL_END = .

.option_setting_bps.startof
                0x0100a1c0        0x0
                0x0100a1c0                        __ddsc_OPTION_SETTING_BPS_START = .

__option_setting_bps_reg$$
                0x0100a1c0        0x0
                0x0100a1c0                        __option_setting_bps_reg$$Base = .
 *(.option_setting_bps)
                0x0100a1c0                        __option_setting_bps_reg$$Limit = .

.option_setting_bps.endof
                0x0100a1c0        0x0
                0x0100a1c0                        __ddsc_OPTION_SETTING_BPS_END = .

.option_setting_pbps.startof
                0x0100a1e0        0x0
                0x0100a1e0                        __ddsc_OPTION_SETTING_PBPS_START = .

__option_setting_pbps_reg$$
                0x0100a1e0        0x0
                0x0100a1e0                        __option_setting_pbps_reg$$Base = .
 *(.option_setting_pbps)
                0x0100a1e0                        __option_setting_pbps_reg$$Limit = .

.option_setting_pbps.endof
                0x0100a1e0        0x0
                0x0100a1e0                        __ddsc_OPTION_SETTING_PBPS_END = .

.option_setting_ofs1_sec.startof
                0x0100a200        0x0
                0x0100a200                        __ddsc_OPTION_SETTING_OFS1_SEC_START = .

__option_setting_ofs1_sec_reg$$
                0x0100a200        0x4
                0x0100a200                        __option_setting_ofs1_sec_reg$$Base = .
 *(.option_setting_ofs1_sec)
 .option_setting_ofs1_sec
                0x0100a200        0x4 ./ra/fsp/src/bsp/mcu/ra6m5/bsp_linker.o
                0x0100a204                        __option_setting_ofs1_sec_reg$$Limit = .

.option_setting_ofs1_sec.endof
                0x0100a204        0x0
                0x0100a204                        __ddsc_OPTION_SETTING_OFS1_SEC_END = .

.option_setting_banksel_sec.startof
                0x0100a210        0x0
                0x0100a210                        __ddsc_OPTION_SETTING_BANKSEL_SEC_START = .

__option_setting_banksel_sec_reg$$
                0x0100a210        0x0
                0x0100a210                        __option_setting_banksel_sec_reg$$Base = .
 *(.option_setting_banksel_sec)
                0x0100a210                        __option_setting_banksel_sec_reg$$Limit = .

.option_setting_banksel_sec.endof
                0x0100a210        0x0
                0x0100a210                        __ddsc_OPTION_SETTING_BANKSEL_SEC_END = .

.option_setting_bps_sec.startof
                0x0100a240        0x0
                0x0100a240                        __ddsc_OPTION_SETTING_BPS_SEC_START = .

__option_setting_bps_sec_reg$$
                0x0100a240        0x0
                0x0100a240                        __option_setting_bps_sec_reg$$Base = .
 *(.option_setting_bps_sec)
                0x0100a240                        __option_setting_bps_sec_reg$$Limit = .

.option_setting_bps_sec.endof
                0x0100a240        0x0
                0x0100a240                        __ddsc_OPTION_SETTING_BPS_SEC_END = .

.option_setting_pbps_sec.startof
                0x0100a260        0x0
                0x0100a260                        __ddsc_OPTION_SETTING_PBPS_SEC_START = .

__option_setting_pbps_sec_reg$$
                0x0100a260        0x0
                0x0100a260                        __option_setting_pbps_sec_reg$$Base = .
 *(.option_setting_pbps_sec)
                0x0100a260                        __option_setting_pbps_sec_reg$$Limit = .

.option_setting_pbps_sec.endof
                0x0100a260        0x0
                0x0100a260                        __ddsc_OPTION_SETTING_PBPS_SEC_END = .

.option_setting_ofs1_sel.startof
                0x0100a280        0x0
                0x0100a280                        __ddsc_OPTION_SETTING_OFS1_SEL_START = .

__option_setting_ofs1_sel_reg$$
                0x0100a280        0x4
                0x0100a280                        __option_setting_ofs1_sel_reg$$Base = .
 *(.option_setting_ofs1_sel)
 .option_setting_ofs1_sel
                0x0100a280        0x4 ./ra/fsp/src/bsp/mcu/ra6m5/bsp_linker.o
                0x0100a284                        __option_setting_ofs1_sel_reg$$Limit = .

.eh_frame       0x0100a284        0x0
 .eh_frame      0x0100a284        0x0 D:/RA/toolchains/gcc_arm/13.2.rel1/bin/../lib/gcc/arm-none-eabi/13.2.1/thumb/v8-m.main+fp/hard/crtbegin.o

.rel.dyn        0x0100a284        0x0
 .rel.iplt      0x0100a284        0x0 D:/RA/toolchains/gcc_arm/13.2.rel1/bin/../lib/gcc/arm-none-eabi/13.2.1/thumb/v8-m.main+fp/hard/crtbegin.o

.option_setting_ofs1_sel.endof
                0x0100a284        0x0
                0x0100a284                        __ddsc_OPTION_SETTING_OFS1_SEL_END = .

.option_setting_banksel_sel.startof
                0x0100a290        0x0
                0x0100a290                        __ddsc_OPTION_SETTING_BANKSEL_SEL_START = .

__option_setting_banksel_sel_reg$$
                0x0100a290        0x0
                0x0100a290                        __option_setting_banksel_sel_reg$$Base = .
 *(.option_setting_banksel_sel)
                0x0100a290                        __option_setting_banksel_sel_reg$$Limit = .

.option_setting_banksel_sel.endof
                0x0100a290        0x0
                0x0100a290                        __ddsc_OPTION_SETTING_BANKSEL_SEL_END = .

.option_setting_bps_sel.startof
                0x0100a2c0        0x0
                0x0100a2c0                        __ddsc_OPTION_SETTING_BPS_SEL_START = .

__option_setting_bps_sel_reg$$
                0x0100a2c0        0x0
                0x0100a2c0                        __option_setting_bps_sel_reg$$Base = .
 *(.option_setting_bps_sel)
                0x0100a2c0                        __option_setting_bps_sel_reg$$Limit = .

.option_setting_bps_sel.endof
                0x0100a2c0        0x0
                0x0100a2c0                        __ddsc_OPTION_SETTING_BPS_SEL_END = .
OUTPUT(Embedded_Competition_Renesas_Track.elf elf32-littlearm)
LOAD linker stubs

.ARM.attributes
                0x00000000       0x36
 .ARM.attributes
                0x00000000       0x26 D:/RA/toolchains/gcc_arm/13.2.rel1/bin/../lib/gcc/arm-none-eabi/13.2.1/thumb/v8-m.main+fp/hard/crti.o
 .ARM.attributes
                0x00000026       0x38 D:/RA/toolchains/gcc_arm/13.2.rel1/bin/../lib/gcc/arm-none-eabi/13.2.1/thumb/v8-m.main+fp/hard/crtbegin.o
 .ARM.attributes
                0x0000005e       0x3a ./src/libs/delay/delay.o
 .ARM.attributes
                0x00000098       0x3a ./src/drivers/drv_gpio.o
 .ARM.attributes
                0x000000d2       0x3a ./src/drivers/drv_spi.o
 .ARM.attributes
                0x0000010c       0x3a ./src/drivers/drv_systick.o
 .ARM.attributes
                0x00000146       0x3a ./src/devices/ADXL345/dev_adxl345.o
 .ARM.attributes
                0x00000180       0x3a ./src/devices/dev_gpio.o
 .ARM.attributes
                0x000001ba       0x3a ./src/devices/dev_spi.o
 .ARM.attributes
                0x000001f4       0x3a ./src/devices/dev_timer.o
 .ARM.attributes
                0x0000022e       0x3a ./src/debug_uart/debug_uart.o
 .ARM.attributes
                0x00000268       0x3a ./src/buding.o
 .ARM.attributes
                0x000002a2       0x3a ./src/hal_entry.o
 .ARM.attributes
                0x000002dc       0x3a ./src/hal_warmstart.o
 .ARM.attributes
                0x00000316       0x3a ./ra_gen/common_data.o
 .ARM.attributes
                0x00000350       0x3a ./ra_gen/hal_data.o
 .ARM.attributes
                0x0000038a       0x3a ./ra_gen/main.o
 .ARM.attributes
                0x000003c4       0x3a ./ra_gen/pin_data.o
 .ARM.attributes
                0x000003fe       0x3a ./ra_gen/vector_data.o
 .ARM.attributes
                0x00000438       0x3a ./ra/fsp/src/rm_rai_data_shipper/rm_rai_data_shipper.o
 .ARM.attributes
                0x00000472       0x3a ./ra/fsp/src/rm_rai_data_collector/rm_rai_data_collector.o
 .ARM.attributes
                0x000004ac       0x3a ./ra/fsp/src/rm_comms_uart/rm_comms_uart.o
 .ARM.attributes
                0x000004e6       0x3a ./ra/fsp/src/r_spi/r_spi.o
 .ARM.attributes
                0x00000520       0x3a ./ra/fsp/src/r_sci_uart/r_sci_uart.o
 .ARM.attributes
                0x0000055a       0x3a ./ra/fsp/src/r_ioport/r_ioport.o
 .ARM.attributes
                0x00000594       0x3a ./ra/fsp/src/bsp/mcu/ra6m5/bsp_linker.o
 .ARM.attributes
                0x000005ce       0x3a ./ra/fsp/src/bsp/mcu/all/bsp_clocks.o
 .ARM.attributes
                0x00000608       0x3a ./ra/fsp/src/bsp/mcu/all/bsp_common.o
 .ARM.attributes
                0x00000642       0x3a ./ra/fsp/src/bsp/mcu/all/bsp_delay.o
 .ARM.attributes
                0x0000067c       0x3a ./ra/fsp/src/bsp/mcu/all/bsp_group_irq.o
 .ARM.attributes
                0x000006b6       0x3a ./ra/fsp/src/bsp/mcu/all/bsp_io.o
 .ARM.attributes
                0x000006f0       0x3a ./ra/fsp/src/bsp/mcu/all/bsp_irq.o
 .ARM.attributes
                0x0000072a       0x3a ./ra/fsp/src/bsp/mcu/all/bsp_register_protection.o
 .ARM.attributes
                0x00000764       0x3a ./ra/fsp/src/bsp/mcu/all/bsp_sbrk.o
 .ARM.attributes
                0x0000079e       0x3a ./ra/fsp/src/bsp/cmsis/Device/RENESAS/Source/startup.o
 .ARM.attributes
                0x000007d8       0x3a ./ra/fsp/src/bsp/cmsis/Device/RENESAS/Source/system.o
 .ARM.attributes
                0x00000812       0x26 D:/RA/toolchains/gcc_arm/13.2.rel1/bin/../lib/gcc/arm-none-eabi/13.2.1/thumb/v8-m.main+fp/hard\libgcc.a(_arm_addsubdf3.o)
 .ARM.attributes
                0x00000838       0x26 D:/RA/toolchains/gcc_arm/13.2.rel1/bin/../lib/gcc/arm-none-eabi/13.2.1/thumb/v8-m.main+fp/hard\libgcc.a(_arm_truncdfsf2.o)
 .ARM.attributes
                0x0000085e       0x38 D:/RA/toolchains/gcc_arm/13.2.rel1/bin/../lib/gcc/arm-none-eabi/13.2.1/thumb/v8-m.main+fp/hard\libg_nano.a(libc_a-malloc.o)
 .ARM.attributes
                0x00000896       0x38 D:/RA/toolchains/gcc_arm/13.2.rel1/bin/../lib/gcc/arm-none-eabi/13.2.1/thumb/v8-m.main+fp/hard\libg_nano.a(libc_a-mallocr.o)
 .ARM.attributes
                0x000008ce       0x38 D:/RA/toolchains/gcc_arm/13.2.rel1/bin/../lib/gcc/arm-none-eabi/13.2.1/thumb/v8-m.main+fp/hard\libg_nano.a(libc_a-mlock.o)
 .ARM.attributes
                0x00000906       0x38 D:/RA/toolchains/gcc_arm/13.2.rel1/bin/../lib/gcc/arm-none-eabi/13.2.1/thumb/v8-m.main+fp/hard\libg_nano.a(libc_a-nano-vfprintf_float.o)
 .ARM.attributes
                0x0000093e       0x38 D:/RA/toolchains/gcc_arm/13.2.rel1/bin/../lib/gcc/arm-none-eabi/13.2.1/thumb/v8-m.main+fp/hard\libg_nano.a(libc_a-nano-vfprintf_i.o)
 .ARM.attributes
                0x00000976       0x38 D:/RA/toolchains/gcc_arm/13.2.rel1/bin/../lib/gcc/arm-none-eabi/13.2.1/thumb/v8-m.main+fp/hard\libg_nano.a(libc_a-findfp.o)
 .ARM.attributes
                0x000009ae       0x38 D:/RA/toolchains/gcc_arm/13.2.rel1/bin/../lib/gcc/arm-none-eabi/13.2.1/thumb/v8-m.main+fp/hard\libg_nano.a(libc_a-vsprintf.o)
 .ARM.attributes
                0x000009e6       0x38 D:/RA/toolchains/gcc_arm/13.2.rel1/bin/../lib/gcc/arm-none-eabi/13.2.1/thumb/v8-m.main+fp/hard\libg_nano.a(libc_a-memset.o)
 .ARM.attributes
                0x00000a1e       0x38 D:/RA/toolchains/gcc_arm/13.2.rel1/bin/../lib/gcc/arm-none-eabi/13.2.1/thumb/v8-m.main+fp/hard\libg_nano.a(libc_a-strstr.o)
 .ARM.attributes
                0x00000a56       0x38 D:/RA/toolchains/gcc_arm/13.2.rel1/bin/../lib/gcc/arm-none-eabi/13.2.1/thumb/v8-m.main+fp/hard\libg_nano.a(libc_a-localeconv.o)
 .ARM.attributes
                0x00000a8e       0x38 D:/RA/toolchains/gcc_arm/13.2.rel1/bin/../lib/gcc/arm-none-eabi/13.2.1/thumb/v8-m.main+fp/hard\libg_nano.a(libc_a-reent.o)
 .ARM.attributes
                0x00000ac6       0x38 D:/RA/toolchains/gcc_arm/13.2.rel1/bin/../lib/gcc/arm-none-eabi/13.2.1/thumb/v8-m.main+fp/hard\libg_nano.a(libc_a-impure.o)
 .ARM.attributes
                0x00000afe       0x38 D:/RA/toolchains/gcc_arm/13.2.rel1/bin/../lib/gcc/arm-none-eabi/13.2.1/thumb/v8-m.main+fp/hard\libg_nano.a(libc_a-sbrkr.o)
 .ARM.attributes
                0x00000b36       0x38 D:/RA/toolchains/gcc_arm/13.2.rel1/bin/../lib/gcc/arm-none-eabi/13.2.1/thumb/v8-m.main+fp/hard\libg_nano.a(libc_a-lock.o)
 .ARM.attributes
                0x00000b6e       0x38 D:/RA/toolchains/gcc_arm/13.2.rel1/bin/../lib/gcc/arm-none-eabi/13.2.1/thumb/v8-m.main+fp/hard\libg_nano.a(libc_a-memchr-stub.o)
 .ARM.attributes
                0x00000ba6       0x38 D:/RA/toolchains/gcc_arm/13.2.rel1/bin/../lib/gcc/arm-none-eabi/13.2.1/thumb/v8-m.main+fp/hard\libg_nano.a(libc_a-memcpy-stub.o)
 .ARM.attributes
                0x00000bde       0x24 D:/RA/toolchains/gcc_arm/13.2.rel1/bin/../lib/gcc/arm-none-eabi/13.2.1/thumb/v8-m.main+fp/hard\libg_nano.a(libc_a-strlen.o)
 .ARM.attributes
                0x00000c02       0x38 D:/RA/toolchains/gcc_arm/13.2.rel1/bin/../lib/gcc/arm-none-eabi/13.2.1/thumb/v8-m.main+fp/hard\libg_nano.a(libc_a-dtoa.o)
 .ARM.attributes
                0x00000c3a       0x38 D:/RA/toolchains/gcc_arm/13.2.rel1/bin/../lib/gcc/arm-none-eabi/13.2.1/thumb/v8-m.main+fp/hard\libg_nano.a(libc_a-freer.o)
 .ARM.attributes
                0x00000c72       0x38 D:/RA/toolchains/gcc_arm/13.2.rel1/bin/../lib/gcc/arm-none-eabi/13.2.1/thumb/v8-m.main+fp/hard\libg_nano.a(libc_a-mprec.o)
 .ARM.attributes
                0x00000caa       0x38 D:/RA/toolchains/gcc_arm/13.2.rel1/bin/../lib/gcc/arm-none-eabi/13.2.1/thumb/v8-m.main+fp/hard\libg_nano.a(libc_a-nano-svfprintf.o)
 .ARM.attributes
                0x00000ce2       0x38 D:/RA/toolchains/gcc_arm/13.2.rel1/bin/../lib/gcc/arm-none-eabi/13.2.1/thumb/v8-m.main+fp/hard\libg_nano.a(libc_a-memmove.o)
 .ARM.attributes
                0x00000d1a       0x38 D:/RA/toolchains/gcc_arm/13.2.rel1/bin/../lib/gcc/arm-none-eabi/13.2.1/thumb/v8-m.main+fp/hard\libg_nano.a(libc_a-locale.o)
 .ARM.attributes
                0x00000d52       0x38 D:/RA/toolchains/gcc_arm/13.2.rel1/bin/../lib/gcc/arm-none-eabi/13.2.1/thumb/v8-m.main+fp/hard\libg_nano.a(libc_a-callocr.o)
 .ARM.attributes
                0x00000d8a       0x38 D:/RA/toolchains/gcc_arm/13.2.rel1/bin/../lib/gcc/arm-none-eabi/13.2.1/thumb/v8-m.main+fp/hard\libg_nano.a(libc_a-mbtowc_r.o)
 .ARM.attributes
                0x00000dc2       0x38 D:/RA/toolchains/gcc_arm/13.2.rel1/bin/../lib/gcc/arm-none-eabi/13.2.1/thumb/v8-m.main+fp/hard\libg_nano.a(libc_a-reallocr.o)
 .ARM.attributes
                0x00000dfa       0x38 D:/RA/toolchains/gcc_arm/13.2.rel1/bin/../lib/gcc/arm-none-eabi/13.2.1/thumb/v8-m.main+fp/hard\libg_nano.a(libc_a-wctomb_r.o)
 .ARM.attributes
                0x00000e32       0x38 D:/RA/toolchains/gcc_arm/13.2.rel1/bin/../lib/gcc/arm-none-eabi/13.2.1/thumb/v8-m.main+fp/hard\libg_nano.a(libc_a-ctype_.o)
 .ARM.attributes
                0x00000e6a       0x38 D:/RA/toolchains/gcc_arm/13.2.rel1/bin/../lib/gcc/arm-none-eabi/13.2.1/thumb/v8-m.main+fp/hard\libg_nano.a(libc_a-msizer.o)
 .ARM.attributes
                0x00000ea2       0x26 D:/RA/toolchains/gcc_arm/13.2.rel1/bin/../lib/gcc/arm-none-eabi/13.2.1/thumb/v8-m.main+fp/hard\libgcc.a(_arm_muldivdf3.o)
 .ARM.attributes
                0x00000ec8       0x26 D:/RA/toolchains/gcc_arm/13.2.rel1/bin/../lib/gcc/arm-none-eabi/13.2.1/thumb/v8-m.main+fp/hard\libgcc.a(_arm_cmpdf2.o)
 .ARM.attributes
                0x00000eee       0x26 D:/RA/toolchains/gcc_arm/13.2.rel1/bin/../lib/gcc/arm-none-eabi/13.2.1/thumb/v8-m.main+fp/hard\libgcc.a(_arm_unorddf2.o)
 .ARM.attributes
                0x00000f14       0x26 D:/RA/toolchains/gcc_arm/13.2.rel1/bin/../lib/gcc/arm-none-eabi/13.2.1/thumb/v8-m.main+fp/hard\libgcc.a(_arm_fixdfsi.o)
 .ARM.attributes
                0x00000f3a       0x38 D:/RA/toolchains/gcc_arm/13.2.rel1/bin/../lib/gcc/arm-none-eabi/13.2.1/thumb/v8-m.main+fp/hard/crtend.o

.comment        0x00000000       0x44
 .comment       0x00000000       0x44 ./src/libs/delay/delay.o
                                 0x45 (size before relaxing)
 .comment       0x00000044       0x45 ./src/drivers/drv_gpio.o
 .comment       0x00000044       0x45 ./src/drivers/drv_spi.o
 .comment       0x00000044       0x45 ./src/drivers/drv_systick.o
 .comment       0x00000044       0x45 ./src/devices/ADXL345/dev_adxl345.o
 .comment       0x00000044       0x45 ./src/devices/dev_gpio.o
 .comment       0x00000044       0x45 ./src/devices/dev_spi.o
 .comment       0x00000044       0x45 ./src/devices/dev_timer.o
 .comment       0x00000044       0x45 ./src/debug_uart/debug_uart.o
 .comment       0x00000044       0x45 ./src/buding.o
 .comment       0x00000044       0x45 ./src/hal_entry.o
 .comment       0x00000044       0x45 ./src/hal_warmstart.o
 .comment       0x00000044       0x45 ./ra_gen/common_data.o
 .comment       0x00000044       0x45 ./ra_gen/hal_data.o
 .comment       0x00000044       0x45 ./ra_gen/main.o
 .comment       0x00000044       0x45 ./ra_gen/pin_data.o
 .comment       0x00000044       0x45 ./ra_gen/vector_data.o
 .comment       0x00000044       0x45 ./ra/fsp/src/rm_rai_data_shipper/rm_rai_data_shipper.o
 .comment       0x00000044       0x45 ./ra/fsp/src/rm_rai_data_collector/rm_rai_data_collector.o
 .comment       0x00000044       0x45 ./ra/fsp/src/rm_comms_uart/rm_comms_uart.o
 .comment       0x00000044       0x45 ./ra/fsp/src/r_spi/r_spi.o
 .comment       0x00000044       0x45 ./ra/fsp/src/r_sci_uart/r_sci_uart.o
 .comment       0x00000044       0x45 ./ra/fsp/src/r_ioport/r_ioport.o
 .comment       0x00000044       0x45 ./ra/fsp/src/bsp/mcu/ra6m5/bsp_linker.o
 .comment       0x00000044       0x45 ./ra/fsp/src/bsp/mcu/all/bsp_clocks.o
 .comment       0x00000044       0x45 ./ra/fsp/src/bsp/mcu/all/bsp_common.o
 .comment       0x00000044       0x45 ./ra/fsp/src/bsp/mcu/all/bsp_delay.o
 .comment       0x00000044       0x45 ./ra/fsp/src/bsp/mcu/all/bsp_group_irq.o
 .comment       0x00000044       0x45 ./ra/fsp/src/bsp/mcu/all/bsp_io.o
 .comment       0x00000044       0x45 ./ra/fsp/src/bsp/mcu/all/bsp_irq.o
 .comment       0x00000044       0x45 ./ra/fsp/src/bsp/mcu/all/bsp_register_protection.o
 .comment       0x00000044       0x45 ./ra/fsp/src/bsp/mcu/all/bsp_sbrk.o
 .comment       0x00000044       0x45 ./ra/fsp/src/bsp/cmsis/Device/RENESAS/Source/startup.o