Archive member included to satisfy reference by file (symbol)

E:/Renesas/RAv5.9.0/RA/toolchains/gcc_arm/13.2.rel1/bin/../lib/gcc/arm-none-eabi/13.2.1/thumb/v8-m.main+fp/hard\libgcc.a(_arm_muldf3.o)
                              ./src/devices/ADXL345/dev_adxl345.o (__aeabi_dmul)
E:/Renesas/RAv5.9.0/RA/toolchains/gcc_arm/13.2.rel1/bin/../lib/gcc/arm-none-eabi/13.2.1/thumb/v8-m.main+fp/hard\libgcc.a(_arm_addsubdf3.o)
                              ./src/devices/ADXL345/dev_adxl345.o (__aeabi_i2d)
E:/Renesas/RAv5.9.0/RA/toolchains/gcc_arm/13.2.rel1/bin/../lib/gcc/arm-none-eabi/13.2.1/thumb/v8-m.main+fp/hard\libgcc.a(_arm_truncdfsf2.o)
                              ./src/devices/ADXL345/dev_adxl345.o (__aeabi_d2f)
E:/Renesas/RAv5.9.0/RA/toolchains/gcc_arm/13.2.rel1/bin/../lib/gcc/arm-none-eabi/13.2.1/thumb/v8-m.main+fp/hard\libgcc.a(_aeabi_ldivmod.o)
                              ./ra/fsp/src/r_sci_uart/r_sci_uart.o (__aeabi_ldivmod)
E:/Renesas/RAv5.9.0/RA/toolchains/gcc_arm/13.2.rel1/bin/../lib/gcc/arm-none-eabi/13.2.1/thumb/v8-m.main+fp/hard\libgcc.a(_udivmoddi4.o)
                              E:/Renesas/RAv5.9.0/RA/toolchains/gcc_arm/13.2.rel1/bin/../lib/gcc/arm-none-eabi/13.2.1/thumb/v8-m.main+fp/hard\libgcc.a(_aeabi_ldivmod.o) (__udivmoddi4)
E:/Renesas/RAv5.9.0/RA/toolchains/gcc_arm/13.2.rel1/bin/../lib/gcc/arm-none-eabi/13.2.1/thumb/v8-m.main+fp/hard\libgcc.a(_dvmd_tls.o)
                              E:/Renesas/RAv5.9.0/RA/toolchains/gcc_arm/13.2.rel1/bin/../lib/gcc/arm-none-eabi/13.2.1/thumb/v8-m.main+fp/hard\libgcc.a(_aeabi_ldivmod.o) (__aeabi_ldiv0)
E:/Renesas/RAv5.9.0/RA/toolchains/gcc_arm/13.2.rel1/bin/../lib/gcc/arm-none-eabi/13.2.1/thumb/v8-m.main+fp/hard\libg_nano.a(libc_a-exit.o)
                              E:/Renesas/RAv5.9.0/RA/toolchains/gcc_arm/13.2.rel1/bin/../lib/gcc/arm-none-eabi/13.2.1/thumb/v8-m.main+fp/hard/crt0.o (exit)
E:/Renesas/RAv5.9.0/RA/toolchains/gcc_arm/13.2.rel1/bin/../lib/gcc/arm-none-eabi/13.2.1/thumb/v8-m.main+fp/hard\libg_nano.a(libc_a-malloc.o)
                              ./src/libs/ring_buffer/ring_buffer.o (malloc)
E:/Renesas/RAv5.9.0/RA/toolchains/gcc_arm/13.2.rel1/bin/../lib/gcc/arm-none-eabi/13.2.1/thumb/v8-m.main+fp/hard\libg_nano.a(libc_a-mallocr.o)
                              E:/Renesas/RAv5.9.0/RA/toolchains/gcc_arm/13.2.rel1/bin/../lib/gcc/arm-none-eabi/13.2.1/thumb/v8-m.main+fp/hard\libg_nano.a(libc_a-malloc.o) (_malloc_r)
E:/Renesas/RAv5.9.0/RA/toolchains/gcc_arm/13.2.rel1/bin/../lib/gcc/arm-none-eabi/13.2.1/thumb/v8-m.main+fp/hard\libg_nano.a(libc_a-mlock.o)
                              E:/Renesas/RAv5.9.0/RA/toolchains/gcc_arm/13.2.rel1/bin/../lib/gcc/arm-none-eabi/13.2.1/thumb/v8-m.main+fp/hard\libg_nano.a(libc_a-mallocr.o) (__malloc_lock)
E:/Renesas/RAv5.9.0/RA/toolchains/gcc_arm/13.2.rel1/bin/../lib/gcc/arm-none-eabi/13.2.1/thumb/v8-m.main+fp/hard\libg_nano.a(libc_a-nano-vfprintf_float.o)
                              (_printf_float)
E:/Renesas/RAv5.9.0/RA/toolchains/gcc_arm/13.2.rel1/bin/../lib/gcc/arm-none-eabi/13.2.1/thumb/v8-m.main+fp/hard\libg_nano.a(libc_a-nano-vfprintf_i.o)
                              E:/Renesas/RAv5.9.0/RA/toolchains/gcc_arm/13.2.rel1/bin/../lib/gcc/arm-none-eabi/13.2.1/thumb/v8-m.main+fp/hard\libg_nano.a(libc_a-nano-vfprintf_float.o) (_printf_common)
E:/Renesas/RAv5.9.0/RA/toolchains/gcc_arm/13.2.rel1/bin/../lib/gcc/arm-none-eabi/13.2.1/thumb/v8-m.main+fp/hard\libg_nano.a(libc_a-findfp.o)
                              E:/Renesas/RAv5.9.0/RA/toolchains/gcc_arm/13.2.rel1/bin/../lib/gcc/arm-none-eabi/13.2.1/thumb/v8-m.main+fp/hard\libg_nano.a(libc_a-exit.o) (__stdio_exit_handler)
E:/Renesas/RAv5.9.0/RA/toolchains/gcc_arm/13.2.rel1/bin/../lib/gcc/arm-none-eabi/13.2.1/thumb/v8-m.main+fp/hard\libg_nano.a(libc_a-fwalk.o)
                              E:/Renesas/RAv5.9.0/RA/toolchains/gcc_arm/13.2.rel1/bin/../lib/gcc/arm-none-eabi/13.2.1/thumb/v8-m.main+fp/hard\libg_nano.a(libc_a-findfp.o) (_fwalk_sglue)
E:/Renesas/RAv5.9.0/RA/toolchains/gcc_arm/13.2.rel1/bin/../lib/gcc/arm-none-eabi/13.2.1/thumb/v8-m.main+fp/hard\libg_nano.a(libc_a-printf.o)
                              ./src/libs/ring_buffer/ring_buffer.o (printf)
E:/Renesas/RAv5.9.0/RA/toolchains/gcc_arm/13.2.rel1/bin/../lib/gcc/arm-none-eabi/13.2.1/thumb/v8-m.main+fp/hard\libg_nano.a(libc_a-stdio.o)
                              E:/Renesas/RAv5.9.0/RA/toolchains/gcc_arm/13.2.rel1/bin/../lib/gcc/arm-none-eabi/13.2.1/thumb/v8-m.main+fp/hard\libg_nano.a(libc_a-findfp.o) (__sread)
E:/Renesas/RAv5.9.0/RA/toolchains/gcc_arm/13.2.rel1/bin/../lib/gcc/arm-none-eabi/13.2.1/thumb/v8-m.main+fp/hard\libg_nano.a(libc_a-vsprintf.o)
                              ./src/debug_uart/debug_uart.o (vsprintf)
E:/Renesas/RAv5.9.0/RA/toolchains/gcc_arm/13.2.rel1/bin/../lib/gcc/arm-none-eabi/13.2.1/thumb/v8-m.main+fp/hard\libg_nano.a(libc_a-memset.o)
[...]
Memory Configuration

Name             Origin             Length             Attributes
ITCM             0x00000000         0x00000000         xr
DTCM             0x00000000         0x00000000         xrw
FLASH            0x00000000         0x00100000         xr
RAM              0x20000000         0x00080000         xrw
DATA_FLASH       0x08000000         0x00002000         xr
QSPI_FLASH       0x60000000         0x04000000         xr
OSPI_DEVICE_0    0x68000000         0x08000000         xr
OSPI_DEVICE_1    0x70000000         0x10000000         xr
OSPI_DEVICE_0_RAM 0x68000000         0x08000000         xrw
OSPI_DEVICE_1_RAM 0x70000000         0x10000000         xrw
SDRAM            0x80010000         0x00000000         xrw
OPTION_SETTING   0x0100a100         0x00000100         r
OPTION_SETTING_OFS 0x0100a100         0x00000018         r
OPTION_SETTING_SAS 0x0100a134         0x000000cc         r
OPTION_SETTING_S 0x0100a200         0x00000100         r
ID_CODE          0x00000000         0x00000000         xr
*default*        0x00000000         0xffffffff

Linker script and memory map

LOAD E:/Renesas/RAv5.9.0/RA/toolchains/gcc_arm/13.2.rel1/bin/../lib/gcc/arm-none-eabi/13.2.1/thumb/v8-m.main+fp/hard/crti.o
LOAD E:/Renesas/RAv5.9.0/RA/toolchains/gcc_arm/13.2.rel1/bin/../lib/gcc/arm-none-eabi/13.2.1/thumb/v8-m.main+fp/hard/crtbegin.o
LOAD E:/Renesas/RAv5.9.0/RA/toolchains/gcc_arm/13.2.rel1/bin/../lib/gcc/arm-none-eabi/13.2.1/thumb/v8-m.main+fp/hard/crt0.o
START GROUP
LOAD ./src/libs/ring_buffer/ring_buffer.o
LOAD ./src/libs/delay/delay.o
LOAD ./src/led/app_led.o
LOAD ./src/key/app_key.o
LOAD ./src/drivers/drv_gpio.o
LOAD ./src/drivers/drv_spi.o
LOAD ./src/drivers/drv_systick.o
LOAD ./src/devices/ADXL345/dev_adxl345.o
LOAD ./src/devices/dev_gpio.o
LOAD ./src/devices/dev_spi.o
LOAD ./src/devices/dev_timer.o
LOAD ./src/debug_uart/debug_uart.o
LOAD ./src/applications/app_adxl345.o
LOAD ./src/hal_entry.o
LOAD ./ra_gen/common_data.o
LOAD ./ra_gen/hal_data.o
LOAD ./ra_gen/main.o
LOAD ./ra_gen/pin_data.o
LOAD ./ra_gen/vector_data.o
LOAD ./ra/fsp/src/r_spi/r_spi.o
LOAD ./ra/fsp/src/r_sci_uart/r_sci_uart.o
LOAD ./ra/fsp/src/r_ioport/r_ioport.o
LOAD ./ra/fsp/src/bsp/mcu/all/bsp_clocks.o
LOAD ./ra/fsp/src/bsp/mcu/all/bsp_common.o
LOAD ./ra/fsp/src/bsp/mcu/all/bsp_delay.o
LOAD ./ra/fsp/src/bsp/mcu/all/bsp_group_irq.o
LOAD ./ra/fsp/src/bsp/mcu/all/bsp_guard.o
LOAD ./ra/fsp/src/bsp/mcu/all/bsp_io.o
LOAD ./ra/fsp/src/bsp/mcu/all/bsp_irq.o
LOAD ./ra/fsp/src/bsp/mcu/all/bsp_macl.o
LOAD ./ra/fsp/src/bsp/mcu/all/bsp_register_protection.o
LOAD ./ra/fsp/src/bsp/mcu/all/bsp_rom_registers.o
LOAD ./ra/fsp/src/bsp/mcu/all/bsp_sbrk.o
LOAD ./ra/fsp/src/bsp/mcu/all/bsp_sdram.o
LOAD ./ra/fsp/src/bsp/mcu/all/bsp_security.o
LOAD ./ra/fsp/src/bsp/cmsis/Device/RENESAS/Source/startup.o
LOAD ./ra/fsp/src/bsp/cmsis/Device/RENESAS/Source/system.o
END GROUP
START GROUP
LOAD E:/Renesas/RAv5.9.0/RA/toolchains/gcc_arm/13.2.rel1/bin/../lib/gcc/arm-none-eabi/13.2.1/thumb/v8-m.main+fp/hard\libgcc.a
LOAD E:/Renesas/RAv5.9.0/RA/toolchains/gcc_arm/13.2.rel1/bin/../lib/gcc/arm-none-eabi/13.2.1/thumb/v8-m.main+fp/hard\libg_nano.a
LOAD E:/Renesas/RAv5.9.0/RA/toolchains/gcc_arm/13.2.rel1/bin/../lib/gcc/arm-none-eabi/13.2.1/thumb/v8-m.main+fp/hard\libc_nano.a
END GROUP
START GROUP
LOAD E:/Renesas/RAv5.9.0/RA/toolchains/gcc_arm/13.2.rel1/bin/../lib/gcc/arm-none-eabi/13.2.1/thumb/v8-m.main+fp/hard\libgcc.a
LOAD E:/Renesas/RAv5.9.0/RA/toolchains/gcc_arm/13.2.rel1/bin/../lib/gcc/arm-none-eabi/13.2.1/thumb/v8-m.main+fp/hard\libc_nano.a
END GROUP
LOAD E:/Renesas/RAv5.9.0/RA/toolchains/gcc_arm/13.2.rel1/bin/../lib/gcc/arm-none-eabi/13.2.1/thumb/v8-m.main+fp/hard/crtend.o
LOAD E:/Renesas/RAv5.9.0/RA/toolchains/gcc_arm/13.2.rel1/bin/../lib/gcc/arm-none-eabi/13.2.1/thumb/v8-m.main+fp/hard/crtn.o
                0x20000000                        RAM_START = 0x20000000
                0x00080000                        RAM_LENGTH = 0x80000
                0x00000000                        FLASH_START = 0x0
                0x00100000                        FLASH_LENGTH = 0x100000
                0x08000000                        DATA_FLASH_START = 0x8000000
                0x00002000                        DATA_FLASH_LENGTH = 0x2000
                0x0100a100                        OPTION_SETTING_START = 0x100a100
                0x00000100                        OPTION_SETTING_LENGTH = 0x100
                0x0100a200                        OPTION_SETTING_S_START = 0x100a200
                0x00000100                        OPTION_SETTING_S_LENGTH = 0x100
                0x00000000                        ID_CODE_START = 0x0
                0x00000000                        ID_CODE_LENGTH = 0x0
                0x80010000                        SDRAM_START = 0x80010000
                0x00000000                        SDRAM_LENGTH = 0x0
                0x60000000                        QSPI_FLASH_START = 0x60000000
                0x04000000                        QSPI_FLASH_LENGTH = 0x4000000
                0x68000000                        OSPI_DEVICE_0_START = 0x68000000
                0x08000000                        OSPI_DEVICE_0_LENGTH = 0x8000000
                0x70000000                        OSPI_DEVICE_1_START = 0x70000000
                0x10000000                        OSPI_DEVICE_1_LENGTH = 0x10000000
                0x04000000                        QSPI_FLASH_PRV_LENGTH = DEFINED (QSPI_FLASH_SIZE)?ABSOLUTE (QSPI_FLASH_SIZE):ABSOLUTE (QSPI_FLASH_LENGTH)
                0x08000000                        OSPI_DEVICE_0_PRV_LENGTH = DEFINED (OSPI_DEVICE_0_SIZE)?ABSOLUTE (OSPI_DEVICE_0_SIZE):ABSOLUTE (OSPI_DEVICE_0_LENGTH)
                0x10000000                        OSPI_DEVICE_1_PRV_LENGTH = DEFINED (OSPI_DEVICE_1_SIZE)?ABSOLUTE (OSPI_DEVICE_1_SIZE):ABSOLUTE (OSPI_DEVICE_1_LENGTH)
                0x00000000                        __RESERVE_NS_RAM = ((! (DEFINED (PROJECT_NONSECURE)) && DEFINED (RAM_NS_BUFFER_LENGTH)) && (OPTION_SETTING_S_LENGTH != 0x0))
                0x00000000                        ITCM_START = DEFINED (ITCM_START)?ITCM_START:0x0
                0x00000000                        ITCM_LENGTH = DEFINED (ITCM_LENGTH)?ITCM_LENGTH:0x0
                0x00000000                        DTCM_START = DEFINED (DTCM_START)?DTCM_START:0x0
                0x00000000                        DTCM_LENGTH = DEFINED (DTCM_LENGTH)?DTCM_LENGTH:0x0
                0x00000000                        RAM_NS_BUFFER_BLOCK_LENGTH = DEFINED (RAM_NS_BUFFER_LENGTH)?ALIGN (RAM_NS_BUFFER_LENGTH, 0x2000):0x0
                0x00000000                        RAM_NS_BUFFER_LENGTH = DEFINED (RAM_NS_BUFFER_LENGTH)?RAM_NS_BUFFER_LENGTH:0x0
                0x20080000                        RAM_NS_BUFFER_START = ((RAM_START + RAM_LENGTH) - RAM_NS_BUFFER_LENGTH)
                0x20080000                        RAM_NS_BUFFER_BLOCK_START = ((RAM_START + RAM_LENGTH) - RAM_NS_BUFFER_BLOCK_LENGTH)
                0x0100a180                        OPTION_SETTING_START_NS = DEFINED (PROJECT_NONSECURE)?OPTION_SETTING_START:(OPTION_SETTING_START + 0x80)
                0x00000001                        __bl_FSP_BOOTABLE_IMAGE = 0x1
                0x00000001                        __bln_FSP_BOOTABLE_IMAGE = 0x1
                0x00000001                        PROJECT_SECURE_OR_FLAT = (((! (DEFINED (PROJECT_NONSECURE)) || DEFINED (PROJECT_SECURE)) && OPTION_SETTING_LENGTH) && ! (DEFINED (FSP_BOOTABLE_IMAGE)))
                0x00000000                        USE_OPTION_SETTING_NS = (DEFINED (PROJECT_NONSECURE) && ! (DEFINED (FSP_BOOTABLE_IMAGE)))
                0x00000000                        __bl_FLASH_IMAGE_START = ! (DEFINED (FLASH_BOOTLOADER_LENGTH))?0x0:(FLASH_APPLICATION_IMAGE_NUMBER == 0x1)?((FLASH_START + FLASH_BOOTLOADER_LENGTH) + FLASH_BOOTLOADER_HEADER_LENGTH):(DEFINED (BOOTLOADER_SECONDARY_USE_QSPI) || DEFINED (BOOTLOADER_SECONDARY_USE_OSPI_B))?(((FLASH_START + FLASH_BOOTLOADER_LENGTH) + FLASH_BOOTLOADER_SCRATCH_LENGTH) + FLASH_BOOTLOADER_HEADER_LENGTH):((((FLASH_START + FLASH_BOOTLOADER_LENGTH) + FLASH_BOOTLOADER_SCRATCH_LENGTH) + FLASH_APPLICATION_S_LENGTH) + FLASH_BOOTLOADER_HEADER_LENGTH)
                0x00000000                        __bl_FLASH_IMAGE_LENGTH = ! (DEFINED (FLASH_BOOTLOADER_LENGTH))?0x0:(FLASH_APPLICATION_S_LENGTH - FLASH_BOOTLOADER_HEADER_LENGTH)
                0x00000000                        __bl_FLASH_IMAGE_END = (__bl_FLASH_IMAGE_START + __bl_FLASH_IMAGE_LENGTH)
                0x00000000                        __bl_XIP_SECONDARY_FLASH_IMAGE_START = ! (DEFINED (FLASH_BOOTLOADER_LENGTH))?0x0:(((FLASH_START + FLASH_BOOTLOADER_LENGTH) + FLASH_APPLICATION_S_LENGTH) + FLASH_BOOTLOADER_HEADER_LENGTH)
                0x00000000                        __bl_XIP_SECONDARY_FLASH_IMAGE_END = (__bl_XIP_SECONDARY_FLASH_IMAGE_START + __bl_FLASH_IMAGE_LENGTH)
                0x00000000                        __bl_FLASH_IMAGE_START_FROM_MMF_REGION = DEFINED (BOOT_IMAGE_FROM_MMF_REGION)?BOOT_IMAGE_FROM_MMF_REGION:0x0
                0x00000000                        __bl_MEMORY_MIRROR_REGION_START = DEFINED (MMF_REGION_START_ADDR)?MMF_REGION_START_ADDR:0x0
                0x00000000                        __bl_FLASH_NS_START = ! (DEFINED (FLASH_BOOTLOADER_LENGTH))?0x0:(FLASH_APPLICATION_NS_LENGTH == 0x0)?__bl_FLASH_IMAGE_END:((__bl_FLASH_IMAGE_START - FLASH_BOOTLOADER_HEADER_LENGTH) + FLASH_APPLICATION_S_LENGTH)
                0x00000000                        __bl_FLASH_NSC_START = ! (DEFINED (FLASH_BOOTLOADER_LENGTH))?0x0:(FLASH_APPLICATION_NS_LENGTH == 0x0)?__bl_FLASH_IMAGE_END:(__bl_FLASH_IMAGE_END - FLASH_APPLICATION_NSC_LENGTH)
                0x00000000                        __bl_RAM_NS_START = ! (DEFINED (FLASH_BOOTLOADER_LENGTH))?0x0:(FLASH_APPLICATION_NS_LENGTH == 0x0)?(RAM_START + RAM_LENGTH):((RAM_START + RAM_LENGTH) - RAM_APPLICATION_NS_LENGTH)
                0x00000000                        __bl_RAM_NSC_START = ! (DEFINED (FLASH_BOOTLOADER_LENGTH))?0x0:(FLASH_APPLICATION_NS_LENGTH == 0x0)?(RAM_START + RAM_LENGTH):(__bl_RAM_NS_START - RAM_APPLICATION_NSC_LENGTH)
                0x00000000                        __bl_FLASH_NS_IMAGE_START = ! (DEFINED (FLASH_BOOTLOADER_LENGTH))?0x0:(FLASH_APPLICATION_NS_LENGTH == 0x0)?__bl_FLASH_IMAGE_END:(__bl_FLASH_NS_START + FLASH_BOOTLOADER_HEADER_LENGTH_2)
                0x00000000                        __bln_FLASH_IMAGE_START = (__bl_FLASH_NS_IMAGE_START | ! (DEFINED (NS_OFFSET_START))?0x0:NS_OFFSET_START)
                0x00000000                        __bln_FLASH_IMAGE_LENGTH = ! (DEFINED (FLASH_BOOTLOADER_LENGTH))?0x0:(FLASH_APPLICATION_NS_LENGTH == 0x0)?__bl_FLASH_IMAGE_END:(FLASH_APPLICATION_NS_LENGTH - FLASH_BOOTLOADER_HEADER_LENGTH_2)
                0x00000000                        XIP_SECONDARY_SLOT_IMAGE = DEFINED (XIP_SECONDARY_SLOT_IMAGE)?XIP_SECONDARY_SLOT_IMAGE:0x0
                0x00000000                        FLASH_IMAGE_START_FROM_MMF_REGION = ! (DEFINED (FLASH_IMAGE_START_FROM_MMF_REGION))?0x0:FLASH_IMAGE_START_FROM_MMF_REGION
                0x00000000                        MEMORY_MIRROR_REGION_START = ! (DEFINED (MEMORY_MIRROR_REGION_START))?0x0:MEMORY_MIRROR_REGION_START
                0x00000000                        FLASH_ORIGIN = ! (DEFINED (FLASH_IMAGE_START))?FLASH_START:(XIP_SECONDARY_SLOT_IMAGE == 0x1)?XIP_SECONDARY_FLASH_IMAGE_START:(FLASH_IMAGE_START_FROM_MMF_REGION == 0x1)?MEMORY_MIRROR_REGION_START:FLASH_IMAGE_START
                0x00100000                        LIMITED_FLASH_LENGTH = DEFINED (FLASH_IMAGE_LENGTH)?FLASH_IMAGE_LENGTH:DEFINED (FLASH_BOOTLOADER_LENGTH)?FLASH_BOOTLOADER_LENGTH:FLASH_LENGTH
                0x00000034                        OPTION_SETTING_SAS_SIZE = 0x34
                0x000000cc                        OPTION_SETTING_SAS_LENGTH = ! (DEFINED (OPTION_SETTING_LENGTH))?0x0:(OPTION_SETTING_LENGTH == 0x0)?0x0:(OPTION_SETTING_LENGTH - OPTION_SETTING_SAS_SIZE)
START GROUP
LOAD E:/Renesas/RAv5.9.0/RA/toolchains/gcc_arm/13.2.rel1/bin/../lib/gcc/arm-none-eabi/13.2.1/thumb/v8-m.main+fp/hard\libgcc.a
LOAD E:/Renesas/RAv5.9.0/RA/toolchains/gcc_arm/13.2.rel1/bin/../lib/gcc/arm-none-eabi/13.2.1/thumb/v8-m.main+fp/hard\libc.a
LOAD E:/Renesas/RAv5.9.0/RA/toolchains/gcc_arm/13.2.rel1/bin/../lib/gcc/arm-none-eabi/13.2.1/thumb/v8-m.main+fp/hard\libm.a
END GROUP

.text           0x00000000     0x5b58
                0x00000000                        __tz_FLASH_S = ABSOLUTE (FLASH_START)
                0x00000000                        __ROM_Start = .
 *(.fixed_vectors*)
 .fixed_vectors
                0x00000000       0x40 ./ra/fsp/src/bsp/cmsis/Device/RENESAS/Source/startup.o
                0x00000000                __Vectors
 *(.application_vectors*)
 .application_vectors
                0x00000040       0x20 ./ra_gen/vector_data.o
                0x00000040                g_vector_table
                0x00000060                        __Vectors_End = .
 *(.flash_gap*)
                0x00000060                        . = (OPTION_SETTING_LENGTH > 0x0)?.:(__ROM_Start + 0x400)
 *(.rom_registers*)
 *(.mcuboot_sce9_key*)
 *(.text*)
 .text.deregister_tm_clones
                0x00000060       0x1c E:/Renesas/RAv5.9.0/RA/toolchains/gcc_arm/13.2.rel1/bin/../lib/gcc/arm-none-eabi/13.2.1/thumb/v8-m.main+fp/hard/crtbegin.o
 .text.register_tm_clones
                0x0000007c       0x28 E:/Renesas/RAv5.9.0/RA/toolchains/gcc_arm/13.2.rel1/bin/../lib/gcc/arm-none-eabi/13.2.1/thumb/v8-m.main+fp/hard/crtbegin.o
 .text.__do_global_dtors_aux
                0x000000a4       0x28 E:/Renesas/RAv5.9.0/RA/toolchains/gcc_arm/13.2.rel1/bin/../lib/gcc/arm-none-eabi/13.2.1/thumb/v8-m.main+fp/hard/crtbegin.o
 .text.frame_dummy
                0x000000cc       0x24 E:/Renesas/RAv5.9.0/RA/toolchains/gcc_arm/13.2.rel1/bin/../lib/gcc/arm-none-eabi/13.2.1/thumb/v8-m.main+fp/hard/crtbegin.o
 .text.mdelay   0x000000f0       0x18 ./src/libs/delay/delay.o
                0x000000f0                mdelay
 .text.IODrvRead
                0x00000108       0x60 ./src/drivers/drv_gpio.o
 .text.IODrvWrite
                0x00000168       0x60 ./src/drivers/drv_gpio.o
 .text.IODrvInit
                0x000001c8       0x40 ./src/drivers/drv_gpio.o
 .text.IODevicesCreate
                0x00000208       0x1c ./src/drivers/drv_gpio.o
                0x00000208                IODevicesCreate
 .text.SPIDrvWriteRead
                0x00000224       0x80 ./src/drivers/drv_spi.o
 .text.SPIDrvRead
                0x000002a4       0xa8 ./src/drivers/drv_spi.o
 .text.SPIDrvWrite
                0x0000034c       0xa8 ./src/drivers/drv_spi.o
 .text.SPIDrvInit
                0x000003f4       0x58 ./src/drivers/drv_spi.o
 .text.SPIDevicesCreate
                0x0000044c        0xc ./src/drivers/drv_spi.o
                0x0000044c                SPIDevicesCreate
 .text.spi0_callback
                0x00000458       0x10 ./src/drivers/drv_spi.o
                0x00000458                spi0_callback
 .text.HAL_Delay
                0x00000468       0x30 ./src/drivers/drv_systick.o
 .text.SystickInit
                0x00000498       0x50 ./src/drivers/drv_systick.o
 .text.SystickTimerDevicesCreate
                0x000004e8       0x18 ./src/drivers/drv_systick.o
                0x000004e8                SystickTimerDevicesCreate
 .text.SysTick_Handler
                0x00000500       0x10 ./src/drivers/drv_systick.o
                0x00000500                SysTick_Handler
 .text.adxl345_get_register_value
                0x00000510       0x44 ./src/devices/ADXL345/dev_adxl345.o
 *fill*         0x00000554        0x4 ff
 .text.ADXLDevRead
                0x00000558      0x110 ./src/devices/ADXL345/dev_adxl345.o
 .text.adxl345_get_burst_register_value.isra.0
                0x00000668       0x3c ./src/devices/ADXL345/dev_adxl345.o
 .text.ADXLDevStop
                0x000006a4       0x3c ./src/devices/ADXL345/dev_adxl345.o
 .text.ADXLDevStart
                0x000006e0       0x3c ./src/devices/ADXL345/dev_adxl345.o
 .text.ADXLDevInit
                0x0000071c      0x314 ./src/devices/ADXL345/dev_adxl345.o
 .text.ADXL345GetDevice
                0x00000a30        0x8 ./src/devices/ADXL345/dev_adxl345.o
                0x00000a30                ADXL345GetDevice
 .text.IODeviceInsert
                0x00000a38       0x10 ./src/devices/dev_gpio.o
                0x00000a38                IODeviceInsert
 .text.IODeviceFind
                0x00000a48       0x24 ./src/devices/dev_gpio.o
                0x00000a48                IODeviceFind
 .text.IODeviceList
                0x00000a6c       0x48 ./src/devices/dev_gpio.o
                0x00000a6c                IODeviceList
 .text.IODevicesRegister
                0x00000ab4       0x10 ./src/devices/dev_gpio.o
                0x00000ab4                IODevicesRegister
 .text.SPIDeviceInsert
                0x00000ac4       0x10 ./src/devices/dev_spi.o
                0x00000ac4                SPIDeviceInsert
 .text.SPIDeviceFind
                0x00000ad4       0x24 ./src/devices/dev_spi.o
                0x00000ad4                SPIDeviceFind
 .text.SPIDeviceList
                0x00000af8       0x48 ./src/devices/dev_spi.o
                0x00000af8                SPIDeviceList
 .text.SPIDevicesRegister
                0x00000b40       0x10 ./src/devices/dev_spi.o
                0x00000b40                SPIDevicesRegister
 .text.TimerDeviceInsert
                0x00000b50       0x10 ./src/devices/dev_timer.o
                0x00000b50                TimerDeviceInsert
 .text.TimerDeviceFind
                0x00000b60       0x24 ./src/devices/dev_timer.o
                0x00000b60                TimerDeviceFind
 .text.TimerDeviceList
                0x00000b84       0x48 ./src/devices/dev_timer.o
                0x00000b84                TimerDeviceList
 .text.TimerDevicesRegister
                0x00000bcc       0x10 ./src/devices/dev_timer.o
                0x00000bcc                TimerDevicesRegister
 .text.debug_uart7_init
                0x00000bdc       0x10 ./src/debug_uart/debug_uart.o
                0x00000bdc                debug_uart7_init
 .text.debug_uart7_callback
                0x00000bec       0x14 ./src/debug_uart/debug_uart.o
                0x00000bec                debug_uart7_callback
 .text.Serial_Printf
                0x00000c00       0x68 ./src/debug_uart/debug_uart.o
                0x00000c00                Serial_Printf
 .text.DeviceTest
                0x00000c68       0xd0 ./src/applications/app_adxl345.o
                0x00000c68                DeviceTest
 .text.hal_entry
                0x00000d38       0x20 ./src/hal_entry.o
                0x00000d38                hal_entry
 .text.R_BSP_WarmStart
                0x00000d58       0x18 ./src/hal_entry.o
                0x00000d58                R_BSP_WarmStart
 .text.startup.main
                0x00000d70        0xc ./ra_gen/main.o
                0x00000d70                main
 .text.R_SPI_CallbackSet
                0x00000d7c       0x10 ./ra/fsp/src/r_spi/r_spi.o
                0x00000d7c                R_SPI_CallbackSet
 .text.R_SPI_Close
                0x00000d8c       0xc8 ./ra/fsp/src/r_spi/r_spi.o
                0x00000d8c                R_SPI_Close
 .text.r_spi_write_read_common
                0x00000e54      0x1cc ./ra/fsp/src/r_spi/r_spi.o
 .text.R_SPI_Read
                0x00001020       0x1c ./ra/fsp/src/r_spi/r_spi.o
                0x00001020                R_SPI_Read
 .text.R_SPI_Write
                0x0000103c       0x18 ./ra/fsp/src/r_spi/r_spi.o
                0x0000103c                R_SPI_Write
 .text.R_SPI_WriteRead
                0x00001054       0x10 ./ra/fsp/src/r_spi/r_spi.o
                0x00001054                R_SPI_WriteRead
 .text.r_spi_call_callback
                0x00001064       0x40 ./ra/fsp/src/r_spi/r_spi.o
 .text.R_SPI_Open
                0x000010a4      0x308 ./ra/fsp/src/r_spi/r_spi.o
                0x000010a4                R_SPI_Open
 .text.spi_rxi_isr
                0x000013ac       0x98 ./ra/fsp/src/r_spi/r_spi.o
                0x000013ac                spi_rxi_isr
 .text.spi_txi_isr
                0x00001444       0xd8 ./ra/fsp/src/r_spi/r_spi.o
                0x00001444                spi_txi_isr
 .text.spi_tei_isr
                0x0000151c       0xe8 ./ra/fsp/src/r_spi/r_spi.o
                0x0000151c                spi_tei_isr
 .text.spi_eri_isr
                0x00001604       0xe4 ./ra/fsp/src/r_spi/r_spi.o
                0x00001604                spi_eri_isr
 .text.R_SCI_UART_Close
                0x000016e8       0xcc ./ra/fsp/src/r_sci_uart/r_sci_uart.o
                0x000016e8                R_SCI_UART_Close
 .text.R_SCI_UART_Read
                0x000017b4        0xc ./ra/fsp/src/r_sci_uart/r_sci_uart.o
                0x000017b4                R_SCI_UART_Read
 .text.R_SCI_UART_Write
                0x000017c0       0x50 ./ra/fsp/src/r_sci_uart/r_sci_uart.o
                0x000017c0                R_SCI_UART_Write
 .text.R_SCI_UART_CallbackSet
                0x00001810       0x10 ./ra/fsp/src/r_sci_uart/r_sci_uart.o
                0x00001810                R_SCI_UART_CallbackSet
 .text.R_SCI_UART_BaudSet
                0x00001820       0x68 ./ra/fsp/src/r_sci_uart/r_sci_uart.o
                0x00001820                R_SCI_UART_BaudSet
 .text.R_SCI_UART_InfoGet
                0x00001888        0xc ./ra/fsp/src/r_sci_uart/r_sci_uart.o
                0x00001888                R_SCI_UART_InfoGet
 .text.R_SCI_UART_Abort
                0x00001894       0x3c ./ra/fsp/src/r_sci_uart/r_sci_uart.o
                0x00001894                R_SCI_UART_Abort
 .text.R_SCI_UART_ReadStop
                0x000018d0       0x14 ./ra/fsp/src/r_sci_uart/r_sci_uart.o
                0x000018d0                R_SCI_UART_ReadStop
 .text.r_sci_uart_call_callback
                0x000018e4       0x44 ./ra/fsp/src/r_sci_uart/r_sci_uart.o
 .text.R_SCI_UART_Open
                0x00001928      0x3b4 ./ra/fsp/src/r_sci_uart/r_sci_uart.o
                0x00001928                R_SCI_UART_Open
 .text.sci_uart_txi_isr
                0x00001cdc       0x8c ./ra/fsp/src/r_sci_uart/r_sci_uart.o
                0x00001cdc                sci_uart_txi_isr
 .text.sci_uart_rxi_isr
                0x00001d68       0x90 ./ra/fsp/src/r_sci_uart/r_sci_uart.o
                0x00001d68                sci_uart_rxi_isr
 .text.sci_uart_tei_isr
                0x00001df8       0x48 ./ra/fsp/src/r_sci_uart/r_sci_uart.o
                0x00001df8                sci_uart_tei_isr
 .text.sci_uart_eri_isr
                0x00001e40       0x78 ./ra/fsp/src/r_sci_uart/r_sci_uart.o
                0x00001e40                sci_uart_eri_isr
 .text.R_IOPORT_Close
                0x00001eb8        0xc ./ra/fsp/src/r_ioport/r_ioport.o
                0x00001eb8                R_IOPORT_Close
 .text.R_IOPORT_PinRead
                0x00001ec4       0x24 ./ra/fsp/src/r_ioport/r_ioport.o
                0x00001ec4                R_IOPORT_PinRead
 .text.R_IOPORT_PortRead
                0x00001ee8       0x14 ./ra/fsp/src/r_ioport/r_ioport.o
                0x00001ee8                R_IOPORT_PortRead
 .text.R_IOPORT_PortWrite
                0x00001efc       0x1c ./ra/fsp/src/r_ioport/r_ioport.o
                0x00001efc                R_IOPORT_PortWrite
 .text.R_IOPORT_PinWrite
                0x00001f18       0x20 ./ra/fsp/src/r_ioport/r_ioport.o
                0x00001f18                R_IOPORT_PinWrite
 .text.R_IOPORT_PortDirectionSet
                0x00001f38       0x2c ./ra/fsp/src/r_ioport/r_ioport.o
                0x00001f38                R_IOPORT_PortDirectionSet
 .text.R_IOPORT_PortEventInputRead
                0x00001f64       0x18 ./ra/fsp/src/r_ioport/r_ioport.o
                0x00001f64                R_IOPORT_PortEventInputRead
 .text.R_IOPORT_PinEventInputRead
                0x00001f7c       0x34 ./ra/fsp/src/r_ioport/r_ioport.o
                0x00001f7c                R_IOPORT_PinEventInputRead
 .text.R_IOPORT_PortEventOutputWrite
                0x00001fb0       0x1c ./ra/fsp/src/r_ioport/r_ioport.o
                0x00001fb0                R_IOPORT_PortEventOutputWrite
 .text.R_IOPORT_PinEventOutputWrite
                0x00001fcc       0x34 ./ra/fsp/src/r_ioport/r_ioport.o
                0x00001fcc                R_IOPORT_PinEventOutputWrite
 .text.bsp_vbatt_init
                0x00002000       0xe8 ./ra/fsp/src/r_ioport/r_ioport.o
 .text.r_ioport_pins_config
                0x000020e8       0xac ./ra/fsp/src/r_ioport/r_ioport.o
 .text.R_IOPORT_Open
                0x00002194       0x14 ./ra/fsp/src/r_ioport/r_ioport.o
                0x00002194                R_IOPORT_Open
 .text.R_IOPORT_PinsCfg
                0x000021a8        0xc ./ra/fsp/src/r_ioport/r_ioport.o
                0x000021a8                R_IOPORT_PinsCfg
 .text.R_IOPORT_PinCfg
                0x000021b4       0xa8 ./ra/fsp/src/r_ioport/r_ioport.o
                0x000021b4                R_IOPORT_PinCfg
 .text.SystemCoreClockUpdate
                0x0000225c       0x28 ./ra/fsp/src/bsp/mcu/all/bsp_clocks.o
                0x0000225c                SystemCoreClockUpdate
 .text.R_BSP_SubClockStabilizeWaitAfterReset
                0x00002284        0x4 ./ra/fsp/src/bsp/mcu/all/bsp_clocks.o
                0x00002284                R_BSP_SubClockStabilizeWaitAfterReset
 .text.bsp_clock_init
                0x00002288      0x14c ./ra/fsp/src/bsp/mcu/all/bsp_clocks.o
                0x00002288                bsp_clock_init
 .text.R_BSP_SourceClockHzGet
                0x000023d4        0xc ./ra/fsp/src/bsp/mcu/all/bsp_clocks.o
                0x000023d4                R_BSP_SourceClockHzGet
 .text.R_BSP_Init_RTC
                0x000023e0       0xb0 ./ra/fsp/src/bsp/mcu/all/bsp_clocks.o
                0x000023e0                R_BSP_Init_RTC
 .text.bsp_init_internal
                0x00002490        0x4 ./ra/fsp/src/bsp/mcu/all/bsp_common.o
                0x00002490                bsp_init_internal
                0x00002490                bsp_init
 .text.__assert_func
                0x00002494        0x4 ./ra/fsp/src/bsp/mcu/all/bsp_common.o
                0x00002494                __assert_func
 .text.bsp_prv_software_delay_loop
                0x00002498        0xc ./ra/fsp/src/bsp/mcu/all/bsp_delay.o
                0x00002498                bsp_prv_software_delay_loop
 .text.R_BSP_SoftwareDelay
                0x000024a4       0x58 ./ra/fsp/src/bsp/mcu/all/bsp_delay.o
                0x000024a4                R_BSP_SoftwareDelay
 .text.NMI_Handler
                0x000024fc       0x3c ./ra/fsp/src/bsp/mcu/all/bsp_group_irq.o
                0x000024fc                NMI_Handler
 .text.bsp_irq_cfg
                0x00002538       0x94 ./ra/fsp/src/bsp/mcu/all/bsp_irq.o
                0x00002538                bsp_irq_cfg
 .text.R_BSP_RegisterProtectEnable
                0x000025cc       0x60 ./ra/fsp/src/bsp/mcu/all/bsp_register_protection.o
                0x000025cc                R_BSP_RegisterProtectEnable
 .text.R_BSP_RegisterProtectDisable
                0x0000262c       0x54 ./ra/fsp/src/bsp/mcu/all/bsp_register_protection.o
                0x0000262c                R_BSP_RegisterProtectDisable
 .text._sbrk    0x00002680       0x34 ./ra/fsp/src/bsp/mcu/all/bsp_sbrk.o
                0x00002680                _sbrk
 .text.Default_Handler
                0x000026b4        0x4 ./ra/fsp/src/bsp/cmsis/Device/RENESAS/Source/startup.o
                0x000026b4                DebugMon_Handler
                0x000026b4                HardFault_Handler
                0x000026b4                PendSV_Handler
                0x000026b4                UsageFault_Handler
                0x000026b4                SecureFault_Handler
                0x000026b4                Default_Handler
                0x000026b4                MemManage_Handler
                0x000026b4                SVC_Handler
                0x000026b4                BusFault_Handler
 .text.Reset_Handler
                0x000026b8        0xc ./ra/fsp/src/bsp/cmsis/Device/RENESAS/Source/startup.o
                0x000026b8                Reset_Handler
 .text.SystemInit
                0x000026c4       0xe0 ./ra/fsp/src/bsp/cmsis/Device/RENESAS/Source/system.o
                0x000026c4                SystemInit
 .text          0x000027a4      0x378 E:/Renesas/RAv5.9.0/RA/toolchains/gcc_arm/13.2.rel1/bin/../lib/gcc/arm-none-eabi/13.2.1/thumb/v8-m.main+fp/hard\libgcc.a(_arm_addsubdf3.o)
                0x000027a4                __aeabi_drsub
                0x000027ac                __aeabi_dsub
                0x000027ac                __subdf3
                0x000027b0                __aeabi_dadd
                0x000027b0                __adddf3
                0x00002a28                __floatunsidf
                0x00002a28                __aeabi_ui2d
                0x00002a48                __floatsidf
                0x00002a48                __aeabi_i2d
                0x00002a6c                __aeabi_f2d
                0x00002a6c                __extendsfdf2
                0x00002ab0                __floatundidf
                0x00002ab0                __aeabi_ul2d
                0x00002ac0                __floatdidf
                0x00002ac0                __aeabi_l2d
 .text          0x00002b1c       0xa0 E:/Renesas/RAv5.9.0/RA/toolchains/gcc_arm/13.2.rel1/bin/../lib/gcc/arm-none-eabi/13.2.1/thumb/v8-m.main+fp/hard\libgcc.a(_arm_truncdfsf2.o)
                0x00002b1c                __truncdfsf2
                0x00002b1c                __aeabi_d2f
 .text.malloc   0x00002bbc       0x10 E:/Renesas/RAv5.9.0/RA/toolchains/gcc_arm/13.2.rel1/bin/../lib/gcc/arm-none-eabi/13.2.1/thumb/v8-m.main+fp/hard\libg_nano.a(libc_a-malloc.o)
                0x00002bbc                malloc
 .text.sbrk_aligned
                0x00002bcc       0x44 E:/Renesas/RAv5.9.0/RA/toolchains/gcc_arm/13.2.rel1/bin/../lib/gcc/arm-none-eabi/13.2.1/thumb/v8-m.main+fp/hard\libg_nano.a(libc_a-mallocr.o)
 .text._malloc_r
                0x00002c10      0x100 E:/Renesas/RAv5.9.0/RA/toolchains/gcc_arm/13.2.rel1/bin/../lib/gcc/arm-none-eabi/13.2.1/thumb/v8-m.main+fp/hard\libg_nano.a(libc_a-mallocr.o)
                0x00002c10                _malloc_r
 .text.__malloc_lock
                0x00002d10        0xc E:/Renesas/RAv5.9.0/RA/toolchains/gcc_arm/13.2.rel1/bin/../lib/gcc/arm-none-eabi/13.2.1/thumb/v8-m.main+fp/hard\libg_nano.a(libc_a-mlock.o)
                0x00002d10                __malloc_lock
 .text.__malloc_unlock
                0x00002d1c        0xc E:/Renesas/RAv5.9.0/RA/toolchains/gcc_arm/13.2.rel1/bin/../lib/gcc/arm-none-eabi/13.2.1/thumb/v8-m.main+fp/hard\libg_nano.a(libc_a-mlock.o)
                0x00002d1c                __malloc_unlock
 .text.__cvt    0x00002d28       0xca E:/Renesas/RAv5.9.0/RA/toolchains/gcc_arm/13.2.rel1/bin/../lib/gcc/arm-none-eabi/13.2.1/thumb/v8-m.main+fp/hard\libg_nano.a(libc_a-nano-vfprintf_float.o)
                0x00002d28                __cvt
 .text.__exponent
                0x00002df2       0x72 E:/Renesas/RAv5.9.0/RA/toolchains/gcc_arm/13.2.rel1/bin/../lib/gcc/arm-none-eabi/13.2.1/thumb/v8-m.main+fp/hard\libg_nano.a(libc_a-nano-vfprintf_float.o)
                0x00002df2                __exponent
 .text._printf_float
                0x00002e64      0x454 E:/Renesas/RAv5.9.0/RA/toolchains/gcc_arm/13.2.rel1/bin/../lib/gcc/arm-none-eabi/13.2.1/thumb/v8-m.main+fp/hard\libg_nano.a(libc_a-nano-vfprintf_float.o)
                0x00002e64                _printf_float
 .text._printf_common
                0x000032b8       0xe4 E:/Renesas/RAv5.9.0/RA/toolchains/gcc_arm/13.2.rel1/bin/../lib/gcc/arm-none-eabi/13.2.1/thumb/v8-m.main+fp/hard\libg_nano.a(libc_a-nano-vfprintf_i.o)
                0x000032b8                _printf_common
 .text._printf_i
                0x0000339c      0x23c E:/Renesas/RAv5.9.0/RA/toolchains/gcc_arm/13.2.rel1/bin/../lib/gcc/arm-none-eabi/13.2.1/thumb/v8-m.main+fp/hard\libg_nano.a(libc_a-nano-vfprintf_i.o)
                0x0000339c                _printf_i
 .text._vsprintf_r
                0x000035d8       0x2c E:/Renesas/RAv5.9.0/RA/toolchains/gcc_arm/13.2.rel1/bin/../lib/gcc/arm-none-eabi/13.2.1/thumb/v8-m.main+fp/hard\libg_nano.a(libc_a-vsprintf.o)
                0x000035d8                _vsprintf_r
                0x000035d8                _vsiprintf_r
 .text.vsprintf
                0x00003604       0x14 E:/Renesas/RAv5.9.0/RA/toolchains/gcc_arm/13.2.rel1/bin/../lib/gcc/arm-none-eabi/13.2.1/thumb/v8-m.main+fp/hard\libg_nano.a(libc_a-vsprintf.o)
                0x00003604                vsiprintf
                0x00003604                vsprintf
 .text.memset   0x00003618       0x10 E:/Renesas/RAv5.9.0/RA/toolchains/gcc_arm/13.2.rel1/bin/../lib/gcc/arm-none-eabi/13.2.1/thumb/v8-m.main+fp/hard\libg_nano.a(libc_a-memset.o)
                0x00003618                memset
 .text.strstr   0x00003628       0x2c E:/Renesas/RAv5.9.0/RA/toolchains/gcc_arm/13.2.rel1/bin/../lib/gcc/arm-none-eabi/13.2.1/thumb/v8-m.main+fp/hard\libg_nano.a(libc_a-strstr.o)
                0x00003628                strstr
 .text._localeconv_r
                0x00003654        0x8 E:/Renesas/RAv5.9.0/RA/toolchains/gcc_arm/13.2.rel1/bin/../lib/gcc/arm-none-eabi/13.2.1/thumb/v8-m.main+fp/hard\libg_nano.a(libc_a-localeconv.o)
                0x00003654                _localeconv_r
 .text._sbrk_r  0x0000365c       0x20 E:/Renesas/RAv5.9.0/RA/toolchains/gcc_arm/13.2.rel1/bin/../lib/gcc/arm-none-eabi/13.2.1/thumb/v8-m.main+fp/hard\libg_nano.a(libc_a-sbrkr.o)
                0x0000365c                _sbrk_r
 .text.__retarget_lock_acquire_recursive
                0x0000367c        0x2 E:/Renesas/RAv5.9.0/RA/toolchains/gcc_arm/13.2.rel1/bin/../lib/gcc/arm-none-eabi/13.2.1/thumb/v8-m.main+fp/hard\libg_nano.a(libc_a-lock.o)
                0x0000367c                __retarget_lock_acquire_recursive
 .text.__retarget_lock_release_recursive
                0x0000367e        0x2 E:/Renesas/RAv5.9.0/RA/toolchains/gcc_arm/13.2.rel1/bin/../lib/gcc/arm-none-eabi/13.2.1/thumb/v8-m.main+fp/hard\libg_nano.a(libc_a-lock.o)
                0x0000367e                __retarget_lock_release_recursive
 .text.memchr   0x00003680       0x1c E:/Renesas/RAv5.9.0/RA/toolchains/gcc_arm/13.2.rel1/bin/../lib/gcc/arm-none-eabi/13.2.1/thumb/v8-m.main+fp/hard\libg_nano.a(libc_a-memchr-stub.o)
                0x00003680                memchr
 .text.memcpy   0x0000369c       0x1a E:/Renesas/RAv5.9.0/RA/toolchains/gcc_arm/13.2.rel1/bin/../lib/gcc/arm-none-eabi/13.2.1/thumb/v8-m.main+fp/hard\libg_nano.a(libc_a-memcpy-stub.o)
                0x0000369c                memcpy
 .text          0x000036b6       0x10 E:/Renesas/RAv5.9.0/RA/toolchains/gcc_arm/13.2.rel1/bin/../lib/gcc/arm-none-eabi/13.2.1/thumb/v8-m.main+fp/hard\libg_nano.a(libc_a-strlen.o)
                0x000036b6                strlen
 .text.quorem   0x000036c6      0x11a E:/Renesas/RAv5.9.0/RA/toolchains/gcc_arm/13.2.rel1/bin/../lib/gcc/arm-none-eabi/13.2.1/thumb/v8-m.main+fp/hard\libg_nano.a(libc_a-dtoa.o)
 .text._dtoa_r  0x000037e0      0xb7c E:/Renesas/RAv5.9.0/RA/toolchains/gcc_arm/13.2.rel1/bin/../lib/gcc/arm-none-eabi/13.2.1/thumb/v8-m.main+fp/hard\libg_nano.a(libc_a-dtoa.o)
                0x000037e0                _dtoa_r
 .text._free_r  0x0000435c       0x94 E:/Renesas/RAv5.9.0/RA/toolchains/gcc_arm/13.2.rel1/bin/../lib/gcc/arm-none-eabi/13.2.1/thumb/v8-m.main+fp/hard\libg_nano.a(libc_a-freer.o)
                0x0000435c                _free_r
 .text._Balloc  0x000043f0       0x80 E:/Renesas/RAv5.9.0/RA/toolchains/gcc_arm/13.2.rel1/bin/../lib/gcc/arm-none-eabi/13.2.1/thumb/v8-m.main+fp/hard\libg_nano.a(libc_a-mprec.o)
                0x000043f0                _Balloc
 .text._Bfree   0x00004470       0x44 E:/Renesas/RAv5.9.0/RA/toolchains/gcc_arm/13.2.rel1/bin/../lib/gcc/arm-none-eabi/13.2.1/thumb/v8-m.main+fp/hard\libg_nano.a(libc_a-mprec.o)
                0x00004470                _Bfree
 .text.__multadd
                0x000044b4       0x90 E:/Renesas/RAv5.9.0/RA/toolchains/gcc_arm/13.2.rel1/bin/../lib/gcc/arm-none-eabi/13.2.1/thumb/v8-m.main+fp/hard\libg_nano.a(libc_a-mprec.o)
                0x000044b4                __multadd
 .text.__hi0bits
                0x00004544       0x3e E:/Renesas/RAv5.9.0/RA/toolchains/gcc_arm/13.2.rel1/bin/../lib/gcc/arm-none-eabi/13.2.1/thumb/v8-m.main+fp/hard\libg_nano.a(libc_a-mprec.o)
                0x00004544                __hi0bits
 .text.__lo0bits
                0x00004582       0x5a E:/Renesas/RAv5.9.0/RA/toolchains/gcc_arm/13.2.rel1/bin/../lib/gcc/arm-none-eabi/13.2.1/thumb/v8-m.main+fp/hard\libg_nano.a(libc_a-mprec.o)
                0x00004582                __lo0bits
 .text.__i2b    0x000045dc       0x2c E:/Renesas/RAv5.9.0/RA/toolchains/gcc_arm/13.2.rel1/bin/../lib/gcc/arm-none-eabi/13.2.1/thumb/v8-m.main+fp/hard\libg_nano.a(libc_a-mprec.o)
                0x000045dc                __i2b
 .text.__multiply
                0x00004608      0x148 E:/Renesas/RAv5.9.0/RA/toolchains/gcc_arm/13.2.rel1/bin/../lib/gcc/arm-none-eabi/13.2.1/thumb/v8-m.main+fp/hard\libg_nano.a(libc_a-mprec.o)
                0x00004608                __multiply
 .text.__pow5mult
                0x00004750       0xb4 E:/Renesas/RAv5.9.0/RA/toolchains/gcc_arm/13.2.rel1/bin/../lib/gcc/arm-none-eabi/13.2.1/thumb/v8-m.main+fp/hard\libg_nano.a(libc_a-mprec.o)
                0x00004750                __pow5mult
 .text.__lshift
                0x00004804       0xd8 E:/Renesas/RAv5.9.0/RA/toolchains/gcc_arm/13.2.rel1/bin/../lib/gcc/arm-none-eabi/13.2.1/thumb/v8-m.main+fp/hard\libg_nano.a(libc_a-mprec.o)
                0x00004804                __lshift
 .text.__mcmp   0x000048dc       0x36 E:/Renesas/RAv5.9.0/RA/toolchains/gcc_arm/13.2.rel1/bin/../lib/gcc/arm-none-eabi/13.2.1/thumb/v8-m.main+fp/hard\libg_nano.a(libc_a-mprec.o)
                0x000048dc                __mcmp
 *fill*         0x00004912        0x2 ff
 .text.__mdiff  0x00004914      0x130 E:/Renesas/RAv5.9.0/RA/toolchains/gcc_arm/13.2.rel1/bin/../lib/gcc/arm-none-eabi/13.2.1/thumb/v8-m.main+fp/hard\libg_nano.a(libc_a-mprec.o)
                0x00004914                __mdiff
 .text.__d2b    0x00004a44       0xb0 E:/Renesas/RAv5.9.0/RA/toolchains/gcc_arm/13.2.rel1/bin/../lib/gcc/arm-none-eabi/13.2.1/thumb/v8-m.main+fp/hard\libg_nano.a(libc_a-mprec.o)
                0x00004a44                __d2b
 .text.__ssputs_r
                0x00004af4       0xb6 E:/Renesas/RAv5.9.0/RA/toolchains/gcc_arm/13.2.rel1/bin/../lib/gcc/arm-none-eabi/13.2.1/thumb/v8-m.main+fp/hard\libg_nano.a(libc_a-nano-svfprintf.o)
                0x00004af4                __ssputs_r
 *fill*         0x00004baa        0x2 ff
 .text._svfprintf_r
                0x00004bac      0x1f8 E:/Renesas/RAv5.9.0/RA/toolchains/gcc_arm/13.2.rel1/bin/../lib/gcc/arm-none-eabi/13.2.1/thumb/v8-m.main+fp/hard\libg_nano.a(libc_a-nano-svfprintf.o)
                0x00004bac                _svfiprintf_r
                0x00004bac                _svfprintf_r
 .text.memmove  0x00004da4       0x34 E:/Renesas/RAv5.9.0/RA/toolchains/gcc_arm/13.2.rel1/bin/../lib/gcc/arm-none-eabi/13.2.1/thumb/v8-m.main+fp/hard\libg_nano.a(libc_a-memmove.o)
                0x00004da4                memmove
 .text._calloc_r
                0x00004dd8       0x28 E:/Renesas/RAv5.9.0/RA/toolchains/gcc_arm/13.2.rel1/bin/../lib/gcc/arm-none-eabi/13.2.1/thumb/v8-m.main+fp/hard\libg_nano.a(libc_a-callocr.o)
                0x00004dd8                _calloc_r
 .text.__ascii_mbtowc
                0x00004e00       0x24 E:/Renesas/RAv5.9.0/RA/toolchains/gcc_arm/13.2.rel1/bin/../lib/gcc/arm-none-eabi/13.2.1/thumb/v8-m.main+fp/hard\libg_nano.a(libc_a-mbtowc_r.o)
                0x00004e00                __ascii_mbtowc
 .text._realloc_r
                0x00004e24       0x5c E:/Renesas/RAv5.9.0/RA/toolchains/gcc_arm/13.2.rel1/bin/../lib/gcc/arm-none-eabi/13.2.1/thumb/v8-m.main+fp/hard\libg_nano.a(libc_a-reallocr.o)
                0x00004e24                _realloc_r
 .text.__ascii_wctomb
                0x00004e80       0x1a E:/Renesas/RAv5.9.0/RA/toolchains/gcc_arm/13.2.rel1/bin/../lib/gcc/arm-none-eabi/13.2.1/thumb/v8-m.main+fp/hard\libg_nano.a(libc_a-wctomb_r.o)
                0x00004e80                __ascii_wctomb
 .text._malloc_usable_size_r
                0x00004e9a       0x10 E:/Renesas/RAv5.9.0/RA/toolchains/gcc_arm/13.2.rel1/bin/../lib/gcc/arm-none-eabi/13.2.1/thumb/v8-m.main+fp/hard\libg_nano.a(libc_a-msizer.o)
                0x00004e9a                _malloc_usable_size_r
 *fill*         0x00004eaa        0x2 ff
 .text          0x00004eac      0x424 E:/Renesas/RAv5.9.0/RA/toolchains/gcc_arm/13.2.rel1/bin/../lib/gcc/arm-none-eabi/13.2.1/thumb/v8-m.main+fp/hard\libgcc.a(_arm_muldivdf3.o)
                0x00004eac                __aeabi_dmul
                0x00004eac                __muldf3
                0x00005100                __divdf3
                0x00005100                __aeabi_ddiv
 .text          0x000052d0      0x110 E:/Renesas/RAv5.9.0/RA/toolchains/gcc_arm/13.2.rel1/bin/../lib/gcc/arm-none-eabi/13.2.1/thumb/v8-m.main+fp/hard\libgcc.a(_arm_cmpdf2.o)
                0x000052d0                __gtdf2
                0x000052d0                __gedf2
                0x000052d8                __ltdf2
                0x000052d8                __ledf2
                0x000052e0                __nedf2
                0x000052e0                __eqdf2
                0x000052e0                __cmpdf2
                0x0000535c                __aeabi_cdrcmple
                0x0000536c                __aeabi_cdcmpeq
                0x0000536c                __aeabi_cdcmple
                0x0000537c                __aeabi_dcmpeq
                0x00005390                __aeabi_dcmplt
                0x000053a4                __aeabi_dcmple
                0x000053b8                __aeabi_dcmpge
                0x000053cc                __aeabi_dcmpgt
 .text          0x000053e0       0x2c E:/Renesas/RAv5.9.0/RA/toolchains/gcc_arm/13.2.rel1/bin/../lib/gcc/arm-none-eabi/13.2.1/thumb/v8-m.main+fp/hard\libgcc.a(_arm_unorddf2.o)
                0x000053e0                __unorddf2
                0x000053e0                __aeabi_dcmpun
 .text          0x0000540c       0x50 E:/Renesas/RAv5.9.0/RA/toolchains/gcc_arm/13.2.rel1/bin/../lib/gcc/arm-none-eabi/13.2.1/thumb/v8-m.main+fp/hard\libgcc.a(_arm_fixdfsi.o)
                0x0000540c                __aeabi_d2iz
                0x0000540c                __fixdfsi
 *(.version)
 .version       0x0000545c       0x50 ./ra/fsp/src/bsp/mcu/all/bsp_common.o
 *(.init)
 .init          0x000054ac        0x4 E:/Renesas/RAv5.9.0/RA/toolchains/gcc_arm/13.2.rel1/bin/../lib/gcc/arm-none-eabi/13.2.1/thumb/v8-m.main+fp/hard/crti.o
                0x000054ac                _init
 .init          0x000054b0        0x8 E:/Renesas/RAv5.9.0/RA/toolchains/gcc_arm/13.2.rel1/bin/../lib/gcc/arm-none-eabi/13.2.1/thumb/v8-m.main+fp/hard/crtn.o
 *(.fini)
 .fini          0x000054b8        0x4 E:/Renesas/RAv5.9.0/RA/toolchains/gcc_arm/13.2.rel1/bin/../lib/gcc/arm-none-eabi/13.2.1/thumb/v8-m.main+fp/hard/crti.o
                0x000054b8                _fini
 .fini          0x000054bc        0x8 E:/Renesas/RAv5.9.0/RA/toolchains/gcc_arm/13.2.rel1/bin/../lib/gcc/arm-none-eabi/13.2.1/thumb/v8-m.main+fp/hard/crtn.o
 *crtbegin.o(.ctors)
 *crtbegin?.o(.ctors)
 *(EXCLUDE_FILE(*crtend.o *crtend?.o) .ctors)
 *(SORT_BY_NAME(.ctors.*))
 *(.ctors)
 *crtbegin.o(.dtors)
 *crtbegin?.o(.dtors)
 *(EXCLUDE_FILE(*crtend.o *crtend?.o) .dtors)
 *(SORT_BY_NAME(.dtors.*))
 *(.dtors)
 *(.rodata*)
 .rodata.delay.str1.4
                0x000054c4      0x168 ./src/libs/delay/delay.o
                                  0x8 (size before relaxing)
 .rodata.IODrvRead.str1.4
                0x0000562c       0x2e ./src/drivers/drv_gpio.o
 .rodata.__func__.0
                0x0000562c        0xa ./src/drivers/drv_gpio.o
 *fill*         0x00005636        0x2 ff
 .rodata.__func__.1
                0x00005638        0xb ./src/drivers/drv_gpio.o
 *fill*         0x00005643        0x1 ff
 .rodata.__func__.2
                0x00005644        0xa ./src/drivers/drv_gpio.o
 .rodata.str1.4
                0x0000564e       0x1b ./src/drivers/drv_gpio.o
 .rodata.SPIDrvWriteRead.str1.4
                0x0000564e       0x2d ./src/drivers/drv_spi.o
 .rodata.SPIDrvInit.str1.4
                0x0000564e        0xb ./src/drivers/drv_spi.o
 *fill*         0x0000564e        0x2 ff
 .rodata.__func__.0
                0x00005650        0xb ./src/drivers/drv_spi.o
 *fill*         0x0000565b        0x1 ff
 .rodata.__func__.1
                0x0000565c        0xc ./src/drivers/drv_spi.o
 .rodata.__func__.2
                0x00005668        0xb ./src/drivers/drv_spi.o
 *fill*         0x00005673        0x1 ff
 .rodata.__func__.3
                0x00005674       0x10 ./src/drivers/drv_spi.o
 .rodata.str1.4
                0x00005684        0xc ./src/drivers/drv_spi.o
 .rodata.str1.4
                0x00005684        0x8 ./src/drivers/drv_systick.o
 .rodata.ADXLDevInit.str1.4
                0x00005684       0x3b ./src/devices/ADXL345/dev_adxl345.o
 .rodata.str1.4
                0x00005684        0x8 ./src/devices/ADXL345/dev_adxl345.o
 .rodata.IODeviceList.str1.4
                0x00005684       0x1f ./src/devices/dev_gpio.o
 .rodata.SPIDeviceList.str1.4
                0x00005684       0x23 ./src/devices/dev_spi.o
 .rodata.TimerDeviceList.str1.4
                0x00005684       0x23 ./src/devices/dev_timer.o
 .rodata.DeviceTest.str1.4
                0x00005684       0x5e ./src/applications/app_adxl345.o
 .rodata.hal_entry.str1.4
                0x00005684       0x18 ./src/hal_entry.o
 .rodata.g_ioport
                0x00005684        0xc ./ra_gen/common_data.o
                0x00005684                g_ioport
 .rodata.g_uart9
                0x00005690        0xc ./ra_gen/hal_data.o
                0x00005690                g_uart9
 .rodata.g_uart9_cfg
                0x0000569c       0x20 ./ra_gen/hal_data.o
                0x0000569c                g_uart9_cfg
 .rodata.g_uart9_cfg_extend
                0x000056bc       0x14 ./ra_gen/hal_data.o
                0x000056bc                g_uart9_cfg_extend
 .rodata.g_spi0
                0x000056d0        0xc ./ra_gen/hal_data.o
                0x000056d0                g_spi0
 .rodata.g_spi0_cfg
                0x000056dc       0x24 ./ra_gen/hal_data.o
                0x000056dc                g_spi0_cfg
 .rodata.g_spi0_ext_cfg
                0x00005700        0xc ./ra_gen/hal_data.o
                0x00005700                g_spi0_ext_cfg
 .rodata.g_bsp_pin_cfg
                0x0000570c        0xc ./ra_gen/pin_data.o
                0x0000570c                g_bsp_pin_cfg
 .rodata.g_bsp_pin_cfg_data
                0x00005718       0x48 ./ra_gen/pin_data.o
                0x00005718                g_bsp_pin_cfg_data
 .rodata.g_interrupt_event_link_select
                0x00005760       0x10 ./ra_gen/vector_data.o
                0x00005760                g_interrupt_event_link_select
 .rodata.g_spi_on_spi
                0x00005770       0x18 ./ra/fsp/src/r_spi/r_spi.o
                0x00005770                g_spi_on_spi
 .rodata.g_uart_on_sci
                0x00005788       0x24 ./ra/fsp/src/r_sci_uart/r_sci_uart.o
                0x00005788                g_uart_on_sci
 .rodata.g_vbatt_pins_input
                0x000057ac        0x6 ./ra/fsp/src/r_ioport/r_ioport.o
 *fill*         0x000057b2        0x2 ff
 .rodata.g_ioport_on_ioport
                0x000057b4       0x34 ./ra/fsp/src/r_ioport/r_ioport.o
                0x000057b4                g_ioport_on_ioport
 .rodata.g_prcr_masks
                0x000057e8        0x8 ./ra/fsp/src/bsp/mcu/all/bsp_register_protection.o
 .rodata._printf_float.str1.1
                0x000057f0      0x137 E:/Renesas/RAv5.9.0/RA/toolchains/gcc_arm/13.2.rel1/bin/../lib/gcc/arm-none-eabi/13.2.1/thumb/v8-m.main+fp/hard\libg_nano.a(libc_a-nano-vfprintf_float.o)
                                 0x12 (size before relaxing)
 .rodata._printf_i.str1.1
                0x00005927       0x22 E:/Renesas/RAv5.9.0/RA/toolchains/gcc_arm/13.2.rel1/bin/../lib/gcc/arm-none-eabi/13.2.1/thumb/v8-m.main+fp/hard\libg_nano.a(libc_a-nano-vfprintf_i.o)
 .rodata._dtoa_r.str1.1
                0x00005927       0x90 E:/Renesas/RAv5.9.0/RA/toolchains/gcc_arm/13.2.rel1/bin/../lib/gcc/arm-none-eabi/13.2.1/thumb/v8-m.main+fp/hard\libg_nano.a(libc_a-dtoa.o)
 .rodata._Balloc.str1.1
                0x00005927       0x71 E:/Renesas/RAv5.9.0/RA/toolchains/gcc_arm/13.2.rel1/bin/../lib/gcc/arm-none-eabi/13.2.1/thumb/v8-m.main+fp/hard\libg_nano.a(libc_a-mprec.o)
 .rodata.__multadd.str1.1
                0x00005927       0x11 E:/Renesas/RAv5.9.0/RA/toolchains/gcc_arm/13.2.rel1/bin/../lib/gcc/arm-none-eabi/13.2.1/thumb/v8-m.main+fp/hard\libg_nano.a(libc_a-mprec.o)
 *fill*         0x00005927        0x1 ff
 .rodata.p05.0  0x00005928        0xc E:/Renesas/RAv5.9.0/RA/toolchains/gcc_arm/13.2.rel1/bin/../lib/gcc/arm-none-eabi/13.2.1/thumb/v8-m.main+fp/hard\libg_nano.a(libc_a-mprec.o)
 *fill*         0x00005934        0x4 ff
 .rodata.__mprec_bigtens
                0x00005938       0x28 E:/Renesas/RAv5.9.0/RA/toolchains/gcc_arm/13.2.rel1/bin/../lib/gcc/arm-none-eabi/13.2.1/thumb/v8-m.main+fp/hard\libg_nano.a(libc_a-mprec.o)
                0x00005938                __mprec_bigtens
 .rodata.__mprec_tens
                0x00005960       0xc8 E:/Renesas/RAv5.9.0/RA/toolchains/gcc_arm/13.2.rel1/bin/../lib/gcc/arm-none-eabi/13.2.1/thumb/v8-m.main+fp/hard\libg_nano.a(libc_a-mprec.o)
                0x00005960                __mprec_tens
 .rodata._svfprintf_r.str1.1
                0x00005a28       0x11 E:/Renesas/RAv5.9.0/RA/toolchains/gcc_arm/13.2.rel1/bin/../lib/gcc/arm-none-eabi/13.2.1/thumb/v8-m.main+fp/hard\libg_nano.a(libc_a-nano-svfprintf.o)
 .rodata._setlocale_r.str1.1
                0x00005a28        0x9 E:/Renesas/RAv5.9.0/RA/toolchains/gcc_arm/13.2.rel1/bin/../lib/gcc/arm-none-eabi/13.2.1/thumb/v8-m.main+fp/hard\libg_nano.a(libc_a-locale.o)
 .rodata.str1.1
                0x00005a28        0x2 E:/Renesas/RAv5.9.0/RA/toolchains/gcc_arm/13.2.rel1/bin/../lib/gcc/arm-none-eabi/13.2.1/thumb/v8-m.main+fp/hard\libg_nano.a(libc_a-locale.o)
 .rodata._ctype_
                0x00005a28      0x101 E:/Renesas/RAv5.9.0/RA/toolchains/gcc_arm/13.2.rel1/bin/../lib/gcc/arm-none-eabi/13.2.1/thumb/v8-m.main+fp/hard\libg_nano.a(libc_a-ctype_.o)
                0x00005a28                _ctype_
                0x00005b29                        __usb_dev_descriptor_start_fs = .
 *(.usb_device_desc_fs*)
                0x00005b29                        __usb_cfg_descriptor_start_fs = .
 *(.usb_config_desc_fs*)
                0x00005b29                        __usb_interface_descriptor_start_fs = .
 *(.usb_interface_desc_fs*)
                0x00005b29                        __usb_descriptor_end_fs = .
                0x00005b29                        __usb_dev_descriptor_start_hs = .
 *(.usb_device_desc_hs*)
                0x00005b29                        __usb_cfg_descriptor_start_hs = .
 *(.usb_config_desc_hs*)
                0x00005b29                        __usb_interface_descriptor_start_hs = .
 *(.usb_interface_desc_hs*)
                0x00005b29                        __usb_descriptor_end_hs = .
 *(.eh_frame*)
 *fill*         0x00005b29        0x3 ff
 .eh_frame      0x00005b2c        0x0 E:/Renesas/RAv5.9.0/RA/toolchains/gcc_arm/13.2.rel1/bin/../lib/gcc/arm-none-eabi/13.2.1/thumb/v8-m.main+fp/hard/crtbegin.o
 .eh_frame      0x00005b2c       0x28 E:/Renesas/RAv5.9.0/RA/toolchains/gcc_arm/13.2.rel1/bin/../lib/gcc/arm-none-eabi/13.2.1/thumb/v8-m.main+fp/hard\libg_nano.a(libc_a-strlen.o)
 .eh_frame      0x00005b54        0x4 E:/Renesas/RAv5.9.0/RA/toolchains/gcc_arm/13.2.rel1/bin/../lib/gcc/arm-none-eabi/13.2.1/thumb/v8-m.main+fp/hard/crtend.o
                0x00005b58                        __ROM_End = .
                0x00000060                        __Vectors_Size = (__Vectors_End - __Vectors)

.glue_7         0x00005b58        0x0
 .glue_7        0x00005b58        0x0 linker stubs

.glue_7t        0x00005b58        0x0
 .glue_7t       0x00005b58        0x0 linker stubs

.vfp11_veneer   0x00005b58        0x0
 .vfp11_veneer  0x00005b58        0x0 linker stubs

.v4_bx          0x00005b58        0x0
 .v4_bx         0x00005b58        0x0 linker stubs

.iplt           0x00005b58        0x0
 .iplt          0x00005b58        0x0 E:/Renesas/RAv5.9.0/RA/toolchains/gcc_arm/13.2.rel1/bin/../lib/gcc/arm-none-eabi/13.2.1/thumb/v8-m.main+fp/hard/crtbegin.o
                0x00005b58                        . = .
                0x00005b58                        __itcm_data_pre_location = .

.itcm_data      0x00000000        0x0 load address 0x00005b60
                0x00000000                        __tz_ITCM_S = ABSOLUTE (ITCM_START)
                0x00000000                        __itcm_data_start = .
 *(.itcm_data*)
                0x00000000                        . = ALIGN (0x8)
                0x00000000                        __itcm_data_end = .
                0x00000000                        __tz_ITCM_N = DEFINED (ITCM_NS_START)?ABSOLUTE (ITCM_NS_START):ALIGN (__itcm_data_end, 0x2000)
                0x00005b60                        __itcm_data_init_start = LOADADDR (.itcm_data)
                0x00005b60                        __itcm_data_init_end = (LOADADDR (.itcm_data) + SIZEOF (.itcm_data))
                0x00000001                        ASSERT (((ORIGIN (ITCM) % 0x8) == 0x0), ITCM memory region origin must be aligned to 8 bytes.)
                0x00000001                        ASSERT (((LENGTH (ITCM) % 0x8) == 0x0), ITCM memory region length must be a multiple of 8 bytes.)
                0x00000001                        ASSERT (((LOADADDR (.itcm_data) % 0x10) == 0x0), .itcm_data section must be aligned to 16 bytes.)
                0x00000001                        ASSERT (((SIZEOF (.itcm_data) % 0x8) == 0x0), .itcm_data section size must be a multiple of 8 bytes.)
                0x00005b58                        . = (SIZEOF (.itcm_data) > 0x0)?__itcm_data_init_end:__itcm_data_pre_location
                0x00005b58                        __exidx_start = .

/DISCARD/
 *(.ARM.extab* .gnu.linkonce.armextab.*)
 *(.ARM.exidx* .gnu.linkonce.armexidx.*)
                0x00005b58                        __exidx_end = .
                0x00005b58                        __etext = .
                0x20000000                        __tz_RAM_S = ORIGIN (RAM)

.fsp_dtc_vector_table
                0x20000000        0x0
                0x20000000                        . = ORIGIN (RAM)
 *(.fsp_dtc_vector_table)

.data           0x20000000      0x260 load address 0x00005b58
                0x20000000                        __data_start__ = .
                0x20000000                        . = ALIGN (0x4)
                0x20000000                        __Code_In_RAM_Start = .
 *(.code_in_ram*)
                0x20000000                        __Code_In_RAM_End = .
 *(vtable)
 *(.data.*)
 .data.gADXINT1Dev
                0x20000000       0x1c ./src/drivers/drv_gpio.o
 .data.gADXLCSDev
                0x2000001c       0x1c ./src/drivers/drv_gpio.o
 .data.gSPIDevice
                0x20000038       0x1c ./src/drivers/drv_spi.o
 .data.gSystickDevice
                0x20000054       0x20 ./src/drivers/drv_systick.o
 .data.gADXL345
                0x20000074       0x24 ./src/devices/ADXL345/dev_adxl345.o
 .data.g_uart9_baud_setting
                0x20000098        0x4 ./ra_gen/hal_data.o
                0x20000098                g_uart9_baud_setting
 .data._impure_ptr
                0x2000009c        0x4 E:/Renesas/RAv5.9.0/RA/toolchains/gcc_arm/13.2.rel1/bin/../lib/gcc/arm-none-eabi/13.2.1/thumb/v8-m.main+fp/hard\libg_nano.a(libc_a-impure.o)
                0x2000009c                _impure_ptr
 .data._impure_data
                0x200000a0       0x4c E:/Renesas/RAv5.9.0/RA/toolchains/gcc_arm/13.2.rel1/bin/../lib/gcc/arm-none-eabi/13.2.1/thumb/v8-m.main+fp/hard\libg_nano.a(libc_a-impure.o)
                0x200000a0                _impure_data
 .data.__global_locale
                0x200000ec      0x16c E:/Renesas/RAv5.9.0/RA/toolchains/gcc_arm/13.2.rel1/bin/../lib/gcc/arm-none-eabi/13.2.1/thumb/v8-m.main+fp/hard\libg_nano.a(libc_a-locale.o)
                0x200000ec                __global_locale
 *(.data)
                0x20000258                        . = ALIGN (0x4)
                0x20000258                        PROVIDE (__preinit_array_start = .)
 *(.preinit_array)
                0x20000258                        PROVIDE (__preinit_array_end = .)
                0x20000258                        . = ALIGN (0x4)
                0x20000258                        PROVIDE (__init_array_start = .)
 *(SORT_BY_NAME(.init_array.*))
 *(.init_array)
 .init_array    0x20000258        0x4 E:/Renesas/RAv5.9.0/RA/toolchains/gcc_arm/13.2.rel1/bin/../lib/gcc/arm-none-eabi/13.2.1/thumb/v8-m.main+fp/hard/crtbegin.o
                0x2000025c                        PROVIDE (__init_array_end = .)
                0x2000025c                        . = ALIGN (0x4)
                [!provide]                        PROVIDE (__fini_array_start = .)
 *(SORT_BY_NAME(.fini_array.*))
 *(.fini_array)
 .fini_array    0x2000025c        0x4 E:/Renesas/RAv5.9.0/RA/toolchains/gcc_arm/13.2.rel1/bin/../lib/gcc/arm-none-eabi/13.2.1/thumb/v8-m.main+fp/hard/crtbegin.o
                [!provide]                        PROVIDE (__fini_array_end = .)
 *(.jcr*)
                0x20000260                        . = ALIGN (0x4)
                0x20000260                        __data_end__ = .

.tm_clone_table
                0x20000260        0x0 load address 0x00005db8
 .tm_clone_table
                0x20000260        0x0 E:/Renesas/RAv5.9.0/RA/toolchains/gcc_arm/13.2.rel1/bin/../lib/gcc/arm-none-eabi/13.2.1/thumb/v8-m.main+fp/hard/crtbegin.o
 .tm_clone_table
                0x20000260        0x0 E:/Renesas/RAv5.9.0/RA/toolchains/gcc_arm/13.2.rel1/bin/../lib/gcc/arm-none-eabi/13.2.1/thumb/v8-m.main+fp/hard/crtend.o

.igot.plt       0x20000260        0x0 load address 0x00005db8
 .igot.plt      0x20000260        0x0 E:/Renesas/RAv5.9.0/RA/toolchains/gcc_arm/13.2.rel1/bin/../lib/gcc/arm-none-eabi/13.2.1/thumb/v8-m.main+fp/hard/crtbegin.o
                0x20000260                        . = .
                0x00005db8                        __dtcm_data_pre_location = (LOADADDR (.data) + SIZEOF (.data))

.dtcm_data      0x00000000        0x0 load address 0x00005dc0
                0x00000000                        __tz_DTCM_S = ABSOLUTE (DTCM_START)
                0x00000000                        __dtcm_data_start = .
 *(.dtcm_data*)
                0x00000000                        . = ALIGN (0x8)
                0x00000000                        __dtcm_data_end = .
                0x00000000                        . = __dtcm_data_end

.dtcm_bss       0x00000000        0x0
                0x00000000                        __dtcm_bss_start = .
 *(.dtcm_bss*)
                0x00000000                        . = ALIGN (0x8)
                0x00000000                        __dtcm_bss_end = .
                0x00000000                        __tz_DTCM_N = DEFINED (DTCM_NS_START)?ABSOLUTE (DTCM_NS_START):ALIGN (__dtcm_bss_end, 0x2000)
                0x00005dc0                        __dtcm_data_init_start = LOADADDR (.dtcm_data)
                0x00005dc0                        __dtcm_data_init_end = (LOADADDR (.dtcm_data) + SIZEOF (.dtcm_data))
                0x00000001                        ASSERT (((ORIGIN (DTCM) % 0x8) == 0x0), DTCM memory region origin must be aligned to 8 bytes.)
                0x00000001                        ASSERT (((LENGTH (DTCM) % 0x8) == 0x0), DTCM memory region length must be a multiple of 8 bytes.)
                0x00000001                        ASSERT ((LOADADDR (.dtcm_bss) == ADDR (.dtcm_bss)), .dtcm_bss has (VMA != LMA) but should be NOLOAD (VMA == LMA).)
                0x00000001                        ASSERT (((LOADADDR (.dtcm_data) % 0x10) == 0x0), .dtcm_data section must be aligned to 16 bytes.)
                0x00000001                        ASSERT (((SIZEOF (.dtcm_data) % 0x8) == 0x0), .dtcm_data section size must be a multiple of 8 bytes.)
                0x00000001                        ASSERT (((LOADADDR (.dtcm_bss) % 0x8) == 0x0), .dtcm_bss section must be aligned to 8 bytes.)
                0x00000001                        ASSERT (((SIZEOF (.dtcm_bss) % 0x8) == 0x0), .dtcm_bss section size must be a multiple of 8 bytes.)
                0x00000001                        ASSERT ((__dtcm_bss_start == __dtcm_data_end), .dtcm_bss section is not adjacent to .dtcm_data section.)
                0x00005db8                        . = (SIZEOF (.dtcm_data) > 0x0)?__dtcm_data_init_end:__dtcm_data_pre_location
                0x00005db8                        sgstubs_pre_location = .
                0x00006000                        SGSTUBS_LOC = (DEFINED (PROJECT_SECURE) && DEFINED (FLASH_NSC_START))?ABSOLUTE (FLASH_NSC_START):ALIGN (0x400)

.gnu.sgstubs    0x00006000        0x0
                0x00006000                        __tz_FLASH_C = DEFINED (FLASH_NSC_START)?ABSOLUTE (FLASH_NSC_START):__RESERVE_NS_RAM?ABSOLUTE ((FLASH_START + FLASH_LENGTH)):ALIGN (0x400)
                0x00006000                        _start_sg = .
 *(.gnu.sgstubs*)
                0x00006000                        . = ALIGN (0x20)
                0x00006000                        _end_sg = .
                0x00008000                        __tz_FLASH_N = DEFINED (FLASH_NS_START)?ABSOLUTE (FLASH_NS_START):__RESERVE_NS_RAM?ABSOLUTE ((FLASH_START + FLASH_LENGTH)):(FLASH_LENGTH < 0x8000)?FLASH_LENGTH:ALIGN (0x8000)
                0x00008000                        FLASH_NS_IMAGE_START = DEFINED (FLASH_NS_IMAGE_START)?FLASH_NS_IMAGE_START:__tz_FLASH_N
                0x60000000                        __tz_QSPI_FLASH_S = ORIGIN (QSPI_FLASH)

.qspi_flash     0x60000000        0x0
                0x60000000                        __qspi_flash_start__ = .
 *(.qspi_flash*)
 *(.code_in_qspi*)
                0x60000000                        __qspi_flash_end__ = .
                0x00000000                        __qspi_flash_code_size__ = (__qspi_flash_end__ - __qspi_flash_start__)
                0x00005db8                        __qspi_flash_code_addr__ = sgstubs_pre_location

.qspi_non_retentive
                0x60000000        0x0 load address 0x00005db8
                0x60000000                        __qspi_non_retentive_start__ = .
 *(.qspi_non_retentive*)
                0x60000000                        __qspi_non_retentive_end__ = .
                0x00000000                        __qspi_non_retentive_size__ = (__qspi_non_retentive_end__ - __qspi_non_retentive_start__)
                0x04000000                        __qspi_region_max_size__ = 0x4000000
                0x60000000                        __qspi_region_start_address__ = __qspi_flash_start__
                0x64000000                        __qspi_region_end_address__ = (__qspi_flash_start__ + __qspi_region_max_size__)
                0x60000000                        __tz_QSPI_FLASH_N = __qspi_non_retentive_end__

.OSPI_DEVICE_0_NO_LOAD
                0x68000000        0x0
                0x68000000                        . = ALIGN (0x4)
                0x68000000                        __ospi_device_0_start__ = .
 *(.ospi_device_0_no_load*)
                0x68000000                        . = ALIGN (0x4)
                0x68000000                        __ospi_device_0_end__ = .

.OSPI_DEVICE_1_NO_LOAD
                0x70000000        0x0
                0x70000000                        . = ALIGN (0x4)
                0x70000000                        __ospi_device_1_start__ = .
 *(.ospi_device_1_no_load*)
                0x70000000                        . = ALIGN (0x4)
                0x70000000                        __ospi_device_1_end__ = .
                0x68000000                        __tz_OSPI_DEVICE_0_S = ORIGIN (OSPI_DEVICE_0)

.OSPI_DEVICE_0  0x68000000        0x0
                0x68000000                        __ospi_device_0_start__ = .
 *(.ospi_device_0*)
 *(.code_in_ospi_device_0*)
                0x68000000                        __ospi_device_0_end__ = .
                0x00000000                        __ospi_device_0_code_size__ = (__ospi_device_0_end__ - __ospi_device_0_start__)
                0x00005db8                        __ospi_device_0_code_addr__ = (sgstubs_pre_location + SIZEOF (.qspi_non_retentive))

.ospi_device_0_non_retentive
                0x68000000        0x0 load address 0x00005db8
                0x68000000                        __ospi_device_0_non_retentive_start__ = .
 *(.ospi_device_0_non_retentive*)
                0x68000000                        __ospi_device_0_non_retentive_end__ = .
                0x00000000                        __ospi_device_0_non_retentive_size__ = (__ospi_device_0_non_retentive_end__ - __ospi_device_0_non_retentive_start__)
                0x08000000                        __ospi_device_0_region_max_size__ = 0x8000000
                0x68000000                        __ospi_device_0_region_start_address__ = __ospi_device_0_start__
                0x70000000                        __ospi_device_0_region_end_address__ = (__ospi_device_0_start__ + __ospi_device_0_region_max_size__)
                0x68000000                        __tz_OSPI_DEVICE_0_N = __ospi_device_0_non_retentive_end__
                0x70000000                        __tz_OSPI_DEVICE_1_S = ORIGIN (OSPI_DEVICE_1)

.OSPI_DEVICE_1  0x70000000        0x0
                0x70000000                        __ospi_device_1_start__ = .
 *(.ospi_device_1*)
 *(.code_in_ospi_device_1*)
                0x70000000                        __ospi_device_1_end__ = .
                0x00000000                        __ospi_device_1_code_size__ = (__ospi_device_1_end__ - __ospi_device_1_start__)
                0x00005db8                        __ospi_device_1_code_addr__ = (sgstubs_pre_location + (SIZEOF (.qspi_non_retentive) + SIZEOF (.ospi_device_0_non_retentive)))

.ospi_device_1_non_retentive
                0x70000000        0x0 load address 0x00005db8
                0x70000000                        __ospi_device_1_non_retentive_start__ = .
 *(.ospi_device_1_non_retentive*)
                0x70000000                        __ospi_device_1_non_retentive_end__ = .
                0x00000000                        __ospi_device_1_non_retentive_size__ = (__ospi_device_1_non_retentive_end__ - __ospi_device_1_non_retentive_start__)
                0x10000000                        __ospi_device_1_region_max_size__ = 0x10000000
                0x70000000                        __ospi_device_1_region_start_address__ = __ospi_device_1_start__
                0x80000000                        __ospi_device_1_region_end_address__ = (__ospi_device_1_start__ + __ospi_device_1_region_max_size__)
                0x70000000                        __tz_OSPI_DEVICE_1_N = __ospi_device_1_non_retentive_end__

.noinit         0x20000260       0x20
                0x20000260                        . = ALIGN (0x4)
                0x20000260                        __noinit_start = .
 *(.noinit*)
 .noinit        0x20000260       0x1c ./ra/fsp/src/bsp/mcu/all/bsp_clocks.o
                0x20000280                        . = ALIGN (0x8)
 *fill*         0x2000027c        0x4 
 *(.heap.*)
                0x20000280                        __noinit_end = .

.bss            0x20000280      0x268
                0x20000280                        . = ALIGN (0x4)
                0x20000280                        __bss_start__ = .
 *(.bss*)
 .bss.completed.1
                0x20000280        0x1 E:/Renesas/RAv5.9.0/RA/toolchains/gcc_arm/13.2.rel1/bin/../lib/gcc/arm-none-eabi/13.2.1/thumb/v8-m.main+fp/hard/crtbegin.o
 *fill*         0x20000281        0x3 
 .bss.object.0  0x20000284       0x18 E:/Renesas/RAv5.9.0/RA/toolchains/gcc_arm/13.2.rel1/bin/../lib/gcc/arm-none-eabi/13.2.1/thumb/v8-m.main+fp/hard/crtbegin.o
 .bss.pCSIO     0x2000029c        0x4 ./src/drivers/drv_spi.o
 .bss.gSPI0TxCplt
                0x200002a0        0x1 ./src/drivers/drv_spi.o
 *fill*         0x200002a1        0x3 
 .bss.dwTick    0x200002a4        0x4 ./src/drivers/drv_systick.o
 .bss.pADXLSPI  0x200002a8        0x4 ./src/devices/ADXL345/dev_adxl345.o
 .bss.gHeadIODev
                0x200002ac        0x4 ./src/devices/dev_gpio.o
 .bss.gHeadSPIDev
                0x200002b0        0x4 ./src/devices/dev_spi.o
 .bss.gHeadTimerDev
                0x200002b4        0x4 ./src/devices/dev_timer.o
 .bss.uart_send_complete_flag
                0x200002b8        0x1 ./src/debug_uart/debug_uart.o
                0x200002b8                uart_send_complete_flag
 *fill*         0x200002b9        0x3 
 .bss.g_ioport_ctrl
                0x200002bc        0x8 ./ra_gen/common_data.o
                0x200002bc                g_ioport_ctrl
 .bss.g_uart9_ctrl
                0x200002c4       0x30 ./ra_gen/hal_data.o
                0x200002c4                g_uart9_ctrl
 .bss.g_spi0_ctrl
                0x200002f4       0x30 ./ra_gen/hal_data.o
                0x200002f4                g_spi0_ctrl
 .bss.dummy_tx.0
                0x20000324        0x4 ./ra/fsp/src/r_spi/r_spi.o
 .bss.dummy_rx.1
                0x20000328        0x4 ./ra/fsp/src/r_spi/r_spi.o
 .bss.g_bsp_group_irq_sources
                0x2000032c       0x40 ./ra/fsp/src/bsp/mcu/all/bsp_group_irq.o
                0x2000032c                g_bsp_group_irq_sources
 .bss.g_protect_pfswe_counter
                0x2000036c        0x4 ./ra/fsp/src/bsp/mcu/all/bsp_io.o
                0x2000036c                g_protect_pfswe_counter
 .bss.gp_renesas_isr_context
                0x20000370       0x20 ./ra/fsp/src/bsp/mcu/all/bsp_irq.o
                0x20000370                gp_renesas_isr_context
 .bss.g_protect_counters
                0x20000390        0x8 ./ra/fsp/src/bsp/mcu/all/bsp_register_protection.o
                0x20000390                g_protect_counters
 .bss.current_heap_end.0
                0x20000398        0x4 ./ra/fsp/src/bsp/mcu/all/bsp_sbrk.o
 .bss.SystemCoreClock
                0x2000039c        0x4 ./ra/fsp/src/bsp/cmsis/Device/RENESAS/Source/system.o
                0x2000039c                SystemCoreClock
 .bss.__malloc_sbrk_start
                0x200003a0        0x4 E:/Renesas/RAv5.9.0/RA/toolchains/gcc_arm/13.2.rel1/bin/../lib/gcc/arm-none-eabi/13.2.1/thumb/v8-m.main+fp/hard\libg_nano.a(libc_a-mallocr.o)
                0x200003a0                __malloc_sbrk_start
 .bss.__malloc_free_list
                0x200003a4        0x4 E:/Renesas/RAv5.9.0/RA/toolchains/gcc_arm/13.2.rel1/bin/../lib/gcc/arm-none-eabi/13.2.1/thumb/v8-m.main+fp/hard\libg_nano.a(libc_a-mallocr.o)
                0x200003a4                __malloc_free_list
 .bss.__sf      0x200003a8      0x138 E:/Renesas/RAv5.9.0/RA/toolchains/gcc_arm/13.2.rel1/bin/../lib/gcc/arm-none-eabi/13.2.1/thumb/v8-m.main+fp/hard\libg_nano.a(libc_a-findfp.o)
                0x200003a8                __sf
 .bss.errno     0x200004e0        0x4 E:/Renesas/RAv5.9.0/RA/toolchains/gcc_arm/13.2.rel1/bin/../lib/gcc/arm-none-eabi/13.2.1/thumb/v8-m.main+fp/hard\libg_nano.a(libc_a-reent.o)
                0x200004e0                errno
 .bss.__lock___malloc_recursive_mutex
                0x200004e4        0x1 E:/Renesas/RAv5.9.0/RA/toolchains/gcc_arm/13.2.rel1/bin/../lib/gcc/arm-none-eabi/13.2.1/thumb/v8-m.main+fp/hard\libg_nano.a(libc_a-lock.o)
                0x200004e4                __lock___malloc_recursive_mutex
 *(COMMON)
                0x200004e8                        . = ALIGN (0x4)
 *fill*         0x200004e5        0x3 
                0x200004e8                        __bss_end__ = .

.heap           0x200004e8     0x1000
                0x200004e8                        . = ALIGN (0x8)
                0x200004e8                        __HeapBase = .
 *(.heap)
 .heap          0x200004e8     0x1000 ./ra/fsp/src/bsp/cmsis/Device/RENESAS/Source/startup.o
                0x200014e8                        __HeapLimit = .

.stack_dummy    0x200014e8      0x400
                0x200014e8                        . = ALIGN (0x8)
                0x200014e8                        __StackLimit = .
 *(.stack)
 .stack         0x200014e8      0x400 ./ra/fsp/src/bsp/cmsis/Device/RENESAS/Source/startup.o
                0x200018e8                        __StackTop = .
 *(.stack*)
                0x200018e8                        __StackTopAll = .
                0x200018e8                        PROVIDE (__stack = __StackTopAll)
                0x200018e8                        __RAM_segment_used_end__ = ALIGN (__StackTopAll, 0x4)
                0x20001c00                        __tz_RAM_C = DEFINED (RAM_NSC_START)?ABSOLUTE ((RAM_NSC_START - RAM_NS_BUFFER_BLOCK_LENGTH)):__RESERVE_NS_RAM?ABSOLUTE (RAM_NS_BUFFER_BLOCK_START):ALIGN (__RAM_segment_used_end__, 0x400)
                0x20002000                        __tz_RAM_N = DEFINED (RAM_NS_START)?ABSOLUTE ((RAM_NS_START - RAM_NS_BUFFER_BLOCK_LENGTH)):__RESERVE_NS_RAM?ABSOLUTE (RAM_NS_BUFFER_BLOCK_START):ALIGN (__tz_RAM_C, 0x2000)

.ns_buffer      0x200018e8        0x0
                0x200018e8                        . = __RESERVE_NS_RAM?ABSOLUTE ((RAM_NS_BUFFER_START & 0xffffffe0)):.
 *(.ns_buffer*)

.data_flash     0x08000000        0x0
                0x08000000                        . = ORIGIN (DATA_FLASH)
                0x08000000                        __tz_DATA_FLASH_S = .
                0x08000000                        __Data_Flash_Start = .
 *(.data_flash*)
                0x08000000                        __Data_Flash_End = .
                0x08000000                        __tz_DATA_FLASH_N = DEFINED (DATA_FLASH_NS_START)?ABSOLUTE (DATA_FLASH_NS_START):__RESERVE_NS_RAM?ABSOLUTE ((DATA_FLASH_START + DATA_FLASH_LENGTH)):ALIGN (0x400)
                0x80010000                        __tz_SDRAM_S = ORIGIN (SDRAM)

.sdram          0x80010000        0x0
                0x80010000                        __SDRAM_Start = .
 *(.sdram*)
 *(.frame*)
                0x80010000                        __SDRAM_End = .
                0x80010000                        __tz_SDRAM_N = __SDRAM_End
                0x00000000                        __tz_ID_CODE_S = ORIGIN (ID_CODE)
                0x00000000                        __tz_ID_CODE_N = __tz_ID_CODE_S

.id_code        0x00000000        0x0
                0x00000000                        __ID_Code_Start = .
 *(.id_code*)
                0x00000000                        __ID_Code_End = .
                0x0100a100                        __tz_OPTION_SETTING_S = ORIGIN (OPTION_SETTING_OFS)

.option_setting_ofs
                0x0100a100       0x14
                0x0100a100                        __OPTION_SETTING_OFS_Start = .
 *(.option_setting_ofs0)
 .option_setting_ofs0
                0x0100a100        0x4 ./ra/fsp/src/bsp/mcu/all/bsp_rom_registers.o
                0x0100a104                        . = PROJECT_SECURE_OR_FLAT?(__OPTION_SETTING_OFS_Start + 0x4):__OPTION_SETTING_OFS_Start
 *(.option_setting_ofs2)
                0x0100a110                        . = PROJECT_SECURE_OR_FLAT?(__OPTION_SETTING_OFS_Start + 0x10):__OPTION_SETTING_OFS_Start
 *fill*         0x0100a104        0xc ff
 *(.option_setting_dualsel)
 .option_setting_dualsel
                0x0100a110        0x4 ./ra/fsp/src/bsp/mcu/all/bsp_rom_registers.o
                0x0100a114                        __OPTION_SETTING_OFS_End = .

.option_setting_sas
                0x0100a134        0x4
                0x0100a134                        __OPTION_SETTING_SAS_Start = .
 *(.option_setting_sas)
 .option_setting_sas
                0x0100a134        0x4 ./ra/fsp/src/bsp/mcu/all/bsp_rom_registers.o
                0x0100a138                        __OPTION_SETTING_SAS_End = .
                0x0100a180                        __tz_OPTION_SETTING_N = ABSOLUTE (OPTION_SETTING_START_NS)

.option_setting_ns
                0x0100a100        0x0
                0x0100a100                        __OPTION_SETTING_NS_Start = .
 *(.option_setting_ofs1)
                0x0100a100                        . = USE_OPTION_SETTING_NS?(__OPTION_SETTING_NS_Start + 0x4):__OPTION_SETTING_NS_Start
 *(.option_setting_ofs3)
                0x0100a100                        . = USE_OPTION_SETTING_NS?(__OPTION_SETTING_NS_Start + 0x10):__OPTION_SETTING_NS_Start
 *(.option_setting_banksel)
                0x0100a100                        . = USE_OPTION_SETTING_NS?(__OPTION_SETTING_NS_Start + 0x40):__OPTION_SETTING_NS_Start
 *(.option_setting_bps0)
                0x0100a100                        . = USE_OPTION_SETTING_NS?(__OPTION_SETTING_NS_Start + 0x44):__OPTION_SETTING_NS_Start
 *(.option_setting_bps1)
                0x0100a100                        . = USE_OPTION_SETTING_NS?(__OPTION_SETTING_NS_Start + 0x48):__OPTION_SETTING_NS_Start
 *(.option_setting_bps2)
                0x0100a100                        . = USE_OPTION_SETTING_NS?(__OPTION_SETTING_NS_Start + 0x4c):__OPTION_SETTING_NS_Start
 *(.option_setting_bps3)
                0x0100a100                        . = USE_OPTION_SETTING_NS?(__OPTION_SETTING_NS_Start + 0x60):__OPTION_SETTING_NS_Start
 *(.option_setting_pbps0)
                0x0100a100                        . = USE_OPTION_SETTING_NS?(__OPTION_SETTING_NS_Start + 0x64):__OPTION_SETTING_NS_Start
 *(.option_setting_pbps1)
                0x0100a100                        . = USE_OPTION_SETTING_NS?(__OPTION_SETTING_NS_Start + 0x68):__OPTION_SETTING_NS_Start
 *(.option_setting_pbps2)
                0x0100a100                        . = USE_OPTION_SETTING_NS?(__OPTION_SETTING_NS_Start + 0x6c):__OPTION_SETTING_NS_Start
 *(.option_setting_pbps3)
                0x0100a100                        __OPTION_SETTING_NS_End = .
                0x0100a200                        __tz_OPTION_SETTING_S_S = ORIGIN (OPTION_SETTING_S)

.option_setting_s
                0x0100a200       0xd0
                0x0100a200                        __OPTION_SETTING_S_Start = .
 *(.option_setting_ofs1_sec)
 .option_setting_ofs1_sec
                0x0100a200        0x4 ./ra/fsp/src/bsp/mcu/all/bsp_rom_registers.o
                0x0100a204                        . = PROJECT_SECURE_OR_FLAT?(__OPTION_SETTING_S_Start + 0x4):__OPTION_SETTING_S_Start
 *(.option_setting_ofs3_sec)
                0x0100a210                        . = PROJECT_SECURE_OR_FLAT?(__OPTION_SETTING_S_Start + 0x10):__OPTION_SETTING_S_Start
 *fill*         0x0100a204        0xc ff
 *(.option_setting_banksel_sec)
 .option_setting_banksel_sec
                0x0100a210        0x4 ./ra/fsp/src/bsp/mcu/all/bsp_rom_registers.o
                0x0100a240                        . = PROJECT_SECURE_OR_FLAT?(__OPTION_SETTING_S_Start + 0x40):__OPTION_SETTING_S_Start
 *fill*         0x0100a214       0x2c ff
 *(.option_setting_bps_sec0)
 .option_setting_bps_sec0
                0x0100a240        0x4 ./ra/fsp/src/bsp/mcu/all/bsp_rom_registers.o
                0x0100a244                        . = PROJECT_SECURE_OR_FLAT?(__OPTION_SETTING_S_Start + 0x44):__OPTION_SETTING_S_Start
 *(.option_setting_bps_sec1)
 .option_setting_bps_sec1
                0x0100a244        0x4 ./ra/fsp/src/bsp/mcu/all/bsp_rom_registers.o
                0x0100a248                        . = PROJECT_SECURE_OR_FLAT?(__OPTION_SETTING_S_Start + 0x48):__OPTION_SETTING_S_Start
 *(.option_setting_bps_sec2)
 .option_setting_bps_sec2
                0x0100a248        0x4 ./ra/fsp/src/bsp/mcu/all/bsp_rom_registers.o
                0x0100a24c                        . = PROJECT_SECURE_OR_FLAT?(__OPTION_SETTING_S_Start + 0x4c):__OPTION_SETTING_S_Start
 *(.option_setting_bps_sec3)
 .option_setting_bps_sec3
                0x0100a24c        0x4 ./ra/fsp/src/bsp/mcu/all/bsp_rom_registers.o
                0x0100a260                        . = PROJECT_SECURE_OR_FLAT?(__OPTION_SETTING_S_Start + 0x60):__OPTION_SETTING_S_Start
 *fill*         0x0100a250       0x10 ff
 *(.option_setting_pbps_sec0)
 .option_setting_pbps_sec0
                0x0100a260        0x4 ./ra/fsp/src/bsp/mcu/all/bsp_rom_registers.o
                0x0100a264                        . = PROJECT_SECURE_OR_FLAT?(__OPTION_SETTING_S_Start + 0x64):__OPTION_SETTING_S_Start
 *(.option_setting_pbps_sec1)
 .option_setting_pbps_sec1
                0x0100a264        0x4 ./ra/fsp/src/bsp/mcu/all/bsp_rom_registers.o
                0x0100a268                        . = PROJECT_SECURE_OR_FLAT?(__OPTION_SETTING_S_Start + 0x68):__OPTION_SETTING_S_Start
 *(.option_setting_pbps_sec2)
 .option_setting_pbps_sec2
                0x0100a268        0x4 ./ra/fsp/src/bsp/mcu/all/bsp_rom_registers.o
                0x0100a26c                        . = PROJECT_SECURE_OR_FLAT?(__OPTION_SETTING_S_Start + 0x6c):__OPTION_SETTING_S_Start
 *(.option_setting_pbps_sec3)
 .option_setting_pbps_sec3
                0x0100a26c        0x4 ./ra/fsp/src/bsp/mcu/all/bsp_rom_registers.o
                0x0100a280                        . = PROJECT_SECURE_OR_FLAT?(__OPTION_SETTING_S_Start + 0x80):__OPTION_SETTING_S_Start
 *fill*         0x0100a270       0x10 ff
 *(.option_setting_ofs1_sel)
 .option_setting_ofs1_sel
                0x0100a280        0x4 ./ra/fsp/src/bsp/mcu/all/bsp_rom_registers.o
                0x0100a284                        . = PROJECT_SECURE_OR_FLAT?(__OPTION_SETTING_S_Start + 0x84):__OPTION_SETTING_S_Start
 *(.option_setting_ofs3_sel)
                0x0100a290                        . = PROJECT_SECURE_OR_FLAT?(__OPTION_SETTING_S_Start + 0x90):__OPTION_SETTING_S_Start
 *fill*         0x0100a284        0xc ff
 *(.option_setting_banksel_sel)
 .option_setting_banksel_sel
                0x0100a290        0x4 ./ra/fsp/src/bsp/mcu/all/bsp_rom_registers.o
                0x0100a2c0                        . = PROJECT_SECURE_OR_FLAT?(__OPTION_SETTING_S_Start + 0xc0):__OPTION_SETTING_S_Start
 *fill*         0x0100a294       0x2c ff
 *(.option_setting_bps_sel0)
 .option_setting_bps_sel0
                0x0100a2c0        0x4 ./ra/fsp/src/bsp/mcu/all/bsp_rom_registers.o
                0x0100a2c4                        . = PROJECT_SECURE_OR_FLAT?(__OPTION_SETTING_S_Start + 0xc4):__OPTION_SETTING_S_Start
 *(.option_setting_bps_sel1)
 .option_setting_bps_sel1
                0x0100a2c4        0x4 ./ra/fsp/src/bsp/mcu/all/bsp_rom_registers.o
                0x0100a2c8                        . = PROJECT_SECURE_OR_FLAT?(__OPTION_SETTING_S_Start + 0xc8):__OPTION_SETTING_S_Start
 *(.option_setting_bps_sel2)
 .option_setting_bps_sel2
                0x0100a2c8        0x4 ./ra/fsp/src/bsp/mcu/all/bsp_rom_registers.o
                0x0100a2cc                        . = PROJECT_SECURE_OR_FLAT?(__OPTION_SETTING_S_Start + 0xcc):__OPTION_SETTING_S_Start
 *(.option_setting_bps_sel3)
 .option_setting_bps_sel3
                0x0100a2cc        0x4 ./ra/fsp/src/bsp/mcu/all/bsp_rom_registers.o
                0x0100a2d0                        __OPTION_SETTING_S_End = .
                0x0100a2d0                        __tz_OPTION_SETTING_S_N = __OPTION_SETTING_S_End
OUTPUT(Renesas_Cup.elf elf32-littlearm)
LOAD linker stubs

.rel.dyn        0x0100a2d0        0x0
 .rel.iplt      0x0100a2d0        0x0 E:/Renesas/RAv5.9.0/RA/toolchains/gcc_arm/13.2.rel1/bin/../lib/gcc/arm-none-eabi/13.2.1/thumb/v8-m.main+fp/hard/crtbegin.o

.ARM.attributes
                0x00000000       0x36
 .ARM.attributes
                0x00000000       0x26 E:/Renesas/RAv5.9.0/RA/toolchains/gcc_arm/13.2.rel1/bin/../lib/gcc/arm-none-eabi/13.2.1/thumb/v8-m.main+fp/hard/crti.o
 .ARM.attributes
                0x00000026       0x38 E:/Renesas/RAv5.9.0/RA/toolchains/gcc_arm/13.2.rel1/bin/../lib/gcc/arm-none-eabi/13.2.1/thumb/v8-m.main+fp/hard/crtbegin.o
 .ARM.attributes
                0x0000005e       0x3a ./src/libs/delay/delay.o
 .ARM.attributes
                0x00000098       0x3a ./src/drivers/drv_gpio.o
 .ARM.attributes
                0x000000d2       0x3a ./src/drivers/drv_spi.o
 .ARM.attributes
                0x0000010c       0x3a ./src/drivers/drv_systick.o
 .ARM.attributes
                0x00000146       0x3a ./src/devices/ADXL345/dev_adxl345.o
 .ARM.attributes
                0x00000180       0x3a ./src/devices/dev_gpio.o
 .ARM.attributes
                0x000001ba       0x3a ./src/devices/dev_spi.o
 .ARM.attributes
                0x000001f4       0x3a ./src/devices/dev_timer.o
 .ARM.attributes
                0x0000022e       0x3a ./src/debug_uart/debug_uart.o
 .ARM.attributes
                0x00000268       0x3a ./src/applications/app_adxl345.o
 .ARM.attributes
                0x000002a2       0x3a ./src/hal_entry.o
 .ARM.attributes
                0x000002dc       0x3a ./ra_gen/common_data.o
 .ARM.attributes
                0x00000316       0x3a ./ra_gen/hal_data.o
 .ARM.attributes
                0x00000350       0x3a ./ra_gen/main.o
 .ARM.attributes
                0x0000038a       0x3a ./ra_gen/pin_data.o
 .ARM.attributes
                0x000003c4       0x3a ./ra_gen/vector_data.o
 .ARM.attributes
                0x000003fe       0x3a ./ra/fsp/src/r_spi/r_spi.o
 .ARM.attributes
                0x00000438       0x3a ./ra/fsp/src/r_sci_uart/r_sci_uart.o
 .ARM.attributes
                0x00000472       0x3a ./ra/fsp/src/r_ioport/r_ioport.o
 .ARM.attributes
                0x000004ac       0x3a ./ra/fsp/src/bsp/mcu/all/bsp_clocks.o
 .ARM.attributes
                0x000004e6       0x3a ./ra/fsp/src/bsp/mcu/all/bsp_common.o
 .ARM.attributes
                0x00000520       0x3a ./ra/fsp/src/bsp/mcu/all/bsp_delay.o
 .ARM.attributes
                0x0000055a       0x3a ./ra/fsp/src/bsp/mcu/all/bsp_group_irq.o
 .ARM.attributes
                0x00000594       0x3a ./ra/fsp/src/bsp/mcu/all/bsp_io.o
 .ARM.attributes
                0x000005ce       0x3a ./ra/fsp/src/bsp/mcu/all/bsp_irq.o
 .ARM.attributes
                0x00000608       0x3a ./ra/fsp/src/bsp/mcu/all/bsp_register_protection.o
 .ARM.attributes
                0x00000642       0x3a ./ra/fsp/src/bsp/mcu/all/bsp_rom_registers.o
 .ARM.attributes
                0x0000067c       0x3a ./ra/fsp/src/bsp/mcu/all/bsp_sbrk.o
 .ARM.attributes
                0x000006b6       0x3a ./ra/fsp/src/bsp/cmsis/Device/RENESAS/Source/startup.o
 .ARM.attributes
                0x000006f0       0x3a ./ra/fsp/src/bsp/cmsis/Device/RENESAS/Source/system.o
 .ARM.attributes
                0x0000072a       0x26 E:/Renesas/RAv5.9.0/RA/toolchains/gcc_arm/13.2.rel1/bin/../lib/gcc/arm-none-eabi/13.2.1/thumb/v8-m.main+fp/hard\libgcc.a(_arm_addsubdf3.o)
 .ARM.attributes
                0x00000750       0x26 E:/Renesas/RAv5.9.0/RA/toolchains/gcc_arm/13.2.rel1/bin/../lib/gcc/arm-none-eabi/13.2.1/thumb/v8-m.main+fp/hard\libgcc.a(_arm_truncdfsf2.o)
 .ARM.attributes
                0x00000776       0x38 E:/Renesas/RAv5.9.0/RA/toolchains/gcc_arm/13.2.rel1/bin/../lib/gcc/arm-none-eabi/13.2.1/thumb/v8-m.main+fp/hard\libg_nano.a(libc_a-malloc.o)
 .ARM.attributes
                0x000007ae       0x38 E:/Renesas/RAv5.9.0/RA/toolchains/gcc_arm/13.2.rel1/bin/../lib/gcc/arm-none-eabi/13.2.1/thumb/v8-m.main+fp/hard\libg_nano.a(libc_a-mallocr.o)
 .ARM.attributes
                0x000007e6       0x38 E:/Renesas/RAv5.9.0/RA/toolchains/gcc_arm/13.2.rel1/bin/../lib/gcc/arm-none-eabi/13.2.1/thumb/v8-m.main+fp/hard\libg_nano.a(libc_a-mlock.o)
 .ARM.attributes
                0x0000081e       0x38 E:/Renesas/RAv5.9.0/RA/toolchains/gcc_arm/13.2.rel1/bin/../lib/gcc/arm-none-eabi/13.2.1/thumb/v8-m.main+fp/hard\libg_nano.a(libc_a-nano-vfprintf_float.o)
 .ARM.attributes
                0x00000856       0x38 E:/Renesas/RAv5.9.0/RA/toolchains/gcc_arm/13.2.rel1/bin/../lib/gcc/arm-none-eabi/13.2.1/thumb/v8-m.main+fp/hard\libg_nano.a(libc_a-nano-vfprintf_i.o)
 .ARM.attributes
                0x0000088e       0x38 E:/Renesas/RAv5.9.0/RA/toolchains/gcc_arm/13.2.rel1/bin/../lib/gcc/arm-none-eabi/13.2.1/thumb/v8-m.main+fp/hard\libg_nano.a(libc_a-findfp.o)
 .ARM.attributes
                0x000008c6       0x38 E:/Renesas/RAv5.9.0/RA/toolchains/gcc_arm/13.2.rel1/bin/../lib/gcc/arm-none-eabi/13.2.1/thumb/v8-m.main+fp/hard\libg_nano.a(libc_a-vsprintf.o)
 .ARM.attributes
                0x000008fe       0x38 E:/Renesas/RAv5.9.0/RA/toolchains/gcc_arm/13.2.rel1/bin/../lib/gcc/arm-none-eabi/13.2.1/thumb/v8-m.main+fp/hard\libg_nano.a(libc_a-memset.o)
 .ARM.attributes
                0x00000936       0x38 E:/Renesas/RAv5.9.0/RA/toolchains/gcc_arm/13.2.rel1/bin/../lib/gcc/arm-none-eabi/13.2.1/thumb/v8-m.main+fp/hard\libg_nano.a(libc_a-strstr.o)
 .ARM.attributes
                0x0000096e       0x38 E:/Renesas/RAv5.9.0/RA/toolchains/gcc_arm/13.2.rel1/bin/../lib/gcc/arm-none-eabi/13.2.1/thumb/v8-m.main+fp/hard\libg_nano.a(libc_a-localeconv.o)
 .ARM.attributes
                0x000009a6       0x38 E:/Renesas/RAv5.9.0/RA/toolchains/gcc_arm/13.2.rel1/bin/../lib/gcc/arm-none-eabi/13.2.1/thumb/v8-m.main+fp/hard\libg_nano.a(libc_a-reent.o)
 .ARM.attributes
                0x000009de       0x38 E:/Renesas/RAv5.9.0/RA/toolchains/gcc_arm/13.2.rel1/bin/../lib/gcc/arm-none-eabi/13.2.1/thumb/v8-m.main+fp/hard\libg_nano.a(libc_a-impure.o)
 .ARM.attributes
                0x00000a16       0x38 E:/Renesas/RAv5.9.0/RA/toolchains/gcc_arm/13.2.rel1/bin/../lib/gcc/arm-none-eabi/13.2.1/thumb/v8-m.main+fp/hard\libg_nano.a(libc_a-sbrkr.o)
 .ARM.attributes
                0x00000a4e       0x38 E:/Renesas/RAv5.9.0/RA/toolchains/gcc_arm/13.2.rel1/bin/../lib/gcc/arm-none-eabi/13.2.1/thumb/v8-m.main+fp/hard\libg_nano.a(libc_a-lock.o)
 .ARM.attributes
                0x00000a86       0x38 E:/Renesas/RAv5.9.0/RA/toolchains/gcc_arm/13.2.rel1/bin/../lib/gcc/arm-none-eabi/13.2.1/thumb/v8-m.main+fp/hard\libg_nano.a(libc_a-memchr-stub.o)
 .ARM.attributes
                0x00000abe       0x38 E:/Renesas/RAv5.9.0/RA/toolchains/gcc_arm/13.2.rel1/bin/../lib/gcc/arm-none-eabi/13.2.1/thumb/v8-m.main+fp/hard\libg_nano.a(libc_a-memcpy-stub.o)
 .ARM.attributes
                0x00000af6       0x24 E:/Renesas/RAv5.9.0/RA/toolchains/gcc_arm/13.2.rel1/bin/../lib/gcc/arm-none-eabi/13.2.1/thumb/v8-m.main+fp/hard\libg_nano.a(libc_a-strlen.o)
 .ARM.attributes
                0x00000b1a       0x38 E:/Renesas/RAv5.9.0/RA/toolchains/gcc_arm/13.2.rel1/bin/../lib/gcc/arm-none-eabi/13.2.1/thumb/v8-m.main+fp/hard\libg_nano.a(libc_a-dtoa.o)
 .ARM.attributes
                0x00000b52       0x38 E:/Renesas/RAv5.9.0/RA/toolchains/gcc_arm/13.2.rel1/bin/../lib/gcc/arm-none-eabi/13.2.1/thumb/v8-m.main+fp/hard\libg_nano.a(libc_a-freer.o)
 .ARM.attributes
                0x00000b8a       0x38 E:/Renesas/RAv5.9.0/RA/toolchains/gcc_arm/13.2.rel1/bin/../lib/gcc/arm-none-eabi/13.2.1/thumb/v8-m.main+fp/hard\libg_nano.a(libc_a-mprec.o)
 .ARM.attributes
                0x00000bc2       0x38 E:/Renesas/RAv5.9.0/RA/toolchains/gcc_arm/13.2.rel1/bin/../lib/gcc/arm-none-eabi/13.2.1/thumb/v8-m.main+fp/hard\libg_nano.a(libc_a-nano-svfprintf.o)
 .ARM.attributes
                0x00000bfa       0x38 E:/Renesas/RAv5.9.0/RA/toolchains/gcc_arm/13.2.rel1/bin/../lib/gcc/arm-none-eabi/13.2.1/thumb/v8-m.main+fp/hard\libg_nano.a(libc_a-memmove.o)
 .ARM.attributes
                0x00000c32       0x38 E:/Renesas/RAv5.9.0/RA/toolchains/gcc_arm/13.2.rel1/bin/../lib/gcc/arm-none-eabi/13.2.1/thumb/v8-m.main+fp/hard\libg_nano.a(libc_a-locale.o)
 .ARM.attributes
                0x00000c6a       0x38 E:/Renesas/RAv5.9.0/RA/toolchains/gcc_arm/13.2.rel1/bin/../lib/gcc/arm-none-eabi/13.2.1/thumb/v8-m.main+fp/hard\libg_nano.a(libc_a-callocr.o)
 .ARM.attributes
                0x00000ca2       0x38 E:/Renesas/RAv5.9.0/RA/toolchains/gcc_arm/13.2.rel1/bin/../lib/gcc/arm-none-eabi/13.2.1/thumb/v8-m.main+fp/hard\libg_nano.a(libc_a-mbtowc_r.o)
 .ARM.attributes
                0x00000cda       0x38 E:/Renesas/RAv5.9.0/RA/toolchains/gcc_arm/13.2.rel1/bin/../lib/gcc/arm-none-eabi/13.2.1/thumb/v8-m.main+fp/hard\libg_nano.a(libc_a-reallocr.o)
 .ARM.attributes
                0x00000d12       0x38 E:/Renesas/RAv5.9.0/RA/toolchains/gcc_arm/13.2.rel1/bin/../lib/gcc/arm-none-eabi/13.2.1/thumb/v8-m.main+fp/hard\libg_nano.a(libc_a-wctomb_r.o)
 .ARM.attributes
                0x00000d4a       0x38 E:/Renesas/RAv5.9.0/RA/toolchains/gcc_arm/13.2.rel1/bin/../lib/gcc/arm-none-eabi/13.2.1/thumb/v8-m.main+fp/hard\libg_nano.a(libc_a-ctype_.o)
 .ARM.attributes
                0x00000d82       0x38 E:/Renesas/RAv5.9.0/RA/toolchains/gcc_arm/13.2.rel1/bin/../lib/gcc/arm-none-eabi/13.2.1/thumb/v8-m.main+fp/hard\libg_nano.a(libc_a-msizer.o)
 .ARM.attributes
                0x00000dba       0x26 E:/Renesas/RAv5.9.0/RA/toolchains/gcc_arm/13.2.rel1/bin/../lib/gcc/arm-none-eabi/13.2.1/thumb/v8-m.main+fp/hard\libgcc.a(_arm_muldivdf3.o)
 .ARM.attributes
                0x00000de0       0x26 E:/Renesas/RAv5.9.0/RA/toolchains/gcc_arm/13.2.rel1/bin/../lib/gcc/arm-none-eabi/13.2.1/thumb/v8-m.main+fp/hard\libgcc.a(_arm_cmpdf2.o)
 .ARM.attributes
                0x00000e06       0x26 E:/Renesas/RAv5.9.0/RA/toolchains/gcc_arm/13.2.rel1/bin/../lib/gcc/arm-none-eabi/13.2.1/thumb/v8-m.main+fp/hard\libgcc.a(_arm_unorddf2.o)
 .ARM.attributes
                0x00000e2c       0x26 E:/Renesas/RAv5.9.0/RA/toolchains/gcc_arm/13.2.rel1/bin/../lib/gcc/arm-none-eabi/13.2.1/thumb/v8-m.main+fp/hard\libgcc.a(_arm_fixdfsi.o)
 .ARM.attributes
                0x00000e52       0x38 E:/Renesas/RAv5.9.0/RA/toolchains/gcc_arm/13.2.rel1/bin/../lib/gcc/arm-none-eabi/13.2.1/thumb/v8-m.main+fp/hard/crtend.o
 .ARM.attributes
                0x00000e8a       0x26 E:/Renesas/RAv5.9.0/RA/toolchains/gcc_arm/13.2.rel1/bin/../lib/gcc/arm-none-eabi/13.2.1/thumb/v8-m.main+fp/hard/crtn.o

.comment        0x00000000       0x44
 .comment       0x00000000       0x44 ./src/libs/delay/delay.o
                                 0x45 (size before relaxing)
 .comment       0x00000044       0x45 ./src/drivers/drv_gpio.o
 .comment       0x00000044       0x45 ./src/drivers/drv_spi.o
 .comment       0x00000044       0x45 ./src/drivers/drv_systick.o
 .comment       0x00000044       0x45 ./src/devices/ADXL345/dev_adxl345.o
 .comment       0x00000044       0x45 ./src/devices/dev_gpio.o
 .comment       0x00000044       0x45 ./src/devices/dev_spi.o
 .comment       0x00000044       0x45 ./src/devices/dev_timer.o
 .comment       0x00000044       0x45 ./src/debug_uart/debug_uart.o
 .comment       0x00000044       0x45 ./src/applications/app_adxl345.o
 .comment       0x00000044       0x45 ./src/hal_entry.o
 .comment       0x00000044       0x45 ./ra_gen/common_data.o
 .comment       0x00000044       0x45 ./ra_gen/hal_data.o